2026-08-06 09:50:29,349 [INFO] ============================================================
2026-08-06 09:50:29,350 [INFO]   311策略 自动交易 v2.0 (基准版)
2026-08-06 09:50:29,350 [INFO]   卖出: 止损-6% > 涨停 > 14:55收盘卖
2026-08-06 09:50:29,350 [INFO]   买入: 14:57 TPO3最优 @ 收盘价×1.01
2026-08-06 09:50:29,350 [INFO] ============================================================
2026-08-06 09:50:29,351 [INFO] D-3=20260805 D-2=20260806
2026-08-06 09:50:29,364 [INFO] TPO3买池: 13只
2026-08-06 09:50:29,364 [INFO]   东山精密(002384.SZ)
2026-08-06 09:50:29,364 [INFO]   沪电股份(002463.SZ)
2026-08-06 09:50:29,366 [INFO]   深南电路(002916.SZ)
2026-08-06 09:50:29,366 [INFO]   鹏鼎控股(002938.SZ)
2026-08-06 09:50:29,366 [INFO]   中瓷电子(003031.SZ)
2026-08-06 09:50:29,366 [INFO]   永鼎股份(600105.SH)
2026-08-06 09:50:29,366 [INFO]   生益科技(600183.SH)
2026-08-06 09:50:29,366 [INFO]   天通股份(600330.SH)
2026-08-06 09:50:29,367 [INFO]   昊华科技(600378.SH)
2026-08-06 09:50:29,367 [INFO]   四方股份(601126.SH)
2026-08-06 09:50:29,367 [INFO]   药明康德(603259.SH)
2026-08-06 09:50:29,367 [INFO]   三孚股份(603938.SH)
2026-08-06 09:50:29,367 [INFO]   圣泉集团(605589.SH)
2026-08-06 09:50:29,367 [INFO] 连接MiniQMT...
2026-08-06 09:50:29,553 [INFO] 账户: 总资产 ¥36,560  可用 ¥36,560
2026-08-06 09:50:29,553 [INFO] 无持仓，等待买入
2026-08-06 09:50:29,553 [INFO] 预计算ATR/MA5...
2026-08-06 09:50:29,557 [INFO]   东山精密(002384.SZ): ATR10=18.981 MA5=172.80 D3量=1.4M
2026-08-06 09:50:29,560 [INFO]   沪电股份(002463.SZ): ATR10=8.307 MA5=105.86 D3量=0.8M
2026-08-06 09:50:29,563 [INFO]   深南电路(002916.SZ): ATR10=26.066 MA5=315.31 D3量=0.1M
2026-08-06 09:50:29,566 [INFO]   鹏鼎控股(002938.SZ): ATR10=7.305 MA5=83.72 D3量=0.4M
2026-08-06 09:50:29,569 [INFO]   中瓷电子(003031.SZ): ATR10=8.109 MA5=97.18 D3量=0.1M
2026-08-06 09:50:29,572 [INFO]   永鼎股份(600105.SH): ATR10=3.054 MA5=33.40 D3量=2.6M
2026-08-06 09:50:29,574 [INFO]   生益科技(600183.SH): ATR10=10.322 MA5=108.55 D3量=0.9M
2026-08-06 09:50:29,577 [INFO]   天通股份(600330.SH): ATR10=1.543 MA5=17.45 D3量=1.5M
2026-08-06 09:50:29,579 [INFO]   昊华科技(600378.SH): ATR10=3.249 MA5=40.67 D3量=0.7M
2026-08-06 09:50:29,582 [INFO]   四方股份(601126.SH): ATR10=3.234 MA5=39.95 D3量=0.4M
2026-08-06 09:50:29,585 [INFO]   药明康德(603259.SH): ATR10=6.412 MA5=134.25 D3量=1.3M
2026-08-06 09:50:29,588 [INFO]   三孚股份(603938.SH): ATR10=3.013 MA5=36.43 D3量=0.2M
2026-08-06 09:50:29,590 [INFO]   圣泉集团(605589.SH): ATR10=2.739 MA5=35.06 D3量=0.5M
2026-08-06 09:50:31,592 [INFO] 
2026-08-06 09:50:31,592 [INFO] 开始盘中监控 (每2秒轮询)...
2026-08-06 09:50:31,593 [INFO]   卖出: 止损-6% > 涨停 > 14:55收盘卖
2026-08-06 09:50:31,593 [INFO]   评分: 14:56:30起连算10次, 最后一次为准
2026-08-06 09:50:31,593 [INFO]   买入: 14:57:03 挂单 @ 收盘价×1.01
2026-08-06 09:50:31,594 [INFO]   止损/尾盘卖: 卖一-0.01, 2tick未成→撤单重挂
2026-08-06 09:50:31,594 [INFO]   热开关: 改 C:\Lazy\MarcoAI\AICode\AITrading\auto_trade_config.json score_now=true 即可触发按需评分
2026-08-06 09:50:31,594 [INFO] 
2026-08-06 09:50:31,600 [INFO] 
🔔 [09:50:31] 检测到 score_now=true, 执行按需评分...
2026-08-06 09:50:31,611 [INFO]   ✅ 按需评分已输出 → C:\Lazy\MarcoAI\AICode\AITrading\tpo3_scores.txt
2026-08-06 09:50:31,614 [INFO]   score_now 已自动重置为 false
2026-08-06 10:34:31,993 [INFO] ============================================================
2026-08-06 10:34:31,993 [INFO]   311策略 自动交易 v2.0 (基准版)
2026-08-06 10:34:31,994 [INFO]   卖出: 止损-6% > 涨停 > 14:55收盘卖
2026-08-06 10:34:31,994 [INFO]   买入: 14:57 TPO3最优 @ 收盘价×1.01
2026-08-06 10:34:31,994 [INFO] ============================================================
2026-08-06 10:34:31,995 [INFO] D-3=20260805 D-2=20260806
2026-08-06 10:34:32,010 [INFO] TPO3买池: 13只
2026-08-06 10:34:32,011 [INFO]   东山精密(002384.SZ)
2026-08-06 10:34:32,011 [INFO]   沪电股份(002463.SZ)
2026-08-06 10:34:32,011 [INFO]   深南电路(002916.SZ)
2026-08-06 10:34:32,011 [INFO]   鹏鼎控股(002938.SZ)
2026-08-06 10:34:32,011 [INFO]   中瓷电子(003031.SZ)
2026-08-06 10:34:32,011 [INFO]   永鼎股份(600105.SH)
2026-08-06 10:34:32,011 [INFO]   生益科技(600183.SH)
2026-08-06 10:34:32,011 [INFO]   天通股份(600330.SH)
2026-08-06 10:34:32,011 [INFO]   昊华科技(600378.SH)
2026-08-06 10:34:32,011 [INFO]   四方股份(601126.SH)
2026-08-06 10:34:32,011 [INFO]   药明康德(603259.SH)
2026-08-06 10:34:32,011 [INFO]   三孚股份(603938.SH)
2026-08-06 10:34:32,012 [INFO]   圣泉集团(605589.SH)
2026-08-06 10:34:32,012 [INFO] 连接MiniQMT...
2026-08-06 10:34:32,188 [INFO] 账户: 总资产 ¥36,560  可用 ¥36,560
2026-08-06 10:34:32,189 [INFO] 无持仓，等待买入
2026-08-06 10:34:32,189 [INFO] 预计算ATR/MA5...
2026-08-06 10:34:32,192 [INFO]   东山精密(002384.SZ): ATR10=18.981 MA5=172.80 D3量=1.4M
2026-08-06 10:34:32,195 [INFO]   沪电股份(002463.SZ): ATR10=8.307 MA5=105.86 D3量=0.8M
2026-08-06 10:34:32,198 [INFO]   深南电路(002916.SZ): ATR10=26.066 MA5=315.31 D3量=0.1M
2026-08-06 10:34:32,201 [INFO]   鹏鼎控股(002938.SZ): ATR10=7.305 MA5=83.72 D3量=0.4M
2026-08-06 10:34:32,203 [INFO]   中瓷电子(003031.SZ): ATR10=8.109 MA5=97.18 D3量=0.1M
2026-08-06 10:34:32,206 [INFO]   永鼎股份(600105.SH): ATR10=3.054 MA5=33.40 D3量=2.6M
2026-08-06 10:34:32,208 [INFO]   生益科技(600183.SH): ATR10=10.322 MA5=108.55 D3量=0.9M
2026-08-06 10:34:32,211 [INFO]   天通股份(600330.SH): ATR10=1.543 MA5=17.45 D3量=1.5M
2026-08-06 10:34:32,214 [INFO]   昊华科技(600378.SH): ATR10=3.249 MA5=40.67 D3量=0.7M
2026-08-06 10:34:32,217 [INFO]   四方股份(601126.SH): ATR10=3.234 MA5=39.95 D3量=0.4M
2026-08-06 10:34:32,220 [INFO]   药明康德(603259.SH): ATR10=6.412 MA5=134.25 D3量=1.3M
2026-08-06 10:34:32,222 [INFO]   三孚股份(603938.SH): ATR10=3.013 MA5=36.43 D3量=0.2M
2026-08-06 10:34:32,226 [INFO]   圣泉集团(605589.SH): ATR10=2.739 MA5=35.06 D3量=0.5M
2026-08-06 10:34:32,226 [INFO] Walk-Forward 训练...
2026-08-06 10:34:43,320 [INFO] Walk-Forward 训练完成: 668个样本, W=[ 0.965  0.214  0.457 -0.431  0.373  0.217]
2026-08-06 10:34:43,321 [INFO]   W: [ 0.965  0.214  0.457 -0.431  0.373  0.217]
2026-08-06 10:34:45,322 [INFO] 
2026-08-06 10:34:45,322 [INFO] 开始盘中监控 (每2秒轮询)...
2026-08-06 10:34:45,322 [INFO]   卖出: 止损-6% > 涨停 > 14:55收盘卖
2026-08-06 10:34:45,322 [INFO]   评分: 14:56:30起连算10次, 最后一次为准
2026-08-06 10:34:45,323 [INFO]   买入: 14:57:03 挂单 @ 收盘价×1.01
2026-08-06 10:34:45,323 [INFO]   止损/尾盘卖: 卖一-0.01, 2tick未成→撤单重挂
2026-08-06 10:34:45,323 [INFO]   热开关: 改 C:\Lazy\MarcoAI\AICode\AITrading\auto_trade_config.json score_now=true 即可触发按需评分
2026-08-06 10:34:45,324 [INFO] 
2026-08-06 10:35:21,060 [INFO] 
🔔 [10:35:21] 检测到 score_now=true, 执行按需评分...
2026-08-06 10:35:21,062 [INFO]   ✅ 按需评分已输出 → C:\Lazy\MarcoAI\AICode\AITrading\tpo3_scores.txt
2026-08-06 10:35:21,063 [INFO]   score_now 已自动重置为 false
2026-08-06 10:36:57,740 [INFO] 
🔔 [10:36:57] 检测到 score_now=true, 执行按需评分...
2026-08-06 10:36:59,360 [INFO] 
🔔 [10:36:59] 检测到 score_now=true, 执行按需评分...
2026-08-06 10:36:59,362 [INFO]   ✅ 按需评分已输出 → C:\Lazy\MarcoAI\AICode\AITrading\tpo3_scores.txt
2026-08-06 10:36:59,363 [INFO]   score_now 已自动重置为 false
2026-08-06 10:36:59,726 [INFO] Walk-Forward 训练完成: 668个样本, W=[ 0.965  0.214  0.457 -0.431  0.373  0.217]
2026-08-06 10:36:59,731 [INFO]   ✅ 按需评分已输出 → C:\Lazy\MarcoAI\AICode\AITrading\tpo3_scores.txt
2026-08-06 10:36:59,738 [INFO]   score_now 已自动重置为 false
2026-08-06 10:40:08,046 [INFO] 
🔔 [10:40:08] 检测到 score_now=true, 执行按需评分...
2026-08-06 10:40:08,049 [INFO]   ✅ 按需评分已输出 → C:\Lazy\MarcoAI\AICode\AITrading\tpo3_scores.txt
2026-08-06 10:40:08,052 [INFO]   score_now 已自动重置为 false
2026-08-06 11:33:05,494 [INFO] 
🔔 [11:33:05] 检测到 score_now=true, 执行按需评分...
2026-08-06 11:33:05,496 [INFO] 
🔔 [11:33:05] 检测到 score_now=true, 执行按需评分...
2026-08-06 11:33:05,498 [INFO]   ✅ 按需评分已输出 → C:\Lazy\MarcoAI\AICode\AITrading\tpo3_scores.txt
2026-08-06 11:33:05,500 [INFO]   score_now 已自动重置为 false
2026-08-06 11:33:07,313 [INFO] Walk-Forward 训练完成: 668个样本, W=[ 0.965  0.214  0.457 -0.431  0.373  0.217]
2026-08-06 11:33:07,315 [INFO]   ✅ 按需评分已输出 → C:\Lazy\MarcoAI\AICode\AITrading\tpo3_scores.txt
2026-08-06 11:33:07,317 [INFO]   score_now 已自动重置为 false
2026-08-06 14:00:00,970 [INFO] 
--- [14:00:00] ---
2026-08-06 14:00:00,971 [INFO] 
--- [14:00:00] ---
2026-08-06 14:01:01,182 [INFO] 
--- [14:01:01] ---
2026-08-06 14:01:01,182 [INFO] 
--- [14:01:01] ---
2026-08-06 14:02:01,397 [INFO] 
--- [14:02:01] ---
2026-08-06 14:02:01,397 [INFO] 
--- [14:02:01] ---
2026-08-06 14:03:01,618 [INFO] 
--- [14:03:01] ---
2026-08-06 14:03:01,619 [INFO] 
--- [14:03:01] ---
2026-08-06 14:04:01,833 [INFO] 
--- [14:04:01] ---
2026-08-06 14:04:01,833 [INFO] 
--- [14:04:01] ---
2026-08-06 14:04:23,911 [INFO] 
🔔 [14:04:23] 检测到 score_now=true, 执行按需评分...
2026-08-06 14:04:23,913 [INFO] 
🔔 [14:04:23] 检测到 score_now=true, 执行按需评分...
2026-08-06 14:04:23,916 [INFO]   ✅ 按需评分已输出 → C:\Lazy\MarcoAI\AICode\AITrading\tpo3_scores.txt
2026-08-06 14:04:23,917 [INFO]   score_now 已自动重置为 false
2026-08-06 14:04:25,862 [INFO] Walk-Forward 训练完成: 668个样本, W=[ 0.965  0.214  0.457 -0.431  0.373  0.217]
2026-08-06 14:04:25,863 [INFO]   ✅ 按需评分已输出 → C:\Lazy\MarcoAI\AICode\AITrading\tpo3_scores.txt
2026-08-06 14:04:25,866 [INFO]   score_now 已自动重置为 false
2026-08-06 14:05:00,035 [INFO] 
--- [14:05:00] ---
2026-08-06 14:05:01,988 [INFO] 
--- [14:05:01] ---
2026-08-06 14:06:00,205 [INFO] 
--- [14:06:00] ---
2026-08-06 14:06:00,266 [INFO] 
--- [14:06:00] ---
2026-08-06 14:07:00,422 [INFO] 
--- [14:07:00] ---
2026-08-06 14:07:00,494 [INFO] 
--- [14:07:00] ---
2026-08-06 14:08:00,618 [INFO] 
--- [14:08:00] ---
2026-08-06 14:08:00,713 [INFO] 
--- [14:08:00] ---
2026-08-06 14:09:00,839 [INFO] 
--- [14:09:00] ---
2026-08-06 14:09:00,922 [INFO] 
--- [14:09:00] ---
2026-08-06 14:10:01,051 [INFO] 
--- [14:10:01] ---
2026-08-06 14:10:01,139 [INFO] 
--- [14:10:01] ---
2026-08-06 14:11:01,263 [INFO] 
--- [14:11:01] ---
2026-08-06 14:11:01,361 [INFO] 
--- [14:11:01] ---
2026-08-06 14:12:01,473 [INFO] 
--- [14:12:01] ---
2026-08-06 14:12:01,561 [INFO] 
--- [14:12:01] ---
2026-08-06 14:13:01,677 [INFO] 
--- [14:13:01] ---
2026-08-06 14:13:01,769 [INFO] 
--- [14:13:01] ---
2026-08-06 14:14:01,896 [INFO] 
--- [14:14:01] ---
2026-08-06 14:14:01,990 [INFO] 
--- [14:14:01] ---
2026-08-06 14:15:00,094 [INFO] 
--- [14:15:00] ---
2026-08-06 14:15:00,192 [INFO] 
--- [14:15:00] ---
2026-08-06 14:16:00,299 [INFO] 
--- [14:16:00] ---
2026-08-06 14:16:00,412 [INFO] 
--- [14:16:00] ---
2026-08-06 14:17:00,497 [INFO] 
--- [14:17:00] ---
2026-08-06 14:17:00,619 [INFO] 
--- [14:17:00] ---
2026-08-06 14:18:00,719 [INFO] 
--- [14:18:00] ---
2026-08-06 14:18:00,826 [INFO] 
--- [14:18:00] ---
2026-08-06 14:19:00,931 [INFO] 
--- [14:19:00] ---
2026-08-06 14:19:01,044 [INFO] 
--- [14:19:01] ---
2026-08-06 14:20:01,143 [INFO] 
--- [14:20:01] ---
2026-08-06 14:20:01,268 [INFO] 
--- [14:20:01] ---
2026-08-06 14:21:01,335 [INFO] 
--- [14:21:01] ---
2026-08-06 14:21:01,480 [INFO] 
--- [14:21:01] ---
2026-08-06 14:22:01,547 [INFO] 
--- [14:22:01] ---
2026-08-06 14:22:01,698 [INFO] 
--- [14:22:01] ---
2026-08-06 14:23:01,763 [INFO] 
--- [14:23:01] ---
2026-08-06 14:23:01,922 [INFO] 
--- [14:23:01] ---
2026-08-06 14:24:00,128 [INFO] 
--- [14:24:00] ---
2026-08-06 14:24:01,980 [INFO] 
--- [14:24:01] ---
2026-08-06 14:25:00,174 [INFO] 
--- [14:25:00] ---
2026-08-06 14:25:00,332 [INFO] 
--- [14:25:00] ---
2026-08-06 14:26:00,394 [INFO] 
--- [14:26:00] ---
2026-08-06 14:26:00,539 [INFO] 
--- [14:26:00] ---
2026-08-06 14:27:00,595 [INFO] 
--- [14:27:00] ---
2026-08-06 14:27:00,744 [INFO] 
--- [14:27:00] ---
2026-08-06 14:28:00,810 [INFO] 
--- [14:28:00] ---
2026-08-06 14:28:00,960 [INFO] 
--- [14:28:00] ---
2026-08-06 14:29:01,006 [INFO] 
--- [14:29:01] ---
2026-08-06 14:29:01,162 [INFO] 
--- [14:29:01] ---
2026-08-06 14:30:01,220 [INFO] 
--- [14:30:01] ---
2026-08-06 14:30:01,221 [INFO]   TPO3 1. 生益科技(600183.SH) 126.93 涨+3.4%  评分+2.051
2026-08-06 14:30:01,221 [INFO]   TPO3 2. 四方股份(601126.SH) 44.50 涨-0.2%  评分+1.934
2026-08-06 14:30:01,221 [INFO]   TPO3 3. 圣泉集团(605589.SH) 39.27 涨+0.9%  评分+1.900
2026-08-06 14:30:01,388 [INFO] 
--- [14:30:01] ---
2026-08-06 14:30:01,389 [INFO]   TPO3 1. 生益科技(600183.SH) 126.93 涨+3.4%  评分+1.755
2026-08-06 14:30:01,390 [INFO]   TPO3 2. 四方股份(601126.SH) 44.50 涨-0.2%  评分+1.747
2026-08-06 14:30:01,391 [INFO]   TPO3 3. 圣泉集团(605589.SH) 39.27 涨+0.9%  评分+1.702
2026-08-06 14:31:01,442 [INFO] 
--- [14:31:01] ---
2026-08-06 14:31:01,442 [INFO]   TPO3 1. 生益科技(600183.SH) 127.28 涨+3.7%  评分+2.007
2026-08-06 14:31:01,443 [INFO]   TPO3 2. 四方股份(601126.SH) 44.57 涨-0.0%  评分+1.909
2026-08-06 14:31:01,443 [INFO]   TPO3 3. 圣泉集团(605589.SH) 39.37 涨+1.2%  评分+1.859
2026-08-06 14:31:01,617 [INFO] 
--- [14:31:01] ---
2026-08-06 14:31:01,617 [INFO]   TPO3 1. 四方股份(601126.SH) 44.57 涨-0.0%  评分+1.733
2026-08-06 14:31:01,617 [INFO]   TPO3 2. 生益科技(600183.SH) 127.28 涨+3.7%  评分+1.731
2026-08-06 14:31:01,617 [INFO]   TPO3 3. 圣泉集团(605589.SH) 39.37 涨+1.2%  评分+1.680
2026-08-06 14:32:01,664 [INFO] 
--- [14:32:01] ---
2026-08-06 14:32:01,665 [INFO]   TPO3 1. 生益科技(600183.SH) 126.80 涨+3.3%  评分+2.068
2026-08-06 14:32:01,665 [INFO]   TPO3 2. 四方股份(601126.SH) 44.48 涨-0.2%  评分+1.941
2026-08-06 14:32:01,665 [INFO]   TPO3 3. 圣泉集团(605589.SH) 39.35 涨+1.1%  评分+1.867
2026-08-06 14:32:01,837 [INFO] 
--- [14:32:01] ---
2026-08-06 14:32:01,839 [INFO]   TPO3 1. 生益科技(600183.SH) 126.78 涨+3.2%  评分+1.765
2026-08-06 14:32:01,841 [INFO]   TPO3 2. 四方股份(601126.SH) 44.47 涨-0.2%  评分+1.753
2026-08-06 14:32:01,841 [INFO]   TPO3 3. 深南电路(002916.SZ) 351.12 涨+0.6%  评分+1.704
2026-08-06 14:33:00,041 [INFO] 
--- [14:33:00] ---
2026-08-06 14:33:00,042 [INFO]   TPO3 1. 四方股份(601126.SH) 44.47 涨-0.2%  评分+1.753
2026-08-06 14:33:00,042 [INFO]   TPO3 2. 生益科技(600183.SH) 127.07 涨+3.5%  评分+1.745
2026-08-06 14:33:00,042 [INFO]   TPO3 3. 深南电路(002916.SZ) 351.96 涨+0.8%  评分+1.683
2026-08-06 14:33:01,875 [INFO] 
--- [14:33:01] ---
2026-08-06 14:33:01,877 [INFO]   TPO3 1. 生益科技(600183.SH) 127.10 涨+3.5%  评分+2.030
2026-08-06 14:33:01,877 [INFO]   TPO3 2. 四方股份(601126.SH) 44.46 涨-0.3%  评分+1.948
2026-08-06 14:33:01,877 [INFO]   TPO3 3. 圣泉集团(605589.SH) 39.37 涨+1.2%  评分+1.859
2026-08-06 14:34:00,083 [INFO] 
--- [14:34:00] ---
2026-08-06 14:34:00,084 [INFO]   TPO3 1. 生益科技(600183.SH) 127.45 涨+3.8%  评分+1.985
2026-08-06 14:34:00,084 [INFO]   TPO3 2. 四方股份(601126.SH) 44.51 涨-0.2%  评分+1.930
2026-08-06 14:34:00,084 [INFO]   TPO3 3. 圣泉集团(605589.SH) 39.35 涨+1.1%  评分+1.867
2026-08-06 14:34:00,263 [INFO] 
--- [14:34:00] ---
2026-08-06 14:34:00,264 [INFO]   TPO3 1. 四方股份(601126.SH) 44.51 涨-0.2%  评分+1.745
2026-08-06 14:34:00,264 [INFO]   TPO3 2. 生益科技(600183.SH) 127.45 涨+3.8%  评分+1.719
2026-08-06 14:34:00,265 [INFO]   TPO3 3. 圣泉集团(605589.SH) 39.35 涨+1.1%  评分+1.684
2026-08-06 14:35:00,302 [INFO] 
--- [14:35:00] ---
2026-08-06 14:35:00,303 [INFO]   TPO3 1. 四方股份(601126.SH) 44.57 涨-0.0%  评分+1.909
2026-08-06 14:35:00,303 [INFO]   TPO3 2. 圣泉集团(605589.SH) 39.36 涨+1.2%  评分+1.863
2026-08-06 14:35:00,303 [INFO]   TPO3 3. 深南电路(002916.SZ) 353.25 涨+1.2%  评分+1.752
2026-08-06 14:35:00,473 [INFO] 
--- [14:35:00] ---
2026-08-06 14:35:00,475 [INFO]   TPO3 1. 四方股份(601126.SH) 44.57 涨-0.0%  评分+1.733
2026-08-06 14:35:00,475 [INFO]   TPO3 2. 圣泉集团(605589.SH) 39.36 涨+1.2%  评分+1.682
2026-08-06 14:35:00,475 [INFO]   TPO3 3. 深南电路(002916.SZ) 353.25 涨+1.2%  评分+1.650
2026-08-06 14:36:00,522 [INFO] 
--- [14:36:00] ---
2026-08-06 14:36:00,522 [INFO]   TPO3 1. 四方股份(601126.SH) 44.55 涨-0.1%  评分+1.916
2026-08-06 14:36:00,522 [INFO]   TPO3 2. 圣泉集团(605589.SH) 39.43 涨+1.3%  评分+1.834
2026-08-06 14:36:00,523 [INFO]   TPO3 3. 深南电路(002916.SZ) 353.58 涨+1.3%  评分+1.737
2026-08-06 14:36:00,683 [INFO] 
--- [14:36:00] ---
2026-08-06 14:36:00,684 [INFO]   TPO3 1. 四方股份(601126.SH) 44.55 涨-0.1%  评分+1.737
2026-08-06 14:36:00,685 [INFO]   TPO3 2. 圣泉集团(605589.SH) 39.43 涨+1.3%  评分+1.666
2026-08-06 14:36:00,685 [INFO]   TPO3 3. 深南电路(002916.SZ) 353.58 涨+1.3%  评分+1.642
2026-08-06 14:37:00,745 [INFO] 
--- [14:37:00] ---
2026-08-06 14:37:00,746 [INFO]   TPO3 1. 四方股份(601126.SH) 44.56 涨-0.0%  评分+1.912
2026-08-06 14:37:00,746 [INFO]   TPO3 2. 圣泉集团(605589.SH) 39.41 涨+1.3%  评分+1.842
2026-08-06 14:37:00,747 [INFO]   TPO3 3. 深南电路(002916.SZ) 353.31 涨+1.2%  评分+1.749
2026-08-06 14:37:00,896 [INFO] 
--- [14:37:00] ---
2026-08-06 14:37:00,897 [INFO]   TPO3 1. 四方股份(601126.SH) 44.56 涨-0.0%  评分+1.735
2026-08-06 14:37:00,897 [INFO]   TPO3 2. 圣泉集团(605589.SH) 39.41 涨+1.3%  评分+1.671
2026-08-06 14:37:00,898 [INFO]   TPO3 3. 深南电路(002916.SZ) 353.31 涨+1.2%  评分+1.649
2026-08-06 14:38:00,959 [INFO] 
--- [14:38:00] ---
2026-08-06 14:38:00,959 [INFO]   TPO3 1. 四方股份(601126.SH) 44.58 涨+0.0%  评分+1.905
2026-08-06 14:38:00,960 [INFO]   TPO3 2. 圣泉集团(605589.SH) 39.40 涨+1.3%  评分+1.846
2026-08-06 14:38:00,960 [INFO]   TPO3 3. 深南电路(002916.SZ) 352.00 涨+0.8%  评分+1.810
2026-08-06 14:38:01,103 [INFO] 
--- [14:38:01] ---
2026-08-06 14:38:01,104 [INFO]   TPO3 1. 四方股份(601126.SH) 44.58 涨+0.0%  评分+1.731
2026-08-06 14:38:01,104 [INFO]   TPO3 2. 深南电路(002916.SZ) 352.00 涨+0.8%  评分+1.682
2026-08-06 14:38:01,105 [INFO]   TPO3 3. 圣泉集团(605589.SH) 39.40 涨+1.3%  评分+1.673
2026-08-06 14:39:01,172 [INFO] 
--- [14:39:01] ---
2026-08-06 14:39:01,173 [INFO]   TPO3 1. 四方股份(601126.SH) 44.56 涨-0.0%  评分+1.912
2026-08-06 14:39:01,174 [INFO]   TPO3 2. 圣泉集团(605589.SH) 39.35 涨+1.1%  评分+1.867
2026-08-06 14:39:01,174 [INFO]   TPO3 3. 深南电路(002916.SZ) 352.01 涨+0.8%  评分+1.809
2026-08-06 14:39:01,315 [INFO] 
--- [14:39:01] ---
2026-08-06 14:39:01,315 [INFO]   TPO3 1. 四方股份(601126.SH) 44.56 涨-0.0%  评分+1.735
2026-08-06 14:39:01,316 [INFO]   TPO3 2. 圣泉集团(605589.SH) 39.35 涨+1.1%  评分+1.684
2026-08-06 14:39:01,316 [INFO]   TPO3 3. 深南电路(002916.SZ) 352.01 涨+0.8%  评分+1.682
2026-08-06 14:40:01,381 [INFO] 
--- [14:40:01] ---
2026-08-06 14:40:01,381 [INFO]   TPO3 1. 四方股份(601126.SH) 44.50 涨-0.2%  评分+1.934
2026-08-06 14:40:01,382 [INFO]   TPO3 2. 圣泉集团(605589.SH) 39.29 涨+1.0%  评分+1.892
2026-08-06 14:40:01,382 [INFO]   TPO3 3. 深南电路(002916.SZ) 351.49 涨+0.7%  评分+1.833
2026-08-06 14:40:01,536 [INFO] 
--- [14:40:01] ---
2026-08-06 14:40:01,538 [INFO]   TPO3 1. 四方股份(601126.SH) 44.50 涨-0.2%  评分+1.747
2026-08-06 14:40:01,538 [INFO]   TPO3 2. 圣泉集团(605589.SH) 39.29 涨+1.0%  评分+1.698
2026-08-06 14:40:01,538 [INFO]   TPO3 3. 深南电路(002916.SZ) 351.49 涨+0.7%  评分+1.695
2026-08-06 14:41:01,596 [INFO] 
--- [14:41:01] ---
2026-08-06 14:41:01,596 [INFO]   TPO3 1. 四方股份(601126.SH) 44.51 涨-0.2%  评分+1.930
2026-08-06 14:41:01,597 [INFO]   TPO3 2. 圣泉集团(605589.SH) 39.32 涨+1.1%  评分+1.879
2026-08-06 14:41:01,597 [INFO]   TPO3 3. 深南电路(002916.SZ) 352.31 涨+0.9%  评分+1.795
2026-08-06 14:41:01,749 [INFO] 
--- [14:41:01] ---
2026-08-06 14:41:01,749 [INFO]   TPO3 1. 四方股份(601126.SH) 44.52 涨-0.1%  评分+1.743
2026-08-06 14:41:01,749 [INFO]   TPO3 2. 圣泉集团(605589.SH) 39.32 涨+1.1%  评分+1.691
2026-08-06 14:41:01,749 [INFO]   TPO3 3. 深南电路(002916.SZ) 352.31 涨+0.9%  评分+1.674
2026-08-06 14:42:01,804 [INFO] 
--- [14:42:01] ---
2026-08-06 14:42:01,804 [INFO]   TPO3 1. 四方股份(601126.SH) 44.52 涨-0.1%  评分+1.926
2026-08-06 14:42:01,805 [INFO]   TPO3 2. 圣泉集团(605589.SH) 39.38 涨+1.2%  评分+1.854
2026-08-06 14:42:01,806 [INFO]   TPO3 3. 深南电路(002916.SZ) 352.39 涨+0.9%  评分+1.792
2026-08-06 14:42:01,969 [INFO] 
--- [14:42:01] ---
2026-08-06 14:42:01,971 [INFO]   TPO3 1. 四方股份(601126.SH) 44.52 涨-0.1%  评分+1.743
2026-08-06 14:42:01,971 [INFO]   TPO3 2. 圣泉集团(605589.SH) 39.38 涨+1.2%  评分+1.677
2026-08-06 14:42:01,971 [INFO]   TPO3 3. 深南电路(002916.SZ) 352.39 涨+0.9%  评分+1.672
2026-08-06 14:43:00,188 [INFO] 
--- [14:43:00] ---
2026-08-06 14:43:00,189 [INFO]   TPO3 1. 四方股份(601126.SH) 44.45 涨-0.3%  评分+1.757
2026-08-06 14:43:00,189 [INFO]   TPO3 2. 圣泉集团(605589.SH) 39.29 涨+1.0%  评分+1.698
2026-08-06 14:43:00,189 [INFO]   TPO3 3. 深南电路(002916.SZ) 352.00 涨+0.8%  评分+1.682
2026-08-06 14:43:02,006 [INFO] 
--- [14:43:02] ---
2026-08-06 14:43:02,007 [INFO]   TPO3 1. 四方股份(601126.SH) 44.44 涨-0.3%  评分+1.955
2026-08-06 14:43:02,007 [INFO]   TPO3 2. 圣泉集团(605589.SH) 39.29 涨+1.0%  评分+1.892
2026-08-06 14:43:02,008 [INFO]   TPO3 3. 深南电路(002916.SZ) 352.04 涨+0.8%  评分+1.808
2026-08-06 14:44:00,212 [INFO] 
--- [14:44:00] ---
2026-08-06 14:44:00,213 [INFO]   TPO3 1. 四方股份(601126.SH) 44.50 涨-0.2%  评分+1.934
2026-08-06 14:44:00,213 [INFO]   TPO3 2. 圣泉集团(605589.SH) 39.33 涨+1.1%  评分+1.875
2026-08-06 14:44:00,214 [INFO]   TPO3 3. 深南电路(002916.SZ) 352.68 涨+1.0%  评分+1.778
2026-08-06 14:44:00,416 [INFO] 
--- [14:44:00] ---
2026-08-06 14:44:00,416 [INFO]   TPO3 1. 四方股份(601126.SH) 44.50 涨-0.2%  评分+1.747
2026-08-06 14:44:00,417 [INFO]   TPO3 2. 圣泉集团(605589.SH) 39.33 涨+1.1%  评分+1.689
2026-08-06 14:44:00,417 [INFO]   TPO3 3. 深南电路(002916.SZ) 352.68 涨+1.0%  评分+1.665
2026-08-06 14:45:00,412 [INFO] 
--- [14:45:00] ---
2026-08-06 14:45:00,413 [INFO]   TPO3 1. 四方股份(601126.SH) 44.52 涨-0.1%  评分+1.926
2026-08-06 14:45:00,413 [INFO]   TPO3 2. 圣泉集团(605589.SH) 39.37 涨+1.2%  评分+1.859
2026-08-06 14:45:00,413 [INFO]   TPO3 3. 深南电路(002916.SZ) 353.00 涨+1.1%  评分+1.763
2026-08-06 14:45:00,622 [INFO] 
--- [14:45:00] ---
2026-08-06 14:45:00,623 [INFO]   TPO3 1. 四方股份(601126.SH) 44.52 涨-0.1%  评分+1.743
2026-08-06 14:45:00,623 [INFO]   TPO3 2. 圣泉集团(605589.SH) 39.37 涨+1.2%  评分+1.680
2026-08-06 14:45:00,623 [INFO]   TPO3 3. 深南电路(002916.SZ) 353.00 涨+1.1%  评分+1.657
2026-08-06 14:46:00,620 [INFO] 
--- [14:46:00] ---
2026-08-06 14:46:00,620 [INFO]   TPO3 1. 四方股份(601126.SH) 44.49 涨-0.2%  评分+1.937
2026-08-06 14:46:00,621 [INFO]   TPO3 2. 深南电路(002916.SZ) 352.67 涨+1.0%  评分+1.779
2026-08-06 14:46:00,621 [INFO]   TPO3 3. 中瓷电子(003031.SZ) 111.55 涨+2.7%  评分+1.720
2026-08-06 14:46:00,847 [INFO] 
--- [14:46:00] ---
2026-08-06 14:46:00,849 [INFO]   TPO3 1. 四方股份(601126.SH) 44.49 涨-0.2%  评分+1.749
2026-08-06 14:46:00,849 [INFO]   TPO3 2. 深南电路(002916.SZ) 352.67 涨+1.0%  评分+1.665
2026-08-06 14:46:00,849 [INFO]   TPO3 3. 中瓷电子(003031.SZ) 111.55 涨+2.7%  评分+1.615
2026-08-06 14:47:00,837 [INFO] 
--- [14:47:00] ---
2026-08-06 14:47:00,838 [INFO]   TPO3 1. 四方股份(601126.SH) 44.50 涨-0.2%  评分+1.934
2026-08-06 14:47:00,838 [INFO]   TPO3 2. 深南电路(002916.SZ) 352.87 涨+1.1%  评分+1.769
2026-08-06 14:47:00,839 [INFO]   TPO3 3. 中瓷电子(003031.SZ) 111.51 涨+2.7%  评分+1.726
2026-08-06 14:47:01,058 [INFO] 
--- [14:47:01] ---
2026-08-06 14:47:01,059 [INFO]   TPO3 1. 四方股份(601126.SH) 44.50 涨-0.2%  评分+1.747
2026-08-06 14:47:01,059 [INFO]   TPO3 2. 深南电路(002916.SZ) 352.87 涨+1.1%  评分+1.660
2026-08-06 14:47:01,060 [INFO]   TPO3 3. 中瓷电子(003031.SZ) 111.51 涨+2.7%  评分+1.618
2026-08-06 14:47:38,976 [INFO] 
🔔 [14:47:38] 检测到 score_now=true, 执行按需评分...
2026-08-06 14:47:39,187 [INFO] 
🔔 [14:47:39] 检测到 score_now=true, 执行按需评分...
2026-08-06 14:47:39,190 [INFO]   ✅ 按需评分已输出 → C:\Lazy\MarcoAI\AICode\AITrading\tpo3_scores.txt
2026-08-06 14:47:39,191 [INFO]   score_now 已自动重置为 false
2026-08-06 14:47:40,739 [INFO] Walk-Forward 训练完成: 668个样本, W=[ 0.965  0.214  0.457 -0.431  0.373  0.217]
2026-08-06 14:47:40,741 [INFO]   ✅ 按需评分已输出 → C:\Lazy\MarcoAI\AICode\AITrading\tpo3_scores.txt
2026-08-06 14:47:40,743 [INFO]   score_now 已自动重置为 false
2026-08-06 14:48:00,808 [INFO] 
--- [14:48:00] ---
2026-08-06 14:48:00,809 [INFO]   TPO3 1. 四方股份(601126.SH) 44.46 涨-0.3%  评分+1.948
2026-08-06 14:48:00,810 [INFO]   TPO3 2. 深南电路(002916.SZ) 353.19 涨+1.1%  评分+1.755
2026-08-06 14:48:00,810 [INFO]   TPO3 3. 中瓷电子(003031.SZ) 111.55 涨+2.7%  评分+1.720
2026-08-06 14:48:01,265 [INFO] 
--- [14:48:01] ---
2026-08-06 14:48:01,267 [INFO]   TPO3 1. 四方股份(601126.SH) 44.46 涨-0.3%  评分+1.755
2026-08-06 14:48:01,268 [INFO]   TPO3 2. 深南电路(002916.SZ) 353.03 涨+1.1%  评分+1.656
2026-08-06 14:48:01,268 [INFO]   TPO3 3. 中瓷电子(003031.SZ) 111.55 涨+2.7%  评分+1.615
2026-08-06 14:49:00,981 [INFO] 
--- [14:49:00] ---
2026-08-06 14:49:00,981 [INFO]   TPO3 1. 四方股份(601126.SH) 44.48 涨-0.2%  评分+1.941
2026-08-06 14:49:00,981 [INFO]   TPO3 2. 深南电路(002916.SZ) 353.19 涨+1.1%  评分+1.755
2026-08-06 14:49:00,981 [INFO]   TPO3 3. 中瓷电子(003031.SZ) 111.52 涨+2.7%  评分+1.724
2026-08-06 14:49:01,469 [INFO] 
--- [14:49:01] ---
2026-08-06 14:49:01,470 [INFO]   TPO3 1. 四方股份(601126.SH) 44.48 涨-0.2%  评分+1.751
2026-08-06 14:49:01,470 [INFO]   TPO3 2. 深南电路(002916.SZ) 353.19 涨+1.1%  评分+1.652
2026-08-06 14:49:01,470 [INFO]   TPO3 3. 中瓷电子(003031.SZ) 111.52 涨+2.7%  评分+1.617
2026-08-06 14:50:01,191 [INFO] 
--- [14:50:01] ---
2026-08-06 14:50:01,191 [INFO]   TPO3 1. 四方股份(601126.SH) 44.50 涨-0.2%  评分+1.934
2026-08-06 14:50:01,192 [INFO]   TPO3 2. 深南电路(002916.SZ) 353.66 涨+1.3%  评分+1.733
2026-08-06 14:50:01,192 [INFO]   TPO3 3. 中瓷电子(003031.SZ) 111.54 涨+2.7%  评分+1.721
2026-08-06 14:50:01,685 [INFO] 
--- [14:50:01] ---
2026-08-06 14:50:01,685 [INFO]   TPO3 1. 四方股份(601126.SH) 44.49 涨-0.2%  评分+1.749
2026-08-06 14:50:01,686 [INFO]   TPO3 2. 深南电路(002916.SZ) 353.66 涨+1.3%  评分+1.640
2026-08-06 14:50:01,686 [INFO]   TPO3 3. 中瓷电子(003031.SZ) 111.54 涨+2.7%  评分+1.615
2026-08-06 14:51:01,406 [INFO] 
--- [14:51:01] ---
2026-08-06 14:51:01,407 [INFO]   TPO3 1. 四方股份(601126.SH) 44.48 涨-0.2%  评分+1.941
2026-08-06 14:51:01,407 [INFO]   TPO3 2. 深南电路(002916.SZ) 353.31 涨+1.2%  评分+1.749
2026-08-06 14:51:01,407 [INFO]   TPO3 3. 中瓷电子(003031.SZ) 111.67 涨+2.8%  评分+1.702
2026-08-06 14:51:01,892 [INFO] 
--- [14:51:01] ---
2026-08-06 14:51:01,893 [INFO]   TPO3 1. 四方股份(601126.SH) 44.47 涨-0.2%  评分+1.753
2026-08-06 14:51:01,893 [INFO]   TPO3 2. 深南电路(002916.SZ) 353.31 涨+1.2%  评分+1.649
2026-08-06 14:51:01,893 [INFO]   TPO3 3. 中瓷电子(003031.SZ) 111.67 涨+2.8%  评分+1.605
2026-08-06 14:52:00,111 [INFO] 
--- [14:52:00] ---
2026-08-06 14:52:00,113 [INFO]   TPO3 1. 四方股份(601126.SH) 44.50 涨-0.2%  评分+1.747
2026-08-06 14:52:00,113 [INFO]   TPO3 2. 深南电路(002916.SZ) 353.34 涨+1.2%  评分+1.648
2026-08-06 14:52:00,113 [INFO]   TPO3 3. 中瓷电子(003031.SZ) 111.67 涨+2.8%  评分+1.605
2026-08-06 14:52:01,636 [INFO] 
--- [14:52:01] ---
2026-08-06 14:52:01,637 [INFO]   TPO3 1. 四方股份(601126.SH) 44.49 涨-0.2%  评分+1.937
2026-08-06 14:52:01,637 [INFO]   TPO3 2. 深南电路(002916.SZ) 353.34 涨+1.2%  评分+1.748
2026-08-06 14:52:01,639 [INFO]   TPO3 3. 中瓷电子(003031.SZ) 111.68 涨+2.8%  评分+1.701
2026-08-06 14:53:00,341 [INFO] 
--- [14:53:00] ---
2026-08-06 14:53:00,343 [INFO]   TPO3 1. 四方股份(601126.SH) 44.55 涨-0.1%  评分+1.737
2026-08-06 14:53:00,344 [INFO]   TPO3 2. 深南电路(002916.SZ) 353.42 涨+1.2%  评分+1.646
2026-08-06 14:53:00,344 [INFO]   TPO3 3. 中瓷电子(003031.SZ) 111.80 涨+2.9%  评分+1.595
2026-08-06 14:53:01,829 [INFO] 
--- [14:53:01] ---
2026-08-06 14:53:01,830 [INFO]   TPO3 1. 四方股份(601126.SH) 44.55 涨-0.1%  评分+1.916
2026-08-06 14:53:01,830 [INFO]   TPO3 2. 深南电路(002916.SZ) 353.42 涨+1.2%  评分+1.744
2026-08-06 14:53:01,830 [INFO]   TPO3 3. 中瓷电子(003031.SZ) 111.80 涨+2.9%  评分+1.683
2026-08-06 14:54:00,568 [INFO] 
--- [14:54:00] ---
2026-08-06 14:54:00,569 [INFO]   TPO3 1. 四方股份(601126.SH) 44.59 涨+0.0%  评分+1.729
2026-08-06 14:54:00,569 [INFO]   TPO3 2. 深南电路(002916.SZ) 353.47 涨+1.2%  评分+1.645
2026-08-06 14:54:00,570 [INFO]   TPO3 3. 中瓷电子(003031.SZ) 111.72 涨+2.8%  评分+1.601
2026-08-06 14:54:01,989 [INFO] 
--- [14:54:01] ---
2026-08-06 14:54:01,989 [INFO]   TPO3 1. 四方股份(601126.SH) 44.59 涨+0.0%  评分+1.901
2026-08-06 14:54:01,990 [INFO]   TPO3 2. 深南电路(002916.SZ) 353.49 涨+1.2%  评分+1.741
2026-08-06 14:54:01,990 [INFO]   TPO3 3. 中瓷电子(003031.SZ) 111.72 涨+2.8%  评分+1.695
2026-08-06 14:55:42,323 [INFO] 
🔔 [14:55:42] 检测到 score_now=true, 执行按需评分...
2026-08-06 14:55:42,910 [INFO] 
🔔 [14:55:42] 检测到 score_now=true, 执行按需评分...
2026-08-06 14:55:42,913 [INFO]   ✅ 按需评分已输出 → C:\Lazy\MarcoAI\AICode\AITrading\tpo3_scores.txt
2026-08-06 14:55:42,916 [INFO]   score_now 已自动重置为 false
2026-08-06 14:55:44,374 [INFO] Walk-Forward 训练完成: 668个样本, W=[ 0.965  0.214  0.457 -0.431  0.373  0.217]
2026-08-06 14:55:44,376 [INFO]   ✅ 按需评分已输出 → C:\Lazy\MarcoAI\AICode\AITrading\tpo3_scores.txt
2026-08-06 14:55:44,378 [INFO]   score_now 已自动重置为 false
2026-08-06 14:56:31,096 [INFO]   [14:56:31] 四方股份 第1 +1.714  (13只)
2026-08-06 14:56:32,316 [INFO] Walk-Forward 训练完成: 668个样本, W=[ 0.965  0.214  0.457 -0.431  0.373  0.217]
2026-08-06 14:56:32,318 [INFO]   [14:56:30] Walk-Forward 重训完成
2026-08-06 14:56:32,318 [INFO]   [14:56:30] 四方股份 第1 +1.873  (13只)
2026-08-06 14:56:33,103 [INFO]   [14:56:33] 四方股份 第1 +1.714  (13只)
2026-08-06 14:56:34,326 [INFO]   [14:56:34] 四方股份 第1 +1.873  (13只)
2026-08-06 14:56:35,112 [INFO]   [14:56:35] 四方股份 第1 +1.712  (13只)
2026-08-06 14:56:36,334 [INFO]   [14:56:36] 四方股份 第1 +1.869  (13只)
2026-08-06 14:56:37,122 [INFO]   [14:56:37] 四方股份 第1 +1.712  (13只)
2026-08-06 14:56:38,344 [INFO]   [14:56:38] 四方股份 第1 +1.873  (13只)
2026-08-06 14:56:39,130 [INFO]   [14:56:39] 四方股份 第1 +1.714  (13只)
2026-08-06 14:56:40,351 [INFO]   [14:56:40] 四方股份 第1 +1.873  (13只)
2026-08-06 14:56:41,139 [INFO]   [14:56:41] 四方股份 第1 +1.712  (13只)
2026-08-06 14:56:42,360 [INFO]   [14:56:42] 四方股份 第1 +1.869  (13只)
2026-08-06 14:56:43,147 [INFO]   [14:56:43] 四方股份 第1 +1.712  (13只)
2026-08-06 14:56:44,368 [INFO]   [14:56:44] 四方股份 第1 +1.869  (13只)
2026-08-06 14:56:45,156 [INFO]   [14:56:45] 四方股份 第1 +1.712  (13只)
2026-08-06 14:56:46,376 [INFO]   [14:56:46] 四方股份 第1 +1.869  (13只)
2026-08-06 14:56:47,166 [INFO]   [14:56:47] 四方股份 第1 +1.712  (13只)
2026-08-06 14:56:48,385 [INFO]   [14:56:48] 四方股份 第1 +1.869  (13只)
2026-08-06 14:56:49,174 [INFO]   [14:56:49] 四方股份 第1 +1.712  (13只)
2026-08-06 14:56:50,394 [INFO]   [14:56:50] 四方股份 第1 +1.866  (13只)
2026-08-06 14:56:51,181 [INFO]   [14:56:51] 四方股份 第1 +1.710  (13只)
2026-08-06 14:56:52,401 [INFO]   [14:56:52] 四方股份 第1 +1.866  (13只)
2026-08-06 14:56:53,186 [INFO]   [14:56:53] 四方股份 第1 +1.710  (13只)
2026-08-06 14:56:54,406 [INFO]   [14:56:54] 四方股份 第1 +1.866  (13只)
2026-08-06 14:56:55,194 [INFO]   [14:56:55] 四方股份 第1 +1.710  (13只)
2026-08-06 14:56:56,410 [INFO]   [14:56:56] 四方股份 第1 +1.866  (13只)
2026-08-06 14:56:57,200 [INFO]   [14:56:57] 四方股份 第1 +1.710  (13只)
2026-08-06 14:56:58,421 [INFO]   [14:56:58] 四方股份 第1 +1.866  (13只)
2026-08-06 14:56:59,203 [INFO]   [14:56:59] 四方股份 第1 +1.710  (13只)
2026-08-06 14:57:00,427 [INFO] 
🔔 [14:57:00] 检测到 score_now=true, 执行按需评分...
2026-08-06 14:57:01,207 [INFO] 
🔔 [14:57:01] 检测到 score_now=true, 执行按需评分...
2026-08-06 14:57:01,208 [INFO]   ✅ 按需评分已输出 → C:\Lazy\MarcoAI\AICode\AITrading\tpo3_scores.txt
2026-08-06 14:57:01,209 [INFO]   score_now 已自动重置为 false
2026-08-06 14:57:02,233 [INFO] Walk-Forward 训练完成: 668个样本, W=[ 0.965  0.214  0.457 -0.431  0.373  0.217]
2026-08-06 14:57:02,235 [INFO]   ✅ 按需评分已输出 → C:\Lazy\MarcoAI\AICode\AITrading\tpo3_scores.txt
2026-08-06 14:57:02,237 [INFO]   score_now 已自动重置为 false
2026-08-06 14:57:03,220 [INFO] 
2026-08-06 14:57:03,221 [INFO] 🏆 买入: 四方股份(601126.SH)
2026-08-06 14:57:03,221 [INFO]    收盘价: 44.69  涨停价: 49.16
2026-08-06 14:57:03,221 [INFO]    挂单价: ¥45.14  数量: 800股
2026-08-06 14:57:03,221 [INFO]    资金: ¥36,560
2026-08-06 14:57:03,284 [INFO]    下单ID: 1745879041
2026-08-06 14:57:04,245 [INFO] 
2026-08-06 14:57:04,245 [INFO] 🏆 买入: 四方股份(601126.SH)
2026-08-06 14:57:04,246 [INFO]    收盘价: 44.69  涨停价: 49.16
2026-08-06 14:57:04,246 [INFO]    挂单价: ¥45.14  数量: 800股
2026-08-06 14:57:04,246 [INFO]    资金: ¥36,560
2026-08-06 14:57:04,305 [INFO]    下单ID: 1745879043
2026-08-06 14:57:09,286 [WARNING]    订单状态: 废单(57)
2026-08-06 14:57:09,287 [ERROR]    ❌ 废单! 检查价格/数量
2026-08-06 14:57:09,287 [INFO] 
✅ 交易完成
2026-08-06 14:57:09,288 [INFO]    日志: C:\Lazy\MarcoAI\AICode\AITrading\auto_trade_20260806.log
2026-08-06 14:57:10,308 [WARNING]    订单状态: 废单(57)
2026-08-06 14:57:10,309 [ERROR]    ❌ 废单! 检查价格/数量
2026-08-06 14:57:10,309 [INFO] 
✅ 交易完成
2026-08-06 14:57:10,309 [INFO]    日志: C:\Lazy\MarcoAI\AICode\AITrading\auto_trade_20260806.log
