2026-08-04 13:54:18,675 | ============================================================
2026-08-04 13:54:18,675 | 311策略 尾盘集合竞价自动买入
2026-08-04 13:54:18,675 | 日期: 2026-08-04
2026-08-04 13:54:18,675 | 候选: 协鑫能科(002015.SZ), 卧龙电驱(600580.SH), 用友网络(600588.SH), 东阳光(600673.SH), 杰克科技(603337.SH)
2026-08-04 13:54:18,676 | ============================================================
2026-08-04 13:54:18,676 | 正在预计算ATR/MA5...
2026-08-04 13:54:18,680 |   协鑫能科: ATR10=1.166 MA5=14.54
2026-08-04 13:54:18,683 |   卧龙电驱: ATR10=1.454 MA5=30.74
2026-08-04 13:54:18,687 |   用友网络: ATR10=0.597 MA5=10.32
2026-08-04 13:54:18,690 |   东阳光: ATR10=2.485 MA5=27.92
2026-08-04 13:54:18,693 |   杰克科技: ATR10=2.132 MA5=41.28
2026-08-04 13:54:18,694 | 正在连接MiniQMT交易...
2026-08-04 13:54:18,813 | ✅ 交易连接OK | 可用资金: ¥36,351 | 总资产: ¥36,351
2026-08-04 13:54:18,813 | 开始监控，每10分钟反馈 | 目标: 14:56:30最终决策 → 14:57:01集合竞价买入
2026-08-04 13:54:18,813 | 
2026-08-04 14:00:04,048 | 
2026-08-04 14:00:04,048 | ======================================================================
2026-08-04 14:00:04,049 |   [14:00:04] 定期报告
2026-08-04 14:00:04,049 | ======================================================================
2026-08-04 14:00:04,050 |   💰 账户: 可用¥36,351 | 总资产¥36,351 | 市值¥0
2026-08-04 14:00:04,052 |   📦 当前持仓: 1只
2026-08-04 14:00:04,052 | 异常: 'Position' object has no attribute 'last_price'
Traceback (most recent call last):
  File "C:\Lazy\MarcoAI\AICode\AITrading\auto_buy_0804.py", line 232, in main
    log.info(f'     {p.stock_code}: {int(p.volume)}股 成本¥{p.avg_price:.2f} 现价¥{p.last_price:.2f}')
                                                                                   ^^^^^^^^^^^^
AttributeError: 'Position' object has no attribute 'last_price'
2026-08-04 14:00:04,058 | 日志已保存: C:\Lazy\MarcoAI\AICode\AITrading\auto_buy_20260804_135418.log
