2026-08-07 09:27:55,539 [INFO] ============================================================
2026-08-07 09:27:55,539 [INFO]   311策略 自动交易 v2.0 (基准版)
2026-08-07 09:27:55,539 [INFO]   卖出: 止损-6% > 涨停 > 14:55收盘卖
2026-08-07 09:27:55,539 [INFO]   买入: 14:57 TPO3最优 @ 集合竞价最新价
2026-08-07 09:27:55,539 [INFO] ============================================================
2026-08-07 09:27:55,540 [INFO] D-3=20260806 D-2=20260807
2026-08-07 09:27:55,593 [INFO] TPO3买池: 4只
2026-08-07 09:27:55,594 [INFO]   中钨高新(000657.SZ)
2026-08-07 09:27:55,594 [INFO]   金安国纪(002636.SZ)
2026-08-07 09:27:55,594 [INFO]   长飞光纤(601869.SH)
2026-08-07 09:27:55,594 [INFO]   松发股份(603268.SH)
2026-08-07 09:27:55,594 [INFO] 连接MiniQMT...
2026-08-07 09:27:55,949 [INFO] 账户: 总资产 ¥36,708  可用 ¥820
2026-08-07 09:28:30,580 [INFO] ============================================================
2026-08-07 09:28:30,580 [INFO]   311策略 自动交易 v2.0 (基准版)
2026-08-07 09:28:30,580 [INFO]   卖出: 止损-6% > 涨停 > 14:55收盘卖
2026-08-07 09:28:30,580 [INFO]   买入: 14:57 TPO3最优 @ 集合竞价最新价
2026-08-07 09:28:30,580 [INFO] ============================================================
2026-08-07 09:28:30,581 [INFO] D-3=20260806 D-2=20260807
2026-08-07 09:28:30,590 [INFO] TPO3买池: 4只
2026-08-07 09:28:30,590 [INFO]   中钨高新(000657.SZ)
2026-08-07 09:28:30,590 [INFO]   金安国纪(002636.SZ)
2026-08-07 09:28:30,590 [INFO]   长飞光纤(601869.SH)
2026-08-07 09:28:30,590 [INFO]   松发股份(603268.SH)
2026-08-07 09:28:30,590 [INFO] 连接MiniQMT...
2026-08-07 09:28:30,698 [INFO] 账户: 总资产 ¥36,708  可用 ¥820
2026-08-07 09:28:30,700 [INFO] 持仓: 601126.SH 800股 @44.70 (现价44.86 浮盈+126)
2026-08-07 09:28:30,700 [INFO] 预计算ATR/MA5...
2026-08-07 09:28:30,722 [INFO]   中钨高新(000657.SZ): ATR10=4.644 MA5=53.93 D3量=1.7M
2026-08-07 09:28:30,742 [INFO]   金安国纪(002636.SZ): ATR10=5.891 MA5=53.08 D3量=0.8M
2026-08-07 09:28:30,766 [INFO]   长飞光纤(601869.SH): ATR10=27.723 MA5=291.69 D3量=0.2M
2026-08-07 09:28:30,787 [INFO]   松发股份(603268.SH): ATR10=9.782 MA5=162.45 D3量=0.1M
2026-08-07 09:28:30,787 [INFO] Walk-Forward 训练...
2026-08-07 09:28:41,679 [INFO] Walk-Forward 训练完成: 670个样本, W=[ 0.972  0.209  0.467 -0.434  0.372  0.217]
2026-08-07 09:28:41,679 [INFO]   W: [ 0.972  0.209  0.467 -0.434  0.372  0.217]
2026-08-07 09:28:41,679 [INFO] 
🔔 开盘预挂涨停卖单: 601126.SH 800股 @49.17
2026-08-07 09:28:41,804 [INFO]   涨停卖单已挂, 订单ID: 2014314497
2026-08-07 09:28:43,805 [INFO] 
2026-08-07 09:28:43,805 [INFO] 开始盘中监控 (每2秒轮询)...
2026-08-07 09:28:43,805 [INFO]   涨停: 开盘预挂单, 成交即走, 不额外监控
2026-08-07 09:28:43,805 [INFO]   止损: -6%触发 → smart_sell(自动撤涨停单)
2026-08-07 09:28:43,805 [INFO]   尾盘: 14:55 撤涨停单 → 收盘卖出
2026-08-07 09:28:43,805 [INFO]   买入: 14:57:03 挂单 @ 集合竞价最新价
2026-08-07 09:28:43,805 [INFO]   止损/尾盘卖: 卖一-0.01, 2tick未成→撤单重挂
2026-08-07 09:28:43,805 [INFO]   热开关: 改 C:\Lazy\MarcoAI\AICode\AITrading\auto_trade_config.json score_now=true 即可触发按需评分
2026-08-07 09:28:43,806 [INFO] 
2026-08-07 09:28:43,821 [INFO] 
🔔 [09:28:43] 检测到 score_now=true, 执行按需评分...
2026-08-07 09:28:45,789 [INFO] Walk-Forward 训练完成: 670个样本, W=[ 0.972  0.209  0.467 -0.434  0.372  0.217]
2026-08-07 09:28:45,805 [INFO]   ✅ 按需评分已输出 → C:\Lazy\MarcoAI\AICode\AITrading\tpo3_scores.txt
2026-08-07 09:28:45,824 [INFO]   score_now 已自动重置为 false
2026-08-07 09:32:35,168 [INFO] ============================================================
2026-08-07 09:32:35,168 [INFO]   311策略 自动交易 v2.0 (基准版)
2026-08-07 09:32:35,168 [INFO]   卖出: 止损-6% > 涨停 > 14:55收盘卖
2026-08-07 09:32:35,169 [INFO]   买入: 14:57 TPO3最优 @ 集合竞价最新价
2026-08-07 09:32:35,169 [INFO] ============================================================
2026-08-07 09:32:35,170 [INFO] D-3=20260806 D-2=20260807
2026-08-07 09:32:35,182 [INFO] TPO3买池: 4只
2026-08-07 09:32:35,183 [INFO]   中钨高新(000657.SZ)
2026-08-07 09:32:35,183 [INFO]   金安国纪(002636.SZ)
2026-08-07 09:32:35,183 [INFO]   长飞光纤(601869.SH)
2026-08-07 09:32:35,183 [INFO]   松发股份(603268.SH)
2026-08-07 09:32:35,183 [INFO] 连接MiniQMT...
2026-08-07 09:32:35,330 [INFO] 账户: 总资产 ¥36,388  可用 ¥820
2026-08-07 09:32:35,332 [INFO] 持仓: 601126.SH 800股 @44.70 (现价44.46 浮盈-194)
2026-08-07 09:32:35,332 [INFO] 预计算ATR/MA5...
2026-08-07 09:32:35,335 [INFO]   中钨高新(000657.SZ): ATR10=4.644 MA5=53.93 D3量=1.7M
2026-08-07 09:32:35,338 [INFO]   金安国纪(002636.SZ): ATR10=5.891 MA5=53.08 D3量=0.8M
2026-08-07 09:32:35,341 [INFO]   长飞光纤(601869.SH): ATR10=27.723 MA5=291.69 D3量=0.2M
2026-08-07 09:32:35,344 [INFO]   松发股份(603268.SH): ATR10=9.782 MA5=162.45 D3量=0.1M
2026-08-07 09:32:35,344 [INFO] Walk-Forward 训练...
2026-08-07 09:32:37,132 [INFO] Walk-Forward 训练完成: 670个样本, W=[ 0.972  0.209  0.467 -0.434  0.372  0.217]
2026-08-07 09:32:37,132 [INFO]   W: [ 0.972  0.209  0.467 -0.434  0.372  0.217]
2026-08-07 09:32:39,134 [INFO] 
🔔 开盘预挂涨停卖单: 601126.SH 800股 @涨停49.14 (昨收=44.67)
2026-08-07 09:32:39,184 [INFO]   涨停卖单已挂, 订单ID: 2014314498
2026-08-07 09:32:41,185 [INFO] 
2026-08-07 09:32:41,185 [INFO] 开始盘中监控 (每2秒轮询)...
2026-08-07 09:32:41,185 [INFO]   涨停: 开盘预挂单, 成交即走, 不额外监控
2026-08-07 09:32:41,185 [INFO]   止损: -6%触发 → smart_sell(自动撤涨停单)
2026-08-07 09:32:41,186 [INFO]   尾盘: 14:55 撤涨停单 → 收盘卖出
2026-08-07 09:32:41,186 [INFO]   买入: 14:57:03 挂单 @ 集合竞价最新价
2026-08-07 09:32:41,186 [INFO]   止损/尾盘卖: 卖一-0.01, 2tick未成→撤单重挂
2026-08-07 09:32:41,186 [INFO]   热开关: 改 C:\Lazy\MarcoAI\AICode\AITrading\auto_trade_config.json score_now=true 即可触发按需评分
2026-08-07 09:32:41,186 [INFO] 
2026-08-07 11:04:22,550 [INFO] 
🔔 [11:04:22] 检测到 score_now=true, 执行按需评分...
2026-08-07 11:04:34,595 [INFO] Walk-Forward 训练完成: 670个样本, W=[ 0.972  0.209  0.467 -0.434  0.372  0.217]
2026-08-07 11:04:34,597 [INFO]   ✅ 按需评分已输出 → C:\Lazy\MarcoAI\AICode\AITrading\tpo3_scores.txt
2026-08-07 11:04:34,598 [INFO]   score_now 已自动重置为 false
2026-08-07 11:04:34,607 [INFO] Walk-Forward 训练完成: 670个样本, W=[ 0.972  0.209  0.467 -0.434  0.372  0.217]
2026-08-07 11:04:34,620 [INFO]   ✅ 按需评分已输出 → C:\Lazy\MarcoAI\AICode\AITrading\tpo3_scores.txt
2026-08-07 11:04:34,623 [INFO]   score_now 已自动重置为 false
2026-08-07 11:04:38,609 [INFO] 
🔔 [11:04:38] 检测到 score_now=true, 执行按需评分...
2026-08-07 11:04:38,630 [INFO] 
🔔 [11:04:38] 检测到 score_now=true, 执行按需评分...
2026-08-07 11:04:40,706 [INFO] Walk-Forward 训练完成: 670个样本, W=[ 0.972  0.209  0.467 -0.434  0.372  0.217]
2026-08-07 11:04:40,707 [INFO]   ✅ 按需评分已输出 → C:\Lazy\MarcoAI\AICode\AITrading\tpo3_scores.txt
2026-08-07 11:04:40,709 [INFO]   score_now 已自动重置为 false
2026-08-07 11:04:40,709 [INFO]   score_now 已自动重置为 false
2026-08-07 11:07:57,248 [INFO] 
🔔 [11:07:57] 检测到 score_now=true, 执行按需评分...
2026-08-07 11:07:57,248 [INFO] 
🔔 [11:07:57] 检测到 score_now=true, 执行按需评分...
2026-08-07 11:07:59,375 [INFO] Walk-Forward 训练完成: 670个样本, W=[ 0.972  0.209  0.467 -0.434  0.372  0.217]
2026-08-07 11:07:59,376 [INFO]   ✅ 按需评分已输出 → C:\Lazy\MarcoAI\AICode\AITrading\tpo3_scores.txt
2026-08-07 11:07:59,377 [INFO]   ✅ 按需评分已输出 → C:\Lazy\MarcoAI\AICode\AITrading\tpo3_scores.txt
2026-08-07 11:07:59,378 [INFO]   score_now 已自动重置为 false
2026-08-07 11:07:59,378 [INFO]   score_now 已自动重置为 false
2026-08-07 11:57:11,675 [INFO] ============================================================
2026-08-07 11:57:11,676 [INFO]   311策略 自动交易 v2.0 (基准版)
2026-08-07 11:57:11,676 [INFO]   卖出: 止损-6% > 涨停 > 14:55收盘卖
2026-08-07 11:57:11,676 [INFO]   买入: 14:57 TPO3最优 @ 集合竞价最新价
2026-08-07 11:57:11,676 [INFO] ============================================================
2026-08-07 11:57:11,677 [INFO] D-3=20260806 D-2=20260807
2026-08-07 11:57:11,721 [INFO] TPO3买池: 4只
2026-08-07 11:57:11,722 [INFO]   中钨高新(000657.SZ)
2026-08-07 11:57:11,722 [INFO]   金安国纪(002636.SZ)
2026-08-07 11:57:11,722 [INFO]   长飞光纤(601869.SH)
2026-08-07 11:57:11,722 [INFO]   松发股份(603268.SH)
2026-08-07 11:57:11,722 [INFO] 连接MiniQMT...
2026-08-07 11:57:12,057 [INFO] 账户: 总资产 ¥37,252  可用 ¥820
2026-08-07 11:57:12,059 [INFO] 持仓: 601126.SH 800股 @44.70 (现价45.54 浮盈+670)
2026-08-07 11:57:12,059 [INFO] 预计算ATR/MA5...
2026-08-07 11:57:12,062 [INFO]   中钨高新(000657.SZ): ATR10=4.644 MA5=53.93 D3量=1.7M
2026-08-07 11:57:12,066 [INFO]   金安国纪(002636.SZ): ATR10=5.891 MA5=53.08 D3量=0.8M
2026-08-07 11:57:12,069 [INFO]   长飞光纤(601869.SH): ATR10=27.723 MA5=291.69 D3量=0.2M
2026-08-07 11:57:12,072 [INFO]   松发股份(603268.SH): ATR10=9.782 MA5=162.45 D3量=0.1M
2026-08-07 11:57:12,073 [INFO] Walk-Forward 训练...
2026-08-07 11:57:14,137 [INFO] Walk-Forward 训练完成: 670个样本, W=[ 0.972  0.209  0.467 -0.434  0.372  0.217]
2026-08-07 11:57:14,138 [INFO]   W: [ 0.972  0.209  0.467 -0.434  0.372  0.217]
2026-08-07 11:57:16,140 [INFO] 
🔔 开盘预挂涨停卖单: 601126.SH 800股 @涨停49.14 (昨收=44.67)
2026-08-07 11:57:16,202 [INFO]   涨停卖单已挂, 订单ID: 2014314499
2026-08-07 11:57:18,202 [INFO] 
2026-08-07 11:57:18,202 [INFO] 开始盘中监控 (每2秒轮询)...
2026-08-07 11:57:18,202 [INFO]   涨停: 开盘预挂单, 成交即走, 不额外监控
2026-08-07 11:57:18,202 [INFO]   止损: -6%触发 → smart_sell(自动撤涨停单)
2026-08-07 11:57:18,202 [INFO]   尾盘: 14:55 撤涨停单 → 收盘卖出
2026-08-07 11:57:18,202 [INFO]   买入: 14:57:03 挂单 @ 集合竞价最新价
2026-08-07 11:57:18,202 [INFO]   止损/尾盘卖: 卖一-0.01, 2tick未成→撤单重挂
2026-08-07 11:57:18,202 [INFO]   热开关: 改 C:\Lazy\MarcoAI\AICode\AITrading\auto_trade_config.json score_now=true 即可触发按需评分
2026-08-07 11:57:18,202 [INFO] 
2026-08-07 12:14:18,510 [INFO] 
🔔 [12:14:18] 检测到 score_now=true, 执行按需评分...
2026-08-07 12:14:18,521 [INFO] 
🔔 [12:14:18] 检测到 score_now=true, 执行按需评分...
2026-08-07 12:14:18,837 [INFO] 
🔔 [12:14:18] 检测到 score_now=true, 执行按需评分...
2026-08-07 12:14:21,053 [INFO] Walk-Forward 训练完成: 670个样本, W=[ 0.972  0.209  0.467 -0.434  0.372  0.217]
2026-08-07 12:14:21,053 [INFO] Walk-Forward 训练完成: 670个样本, W=[ 0.972  0.209  0.467 -0.434  0.372  0.217]
2026-08-07 12:14:21,054 [INFO]   ✅ 按需评分已输出 → C:\Lazy\MarcoAI\AICode\AITrading\tpo3_scores.txt
2026-08-07 12:14:21,055 [INFO]   ✅ 按需评分已输出 → C:\Lazy\MarcoAI\AICode\AITrading\tpo3_scores.txt
2026-08-07 12:14:21,056 [INFO]   score_now 已自动重置为 false
2026-08-07 12:14:21,056 [INFO]   score_now 已自动重置为 false
2026-08-07 12:14:21,296 [INFO] Walk-Forward 训练完成: 670个样本, W=[ 0.972  0.209  0.467 -0.434  0.372  0.217]
2026-08-07 12:14:21,300 [INFO]   ✅ 按需评分已输出 → C:\Lazy\MarcoAI\AICode\AITrading\tpo3_scores.txt
2026-08-07 12:14:21,303 [INFO]   score_now 已自动重置为 false
2026-08-07 14:00:00,665 [INFO] 
--- [14:00:00] ---
2026-08-07 14:00:00,665 [INFO] 持仓 601126.SH: 45.86 涨+2.7%  浮¥+926
2026-08-07 14:00:00,665 [INFO] 持仓 601126.SH: 45.86 涨+2.7%  浮¥+926
2026-08-07 14:00:00,666 [INFO] 持仓 601126.SH: 45.86 涨+2.7%  浮¥+926
2026-08-07 14:01:00,854 [INFO] 
--- [14:01:00] ---
2026-08-07 14:01:00,854 [INFO] 
--- [14:01:00] ---
2026-08-07 14:01:00,854 [INFO] 
--- [14:01:00] ---
2026-08-07 14:01:00,855 [INFO] 持仓 601126.SH: 45.71 涨+2.3%  浮¥+806
2026-08-07 14:01:00,855 [INFO] 持仓 601126.SH: 45.71 涨+2.3%  浮¥+806
2026-08-07 14:02:01,034 [INFO] 
--- [14:02:01] ---
2026-08-07 14:02:01,034 [INFO] 
--- [14:02:01] ---
2026-08-07 14:02:01,034 [INFO] 持仓 601126.SH: 45.63 涨+2.1%  浮¥+742
2026-08-07 14:02:01,034 [INFO] 持仓 601126.SH: 45.63 涨+2.1%  浮¥+742
2026-08-07 14:02:01,035 [INFO] 
--- [14:02:01] ---
2026-08-07 14:02:01,035 [INFO] 持仓 601126.SH: 45.63 涨+2.1%  浮¥+742
2026-08-07 14:03:01,220 [INFO] 
--- [14:03:01] ---
2026-08-07 14:03:01,221 [INFO] 
--- [14:03:01] ---
2026-08-07 14:03:01,221 [INFO] 
--- [14:03:01] ---
2026-08-07 14:03:01,221 [INFO] 持仓 601126.SH: 45.80 涨+2.5%  浮¥+878
2026-08-07 14:03:01,222 [INFO] 持仓 601126.SH: 45.80 涨+2.5%  浮¥+878
2026-08-07 14:03:01,222 [INFO] 持仓 601126.SH: 45.80 涨+2.5%  浮¥+878
2026-08-07 14:04:01,415 [INFO] 
--- [14:04:01] ---
2026-08-07 14:04:01,415 [INFO] 
--- [14:04:01] ---
2026-08-07 14:04:01,415 [INFO] 持仓 601126.SH: 45.74 涨+2.4%  浮¥+830
2026-08-07 14:04:01,416 [INFO] 
--- [14:04:01] ---
2026-08-07 14:04:01,416 [INFO] 持仓 601126.SH: 45.74 涨+2.4%  浮¥+830
2026-08-07 14:05:01,606 [INFO] 
--- [14:05:01] ---
2026-08-07 14:05:01,606 [INFO] 
--- [14:05:01] ---
2026-08-07 14:05:01,607 [INFO] 持仓 601126.SH: 45.76 涨+2.4%  浮¥+846
2026-08-07 14:05:01,607 [INFO] 持仓 601126.SH: 45.76 涨+2.4%  浮¥+846
2026-08-07 14:05:01,607 [INFO] 持仓 601126.SH: 45.76 涨+2.4%  浮¥+846
2026-08-07 14:06:01,805 [INFO] 
--- [14:06:01] ---
2026-08-07 14:06:01,805 [INFO] 
--- [14:06:01] ---
2026-08-07 14:06:01,805 [INFO] 持仓 601126.SH: 45.70 涨+2.3%  浮¥+798
2026-08-07 14:06:01,805 [INFO] 持仓 601126.SH: 45.70 涨+2.3%  浮¥+798
2026-08-07 14:06:01,805 [INFO] 
--- [14:06:01] ---
2026-08-07 14:06:01,805 [INFO] 持仓 601126.SH: 45.70 涨+2.3%  浮¥+798
2026-08-07 14:07:02,001 [INFO] 
--- [14:07:01] ---
2026-08-07 14:07:02,001 [INFO] 
--- [14:07:01] ---
2026-08-07 14:07:02,001 [INFO] 持仓 601126.SH: 45.80 涨+2.5%  浮¥+878
2026-08-07 14:07:02,001 [INFO] 持仓 601126.SH: 45.80 涨+2.5%  浮¥+878
2026-08-07 14:08:00,185 [INFO] 
--- [14:08:00] ---
2026-08-07 14:08:00,185 [INFO] 
--- [14:08:00] ---
2026-08-07 14:08:00,185 [INFO] 持仓 601126.SH: 45.80 涨+2.5%  浮¥+878
2026-08-07 14:08:00,185 [INFO] 持仓 601126.SH: 45.80 涨+2.5%  浮¥+878
2026-08-07 14:08:00,185 [INFO] 
--- [14:08:00] ---
2026-08-07 14:08:00,186 [INFO] 持仓 601126.SH: 45.80 涨+2.5%  浮¥+878
2026-08-07 14:09:00,376 [INFO] 
--- [14:09:00] ---
2026-08-07 14:09:00,376 [INFO] 
--- [14:09:00] ---
2026-08-07 14:09:00,376 [INFO] 
--- [14:09:00] ---
2026-08-07 14:09:00,376 [INFO] 持仓 601126.SH: 45.83 涨+2.6%  浮¥+902
2026-08-07 14:09:00,376 [INFO] 持仓 601126.SH: 45.83 涨+2.6%  浮¥+902
2026-08-07 14:09:00,376 [INFO] 持仓 601126.SH: 45.83 涨+2.6%  浮¥+902
2026-08-07 14:10:00,554 [INFO] 
--- [14:10:00] ---
2026-08-07 14:10:00,554 [INFO] 持仓 601126.SH: 45.82 涨+2.6%  浮¥+894
2026-08-07 14:10:00,554 [INFO] 
--- [14:10:00] ---
2026-08-07 14:10:00,555 [INFO] 持仓 601126.SH: 45.82 涨+2.6%  浮¥+894
2026-08-07 14:10:00,555 [INFO] 
--- [14:10:00] ---
2026-08-07 14:10:00,555 [INFO] 持仓 601126.SH: 45.82 涨+2.6%  浮¥+894
2026-08-07 14:11:00,742 [INFO] 
--- [14:11:00] ---
2026-08-07 14:11:00,742 [INFO] 持仓 601126.SH: 45.82 涨+2.6%  浮¥+894
 [INFO] 
--- [14:11:00] ---
2026-08-07 14:11:00,742 [INFO] 持仓 601126.SH: 45.82 涨+2.6%  浮¥+894
2026-08-07 14:11:00,742 [INFO] 持仓 601126.SH: 45.82 涨+2.6%  浮¥+894
2026-08-07 14:11:28,822 [INFO] 
🔔 [14:11:28] 检测到 score_now=true, 执行按需评分...
2026-08-07 14:11:28,824 [INFO] 
🔔 [14:11:28] 检测到 score_now=true, 执行按需评分...
2026-08-07 14:11:28,824 [INFO] 
🔔 [14:11:28] 检测到 score_now=true, 执行按需评分...
2026-08-07 14:11:31,255 [INFO] Walk-Forward 训练完成: 670个样本, W=[ 0.972  0.209  0.467 -0.434  0.372  0.217]
2026-08-07 14:11:31,256 [INFO] Walk-Forward 训练完成: 670个样本, W=[ 0.972  0.209  0.467 -0.434  0.372  0.217]
2026-08-07 14:11:31,257 [INFO]   ✅ 按需评分已输出 → C:\Lazy\MarcoAI\AICode\AITrading\tpo3_scores.txt
2026-08-07 14:11:31,258 [INFO]   ✅ 按需评分已输出 → C:\Lazy\MarcoAI\AICode\AITrading\tpo3_scores.txt
2026-08-07 14:11:31,259 [INFO]   score_now 已自动重置为 false
2026-08-07 14:11:31,259 [INFO]   ✅ 按需评分已输出 → C:\Lazy\MarcoAI\AICode\AITrading\tpo3_scores.txt
2026-08-07 14:11:31,261 [INFO]   score_now 已自动重置为 false
2026-08-07 14:11:31,261 [INFO]   score_now 已自动重置为 false
2026-08-07 14:12:01,343 [INFO] 
--- [14:12:01] ---
2026-08-07 14:12:01,343 [INFO] 
--- [14:12:01] ---
2026-08-07 14:12:01,344 [INFO] 持仓 601126.SH: 45.70 涨+2.3%  浮¥+798
2026-08-07 14:12:01,344 [INFO] 持仓 601126.SH: 45.70 涨+2.3%  浮¥+798
2026-08-07 14:12:01,346 [INFO] 
--- [14:12:01] ---
2026-08-07 14:12:01,346 [INFO] 持仓 601126.SH: 45.70 涨+2.3%  浮¥+798
2026-08-07 14:13:01,545 [INFO] 
--- [14:13:01] ---
2026-08-07 14:13:01,545 [INFO] 
--- [14:13:01] ---
2026-08-07 14:13:01,545 [INFO] 
--- [14:13:01] ---
2026-08-07 14:13:01,546 [INFO] 持仓 601126.SH: 45.73 涨+2.4%  浮¥+822
2026-08-07 14:13:01,546 [INFO] 持仓 601126.SH: 45.73 涨+2.4%  浮¥+822
2026-08-07 14:14:01,729 [INFO] 
--- [14:14:01] ---
2026-08-07 14:14:01,730 [INFO] 
--- [14:14:01] ---
2026-08-07 14:14:01,730 [INFO] 
--- [14:14:01] ---
2026-08-07 14:14:01,730 [INFO] 持仓 601126.SH: 45.70 涨+2.3%  浮¥+798
2026-08-07 14:14:01,730 [INFO] 持仓 601126.SH: 45.70 涨+2.3%  浮¥+798
2026-08-07 14:14:01,730 [INFO] 持仓 601126.SH: 45.70 涨+2.3%  浮¥+798
2026-08-07 14:15:01,908 [INFO] 
--- [14:15:01] ---
2026-08-07 14:15:01,908 [INFO] 
--- [14:15:01] ---
2026-08-07 14:15:01,908 [INFO] 持仓 601126.SH: 45.70 涨+2.3%  浮¥+798
2026-08-07 14:15:01,909 [INFO] 持仓 601126.SH: 45.70 涨+2.3%  浮¥+798
2026-08-07 14:15:01,909 [INFO] 持仓 601126.SH: 45.70 涨+2.3%  浮¥+798
2026-08-07 14:16:00,092 [INFO] 
--- [14:16:00] ---
2026-08-07 14:16:00,092 [INFO] 
--- [14:16:00] ---
2026-08-07 14:16:00,092 [INFO] 持仓 601126.SH: 45.69 涨+2.3%  浮¥+790
2026-08-07 14:16:00,093 [INFO] 持仓 601126.SH: 45.69 涨+2.3%  浮¥+790
2026-08-07 14:17:00,286 [INFO] 
--- [14:17:00] ---
2026-08-07 14:17:00,286 [INFO] 
--- [14:17:00] ---
2026-08-07 14:17:00,287 [INFO] 持仓 601126.SH: 45.60 涨+2.1%  浮¥+718
2026-08-07 14:17:00,287 [INFO] 持仓 601126.SH: 45.60 涨+2.1%  浮¥+718
2026-08-07 14:18:00,480 [INFO] 
--- [14:18:00] ---
2026-08-07 14:18:00,481 [INFO] 
--- [14:18:00] ---
2026-08-07 14:18:00,481 [INFO] 持仓 601126.SH: 45.49 涨+1.8%  浮¥+630
2026-08-07 14:18:00,481 [INFO] 
--- [14:18:00] ---
2026-08-07 14:18:00,482 [INFO] 持仓 601126.SH: 45.49 涨+1.8%  浮¥+630
2026-08-07 14:19:00,669 [INFO] 
--- [14:19:00] ---
2026-08-07 14:19:00,669 [INFO] 
--- [14:19:00] ---
2026-08-07 14:19:00,669 [INFO] 持仓 601126.SH: 45.58 涨+2.0%  浮¥+702
2026-08-07 14:19:00,669 [INFO] 
--- [14:19:00] ---
2026-08-07 14:19:00,669 [INFO] 持仓 601126.SH: 45.58 涨+2.0%  浮¥+702
2026-08-07 14:19:00,670 [INFO] 持仓 601126.SH: 45.58 涨+2.0%  浮¥+702
2026-08-07 14:20:00,863 [INFO] 
--- [14:20:00] ---
2026-08-07 14:20:00,864 [INFO] 
--- [14:20:00] ---
2026-08-07 14:20:00,864 [INFO] 
--- [14:20:00] ---
2026-08-07 14:20:00,864 [INFO] 持仓 601126.SH: 45.62 涨+2.1%  浮¥+734
2026-08-07 14:20:00,864 [INFO] 持仓 601126.SH: 45.62 涨+2.1%  浮¥+734
2026-08-07 14:21:01,050 [INFO] 
--- [14:21:01] ---
2026-08-07 14:21:01,050 [INFO] 持仓 601126.SH: 45.53 涨+1.9%  浮¥+662
2026-08-07 14:21:01,050 [INFO] 
--- [14:21:01] ---
2026-08-07 14:21:01,050 [INFO] 
--- [14:21:01] ---
2026-08-07 14:21:01,050 [INFO] 持仓 601126.SH: 45.53 涨+1.9%  浮¥+662
2026-08-07 14:21:01,050 [INFO] 持仓 601126.SH: 45.53 涨+1.9%  浮¥+662
2026-08-07 14:22:01,240 [INFO] 
--- [14:22:01] ---
2026-08-07 14:22:01,241 [INFO] 
--- [14:22:01] ---
2026-08-07 14:22:01,241 [INFO] 持仓 601126.SH: 45.51 涨+1.9%  浮¥+646
2026-08-07 14:22:01,241 [INFO] 持仓 601126.SH: 45.51 涨+1.9%  浮¥+646
2026-08-07 14:22:01,241 [INFO] 持仓 601126.SH: 45.51 涨+1.9%  浮¥+646
2026-08-07 14:23:01,428 [INFO] 
--- [14:23:01] ---
2026-08-07 14:23:01,428 [INFO] 持仓 601126.SH: 45.42026-08-07 14:23:01,4292026-08-07 14:23:01,429 [INFO] 持仓 601126.SH: 45.49 涨+1.8%  浮¥+630
2026-08-07 14:24:01,624 [INFO] 
--- [14:24:01] ---
2026-08-07 14:24:01,624 [INFO] 
--- [14:24:01] ---
2026-08-07 14:24:01,625 [INFO] 持仓 601126.SH: 45.53 涨+1.9%  浮¥+662
2026-08-07 14:24:01,625 [INFO] 持仓 601126.SH: 45.53 涨+1.9%  浮¥+662
2026-08-07 14:24:01,626 [INFO] 持仓 601126.SH: 45.53 涨+1.9%  浮¥+662
2026-08-07 14:25:01,811 [INFO] 
--- [14:25:01] ---
2026-08-07 14:25:01,811 [INFO] 
--- [14:25:01] ---
2026-08-07 14:25:01,812 [INFO] 持仓 601126.SH: 45.45 涨+1.7%  浮¥+598
2026-08-07 14:25:01,812 [INFO] 持仓 601126.SH: 45.45 涨+1.7%  浮¥+598
2026-08-07 14:25:01,812 [INFO] 持仓 601126.SH: 45.45 涨+1.7%  浮¥+598
2026-08-07 14:26:01,982 [INFO] 
--- [14:26:01] ---
2026-08-07 14:26:01,983 [INFO] 持仓 601126.SH: 45.42026-08-07 14:26:01,9832026-08-07 14:26:01,983 [INFO] 持仓 601126.SH: 45.41 涨+1.7%  浮¥+566
2026-08-07 14:27:00,179 [INFO] 
--- [14:27:00] ---
2026-08-07 14:27:00,179 [INFO] 
--- [14:27:00] ---
2026-08-07 14:27:00,179 [INFO] 持仓 601126.SH: 45.39 涨+1.6%  浮¥+550
2026-08-07 14:27:00,180 [INFO] 持仓 601126.SH: 45.39 涨+1.6%  浮¥+550
2026-08-07 14:27:00,180 [INFO] 持仓 601126.SH: 45.39 涨+1.6%  浮¥+550
2026-08-07 14:28:00,378 [INFO] 
--- [14:28:00] ---
2026-08-07 14:28:00,378 [INFO] 
--- [14:28:00] ---
2026-08-07 14:28:00,378 [INFO] 持仓 601126.SH: 45.33 涨+1.5%  浮¥+502
2026-08-07 14:28:00,378 [INFO] 
--- [14:28:00] ---
2026-08-07 14:28:00,379 [INFO] 持仓 601126.SH: 45.33 涨+1.5%  浮¥+502
2026-08-07 14:28:00,379 [INFO] 持仓 601126.SH: 45.33 涨+1.5%  浮¥+502
2026-08-07 14:29:00,570 [INFO] 
--- [14:29:00] ---
2026-08-07 14:29:00,570 [INFO] 
--- [14:29:00] ---
2026-08-07 14:29:00,571 [INFO] 持仓 601126.SH: 45.43 涨+1.7%  浮¥+582
2026-08-07 14:29:00,570 [INFO] 
--- [14:29:00] ---
2026-08-07 14:29:00,571 [INFO] 持仓 601126.SH: 45.43 涨+1.7%  浮¥+582
2026-08-07 14:30:00,857 [INFO] 
--- [14:30:00] ---
2026-08-07 14:30:00,857 [INFO] 持仓 601126.SH: 45.59 涨+2.1%  浮¥+710
2026-08-07 14:30:00,857 [INFO] 持仓 601126.SH: 45.59 涨+2.1%  浮¥+710
2026-08-07 14:30:00,857 [INFO]   TPO3 1. 长飞光纤(601869.SH) 334.99 涨+2.1%  评分+1.369
2026-08-07 14:30:00,858 [INFO]   TPO3 1. 长飞光纤(601869.SH) 334.99 涨+2.1%  评分+1.369
2026-08-07 14:30:00,858 [INFO] 持仓 601126.SH: 45.59 涨+2.1%  浮¥+710
.5%  评分+0.849
2026-08-07 14:30:00,858 [INFO]   TPO3 2. 中钨高新(000657.SZ) 66.57 涨+6.5%  评分+0.849
2026-08-07 14:30:00,858 [INFO]   TPO3 3. 松发股份(603268.SH) 182.33 涨+1.3%  评分+0.592
2026-08-07 14:30:00,858 [INFO]   TPO3 1. 长飞光纤(601869.SH) 334.99 涨+2.1%  评分+1.369
2026-08-07 14:30:00,858 [INFO]   TPO3 3. 松发股份(603268.SH) 182.33 涨+1.3%  评分+0.592
2026-08-07 14:30:00,858 [INFO]   TPO3 2. 中钨高新(000657.SZ) 66.57 涨+6.5%  评分+0.849
2026-08-07 14:30:00,858 [INFO]   TPO3 3. 松发股份(603268.SH) 182.33 涨+1.3%  评分+0.592
2026-08-07 14:31:01,043 [INFO] 
--- [14:31:01] ---
2026-08-07 14:31:01,044 [INFO] 持仓 601126.SH: 45.68 涨+2.3%  浮¥+782
2026-08-07 14:31:01,044 [INFO] 
--- [14:31:01] ---
2026-08-07 14:31:01,044 [INFO] 持仓 601126.SH: 45.68 涨+2.3%  浮¥+782
2026-08-07 14:31:01,045 [INFO]   TPO3 1. 长飞光纤(601869.SH) 336.58 涨+2.5%  评分+1.266
2026-08-07 14:31:01,043 [INFO] 
--- [14:31:01] ---
2026-08-07 14:31:01,045 [INFO]   TPO3 1. 长飞光纤(601869.SH) 336.58 涨+2.5%  评分+1.266
2026-08-07 14:31:01,046 [INFO] 持仓 601126.SH: 45.68 涨+2.3%  浮¥+782
2026-08-07 14:31:01,046 [INFO]   TPO3 3. 松发股份(603268.SH) 182.41 涨+1.3%  评分+0.583
2026-08-07 14:31:01,046 [INFO]   TPO3 2. 中钨高新(000657.SZ) 66.40 涨+6.2%  评分+0.906
2026-08-07 14:31:01,047 [INFO]   TPO3 1. 长飞光纤(601869.SH) 336.58 涨+2.5%  评分+1.266
2026-08-07 14:31:01,047 [INFO]   TPO3 3. 松发股份(603268.SH) 182.41 涨+1.3%  评分+0.583
2026-08-07 14:31:01,047 [INFO]   TPO3 2. 中钨高新(000657.SZ) 66.40 涨+6.2%  评分+0.906
2026-08-07 14:31:01,047 [INFO]   TPO3 3. 松发股份(603268.SH) 182.41 涨+1.3%  评分+0.583
2026-08-07 14:32:01,236 [INFO] 
--- [14:32:01] ---
2026-08-07 14:32:01,236 [INFO] 
--- [14:32:01] ---
2026-08-07 14:32:01,236 [INFO] 持仓 601126.SH: 45.79 涨+2.5%  浮¥+870
2026-08-07 14:32:01,236 [INFO] 持仓 601126.SH: 45.79 涨+2.5%  浮¥+870
2026-08-07 14:32:01,237 [INFO]   TPO3 1. 长飞光纤(601869.SH) 336.48 涨+2.5%  评分+1.273
2026-08-07 14:32:01,237 [INFO]   TPO3 1. 长飞光纤(601869.SH) 336.48 涨+2.5%  评分+1.273
2026-08-07 14:32:01,237 [INFO]   TPO3 2. 中钨高新(000657.SZ) 66.38 涨+6.2%  评分+0.913
2026-08-07 14:32:01,237 [INFO]   TPO3 2. 中钨高新(000657.SZ) 66.38 涨+6.2%  评分+0.913
2026-08-07 14:32:01,237 [INFO] 持仓 601126.SH: 45.79 涨+2.5%  浮¥+870
2026-08-07 14:32:01,238 [INFO]   TPO3 3. 松发股份(603268.SH) 181.95 涨+1.1%  评分+0.637
2026-08-07 14:32:01,238 [INFO]   TPO3 3. 松发股份(603268.SH) 181.95 涨+1.1%  评分+0.637
2026-08-07 14:32:01,238 [INFO]   TPO3 1. 长飞光纤(601869.SH) 336.48 涨+2.5%  评分+1.273
2026-08-07 14:32:01,238 [INFO]   TPO3 2. 中钨高新(000657.SZ) 66.38 涨+6.2%  评分+0.913
2026-08-07 14:32:01,238 [INFO]   TPO3 3. 松发股份(603268.SH) 181.95 涨+1.1%  评分+0.637
2026-08-07 14:33:01,427 [INFO] 
--- [14:33:01] ---
2026-08-07 14:33:01,427 [INFO] 持仓 601126.SH: 45.79 涨+2.5%  浮¥+870
2026-08-07 14:33:01,427 [INFO] 
--- [14:33:01] ---
2026-08-07 14:33:01,427 [INFO]   TPO3 1. 长飞光纤(601869.SH) 337.84 涨+2.9%  评分+1.185
2026-08-07 14:33:01,427 [INFO] 持仓 601126.SH: 45.79 涨+2.5%  浮¥+870
2026-08-07 14:33:01,427 [INFO] 
--- [14:33:01] ---
2026-08-07 14:33:01,427 [INFO]   TPO3 2. 中钨高新(000657.SZ) 66.43 涨+6.3%  评分+0.896
2026-08-07 14:33:01,427 [INFO]   TPO3 3. 松发股份(603268.SH) 181.98 涨+1.1%  评分+0.633
2026-08-07 14:33:01,427 [INFO] 持仓 601126.SH: 45.79 涨+2.5%  浮¥+870
2026-08-07 14:33:01,427 [INFO]   TPO3 1. 长飞光纤(601869.SH) 337.84 涨+2.9%  评分+1.185
2026-08-07 14:33:01,428 [INFO]   TPO3 1. 长飞光纤(601869.SH) 337.84 涨+2.9%  评分+1.185
2026-08-07 14:33:01,428 [INFO]   TPO3 3. 松发股份(603268.SH) 181.98 涨+1.1%  评分+0.633
2026-08-07 14:33:01,428 [INFO]   TPO3 2. 中钨高新(000657.SZ) 66.43 涨+6.3%  评分+0.896
2026-08-07 14:33:01,428 [INFO]   TPO3 3. 松发股份(603268.SH) 181.98 涨+1.1%  评分+0.633
2026-08-07 14:34:01,614 [INFO] 
--- [14:34:01] ---
2026-08-07 14:34:01,614 [INFO] 
--- [14:34:01] ---
2026-08-07 14:34:01,614 [INFO] 持仓 601126.SH: 45.82 涨+2.6%  浮¥+894
2026-08-07 14:34:01,614 [INFO] 持仓 601126.SH: 45.82 涨+2.6%  浮¥+894
2026-08-07 14:34:01,615 [INFO] 持仓 601126.SH: 45.82 涨+2.6%  浮¥+894
2026-08-07 14:34:01,615 [INFO]   TPO3 1. 长飞光纤(601869.SH) 339.78 涨+3.5%  评分+1.060
2026-08-07 14:34:01,615 [INFO]   TPO3 1. 长飞光纤(601869.SH) 339.78 涨+3.5%  评分+1.060
2026-08-07 14:34:01,615 [INFO]   TPO3 2. 中钨高新(000657.SZ) 66.62 涨+6.6%  评分+0.832
2026-08-07 14:34:01,615 [INFO]   TPO3 1. 长飞光纤(601869.SH) 339.78 涨+3.5%  评分+1.060
2026-08-07 14:34:01,616 [INFO]   TPO3 3. 松发股份(603268.SH) 181.82 涨+1.0%  评分+0.652
2026-08-07 14:34:01,616 [INFO]   TPO3 2. 中钨高新(000657.SZ) 66.62 涨+6.6%  评分+0.832
2026-08-07 14:34:01,616 [INFO]   TPO3 3. 松发股份(603268.SH) 181.82 涨+1.0%  评分+0.652
2026-08-07 14:34:01,616 [INFO]   TPO3 3. 松发股份(603268.SH) 181.82 涨+1.0%  评分+0.652
2026-08-07 14:35:01,807 [INFO] 
--- [14:35:01] ---
2026-08-07 14:35:01,807 [INFO] 持仓 601126.SH: 45.81 涨+2.6%  浮¥+886
2026-08-07 14:35:01,808 [INFO] 持仓 601126.SH: 45.81 涨+2.6%  浮¥+886
2026-08-07 14:35:01,808 [INFO]   TPO3 1. 长飞光纤(601869.SH) 339.02 涨+3.3%  评分+1.109
2026-08-07 14:35:01,808 [INFO]   TPO3 1. 长飞光纤(601869.SH) 339.02 涨+3.3%  评分+1.109
2026-08-07 14:35:01,808 [INFO]   TPO3 2. 中钨高新(000657.SZ) 66.70 涨+6.7%  评分+0.805
2026-08-07 14:35:01,807 [INFO] 
--- [14:35:01] ---
(603268.SH) 182.28 涨+1.3%  评分+0.598
2026-08-07 14:35:01,808 [INFO]   TPO3 2. 中钨高新(000657.SZ) 66.70 涨+6.7%  评分+0.805
2026-08-07 14:35:01,808 [INFO] 持仓 601126.SH: 45.81 涨+2.6%  浮¥+886
2026-08-07 14:35:01,808 [INFO]   TPO3 3. 松发股份(603268.SH) 182.28 涨+1.3%  评分+0.598
2026-08-07 14:35:01,809 [INFO]   TPO3 1. 长飞光纤(601869.SH) 339.02 涨+3.3%  评分+1.109
2026-08-07 14:35:01,809 [INFO]   TPO3 2. 中钨高新(000657.SZ) 66.70 涨+6.7%  评分+0.805
2026-08-07 14:35:01,809 [INFO]   TPO3 3. 松发股份(603268.SH) 182.28 涨+1.3%  评分+0.598
2026-08-07 14:36:01,984 [INFO] 
--- [14:36:01] ---
2026-08-07 14:36:01,984 [INFO] 持仓 601126.SH: 45.91 涨+2.8%  浮¥+966
2026-08-07 14:36:01,984 [INFO] 
--- [14:36:01] ---
2026-08-07 14:36:01,984 [INFO] 持仓 601126.SH: 45.91 涨+2.8%  浮¥+966
2026-08-07 14:36:01,984 [INFO]   TPO3 1. 长飞光纤(601869.SH) 338.61 涨+3.2%  评分+1.135
2026-08-07 14:36:01,984 [INFO]   TPO3 1. 长飞光纤(601869.SH) 338.61 涨+3.2%  评分+1.135
2026-08-07 14:36:01,985 [INFO]   TPO3 2. 中钨高新(000657.SZ) 66.66 涨+6.7%  评分+0.818
2026-08-07 14:36:01,985 [INFO]   TPO3 2. 中钨高新(000657.SZ) 66.66 涨+6.7%  评分+0.818
2026-08-07 14:36:01,985 [INFO]   TPO3 3. 松发股份(603268.SH) 182.33 涨+1.3%  评分+0.592
2026-08-07 14:36:01,984 [INFO] 
--- [14:36:01] ---
2026-08-07 14:36:01,985 [INFO]   TPO3 3. 松发股份(603268.SH) 182.33 涨+1.3%  评分+0.592
2026-08-07 14:36:01,985 [INFO] 持仓 601126.SH: 45.91 涨+2.8%  浮¥+966
2026-08-07 14:36:01,985 [INFO]   TPO3 1. 长飞光纤(601869.SH) 338.61 涨+3.2%  评分+1.135
2026-08-07 14:36:01,985 [INFO]   TPO3 2. 中钨高新(000657.SZ) 66.66 涨+6.7%  评分+0.818
2026-08-07 14:36:01,986 [INFO]   TPO3 3. 松发股份(603268.SH) 182.33 涨+1.3%  评分+0.592
2026-08-07 14:36:49,526 [INFO] ============================================================
2026-08-07 14:36:49,526 [INFO]   311策略 自动交易 v2.0 (基准版)
2026-08-07 14:36:49,527 [INFO]   卖出: 止损-6% > 涨停 > 14:55收盘卖
2026-08-07 14:36:49,527 [INFO]   买入: 14:57 TPO3最优 @ 最新价×1.01(不超涨停)
2026-08-07 14:36:49,527 [INFO] ============================================================
2026-08-07 14:36:49,528 [INFO] D-3=20260806 D-2=20260807
2026-08-07 14:36:49,539 [INFO] TPO3买池: 4只
2026-08-07 14:36:49,539 [INFO]   中钨高新(000657.SZ)
2026-08-07 14:36:49,539 [INFO]   金安国纪(002636.SZ)
2026-08-07 14:36:49,539 [INFO]   长飞光纤(601869.SH)
2026-08-07 14:36:49,539 [INFO]   松发股份(603268.SH)
2026-08-07 14:36:49,539 [INFO] 连接MiniQMT...
2026-08-07 14:36:49,693 [INFO] 账户: 总资产 ¥37,524  可用 ¥820
2026-08-07 14:36:49,694 [INFO] 持仓: 601126.SH 800股 @44.70 (现价45.88 浮盈+942)
2026-08-07 14:36:49,695 [INFO] 预计算ATR/MA5...
2026-08-07 14:36:49,698 [INFO]   中钨高新(000657.SZ): ATR10=4.644 MA5=53.93 D3量=1.7M
2026-08-07 14:36:49,701 [INFO]   金安国纪(002636.SZ): ATR10=5.891 MA5=53.08 D3量=0.8M
2026-08-07 14:36:49,704 [INFO]   长飞光纤(601869.SH): ATR10=27.723 MA5=291.69 D3量=0.2M
2026-08-07 14:36:49,706 [INFO]   松发股份(603268.SH): ATR10=9.782 MA5=162.45 D3量=0.1M
2026-08-07 14:36:49,706 [INFO] Walk-Forward 训练...
2026-08-07 14:36:51,785 [INFO] Walk-Forward 训练完成: 670个样本, W=[ 0.972  0.209  0.467 -0.434  0.372  0.217]
2026-08-07 14:36:51,785 [INFO]   W: [ 0.972  0.209  0.467 -0.434  0.372  0.217]
2026-08-07 14:36:53,786 [INFO] 
🔔 开盘预挂涨停卖单: 601126.SH 800股 @涨停49.14 (昨收=44.67)
2026-08-07 14:36:53,834 [INFO]   涨停卖单已挂, 订单ID: 2014314500
2026-08-07 14:36:55,835 [INFO] 
2026-08-07 14:36:55,835 [INFO] 开始盘中监控 (每2秒轮询)...
2026-08-07 14:36:55,835 [INFO]   涨停: 开盘预挂单, 成交即走, 不额外监控
2026-08-07 14:36:55,835 [INFO]   止损: -6%触发 → smart_sell(自动撤涨停单)
2026-08-07 14:36:55,835 [INFO]   尾盘: 14:55 撤涨停单 → 收盘卖出
2026-08-07 14:36:55,836 [INFO]   买入: 14:57:03 挂单 @ 最新价×1.01(不超涨停)
2026-08-07 14:36:55,836 [INFO]   止损/尾盘卖: 卖一-0.01, 2tick未成→撤单重挂
2026-08-07 14:36:55,836 [INFO]   热开关: 改 C:\Lazy\MarcoAI\AICode\AITrading\auto_trade_config.json score_now=true 即可触发按需评分
2026-08-07 14:36:55,837 [INFO] 
2026-08-07 14:36:55,845 [INFO] 
--- [14:36:55] ---
2026-08-07 14:36:55,846 [INFO] 持仓 601126.SH: 45.87 涨+2.7%  浮¥+934
2026-08-07 14:36:55,846 [INFO]   TPO3 1. 长飞光纤(601869.SH) 338.11 涨+3.0%  评分+1.168
2026-08-07 14:36:55,848 [INFO]   TPO3 2. 中钨高新(000657.SZ) 66.69 涨+6.7%  评分+0.808
2026-08-07 14:36:55,848 [INFO]   TPO3 3. 松发股份(603268.SH) 182.38 涨+1.3%  评分+0.586
2026-08-07 14:37:00,113 [INFO] 
--- [14:37:00] ---
2026-08-07 14:37:00,113 [INFO] 持仓 601126.SH: 45.86 涨+2.7%  浮¥+926
2026-08-07 14:37:00,113 [INFO] 
--- [14:37:00] ---
2026-08-07 14:37:00,114 [INFO]   TPO3 1. 长飞光纤(601869.SH) 338.09 涨+3.0%  评分+1.169
2026-08-07 14:37:00,114 [INFO] 持仓 601126.SH: 45.86 涨+2.7%  浮¥+926
2026-08-07 14:37:00,114 [INFO]   TPO3 2. 中钨高新(000657.SZ) 66.69 涨+6.7%  评分+0.808
2026-08-07 14:37:00,114 [INFO] 
--- [14:37:00] ---
2026-08-07 14:37:00,114 [INFO]   TPO3 3. 松发股份(603268.SH) 182.44 涨+1.4%  评分+0.579
2026-08-07 14:37:00,115 [INFO] 持仓 601126.SH: 45.86 涨+2.7%  浮¥+926
2026-08-07 14:37:00,115 [INFO]   TPO3 1. 长飞光纤(601869.SH) 338.09 涨+3.0%  评分+1.169
2026-08-07 14:37:00,115 [INFO]   TPO3 2. 中钨高新(000657.SZ) 66.69 涨+6.7%  评分+0.808
2026-08-07 14:37:00,115 [INFO]   TPO3 1. 长飞光纤(601869.SH) 338.09 涨+3.0%  评分+1.169
2026-08-07 14:37:00,116 [INFO]   TPO3 3. 松发股份(603268.SH) 182.44 涨+1.4%  评分+0.579
2026-08-07 14:37:00,116 [INFO]   TPO3 2. 中钨高新(000657.SZ) 66.69 涨+6.7%  评分+0.808
2026-08-07 14:37:00,116 [INFO]   TPO3 3. 松发股份(603268.SH) 182.44 涨+1.4%  评分+0.579
2026-08-07 14:37:01,866 [INFO] 
--- [14:37:01] ---
2026-08-07 14:37:01,866 [INFO] 持仓 601126.SH: 45.86 涨+2.7%  浮¥+926
2026-08-07 14:37:01,867 [INFO]   TPO3 1. 长飞光纤(601869.SH) 338.09 涨+3.0%  评分+1.169
2026-08-07 14:37:01,867 [INFO]   TPO3 2. 中钨高新(000657.SZ) 66.67 涨+6.7%  评分+0.815
2026-08-07 14:37:01,867 [INFO]   TPO3 3. 松发股份(603268.SH) 182.44 涨+1.4%  评分+0.579
2026-08-07 14:38:00,025 [INFO] 
--- [14:38:00] ---
2026-08-07 14:38:00,026 [INFO] 持仓 601126.SH: 45.86 涨+2.7%  浮¥+926
2026-08-07 14:38:00,026 [INFO]   TPO3 1. 长飞光纤(601869.SH) 338.31 涨+3.1%  评分+1.155
2026-08-07 14:38:00,027 [INFO]   TPO3 2. 中钨高新(000657.SZ) 66.61 涨+6.6%  评分+0.835
2026-08-07 14:38:00,027 [INFO]   TPO3 3. 松发股份(603268.SH) 182.55 涨+1.4%  评分+0.566
2026-08-07 14:38:00,300 [INFO] 
--- [14:38:00] ---
2026-08-07 14:38:00,300 [INFO] 
--- [14:38:00] ---
2026-08-07 14:38:00,300 [INFO] 持仓 601126.SH: 45.86 涨+2.7%  浮¥+926
2026-08-07 14:38:00,302 [INFO] 持仓 601126.SH: 45.82026-08-07 14:38:00,3032026-08-07 14:38:00,303 [INFO] 持仓 601126.SH: 45.86 涨+2.7%  浮¥+922026-08-07 14:38:00,304 [INFO]   TPO3 2. 中钨高新(000657.SZ) 66.61 涨+6.6%  评分+0.835

2026-08-07 14:38:00,305 [INFO]   TPO3 2. 中钨高新(000657.SZ) 66.61 涨+6.6%  评分+0.835
2026-08-07 14:38:00,306 [INFO]   TPO3 3. 松发股份(603268.SH) 182.55 涨+1.4%  评分+0.566
2026-08-07 14:38:00,306 [INFO]   TPO3 1. 长飞光纤(601869.SH) 338.31 涨+3.1%  评分+1.155
2026-08-07 14:38:00,307 [INFO]   TPO3 3. 松发股份(603268.SH) 182.55 涨+1.4%  评分+0.566
2026-08-07 14:38:00,307 [INFO]   TPO3 2. 中钨高新(000657.SZ) 66.61 涨+6.6%  评分+0.835
2026-08-07 14:38:00,308 [INFO]   TPO3 3. 松发股份(603268.SH) 182.55 涨+1.4%  评分+0.566
2026-08-07 14:39:00,182 [INFO] 
--- [14:39:00] ---
2026-08-07 14:39:00,182 [INFO] 持仓 601126.SH: 45.81 涨+2.6%  浮¥+886
2026-08-07 14:39:00,183 [INFO]   TPO3 1. 长飞光纤(601869.SH) 337.53 涨+2.8%  评分+1.205
2026-08-07 14:39:00,184 [INFO]   TPO3 2. 中钨高新(000657.SZ) 66.66 涨+6.7%  评分+0.818
2026-08-07 14:39:00,184 [INFO]   TPO3 3. 松发股份(603268.SH) 182.51 涨+1.4%  评分+0.571
2026-08-07 14:39:00,495 [INFO] 
--- [14:39:00] ---
2026-08-07 14:39:00,496 [INFO] 持仓 601126.SH: 45.81 涨+2.6%  浮¥+886
2026-08-07 14:39:00,496 [INFO] 持仓 601126.SH: 45.81 涨+2.6%  浮¥+886
2026-08-07 14:39:00,496 [INFO]   TPO3 1. 长飞光纤(601869.SH) 337.53 涨+2.8%  评分+1.205
2026-08-07 14:39:00,496 [INFO] 
--- [14:39:00] ---
2026-08-07 14:39:00,496 [INFO]   TPO3 2. 中钨高新(000657.SZ) 66.66 涨+6.7%  评分+0.818
2026-08-07 14:39:00,496 [INFO]   TPO3 1. 长飞光纤(601869.SH) 337.53 涨+2.8%  评分+1.205
2026-08-07 14:39:00,496 [INFO]   TPO3 3. 松发股份(603268.SH) 182.51 涨+1.4%  评分+0.571
2026-08-07 14:39:00,496 [INFO]   TPO3 2. 中钨高新(000657.SZ) 66.66 涨+6.7%  评分+0.818
2026-08-07 14:39:00,497 [INFO]   TPO3 3. 松发股份(603268.SH) 182.51 涨+1.4%  评分+0.571
2026-08-07 14:39:00,496 [INFO]   TPO3 1. 长飞光纤(601869.SH) 337.53 涨+2.8%  评分+1.205
2026-08-07 14:39:00,497 [INFO]   TPO3 2. 中钨高新(000657.SZ) 66.66 涨+6.7%  评分+0.818
2026-08-07 14:39:00,497 [INFO]   TPO3 3. 松发股份(603268.SH) 182.51 涨+1.4%  评分+0.571
2026-08-07 14:40:00,339 [INFO] 
--- [14:40:00] ---
2026-08-07 14:40:00,339 [INFO] 持仓 601126.SH: 45.83 涨+2.6%  浮¥+902
2026-08-07 14:40:00,340 [INFO]   TPO3 1. 长飞光纤(601869.SH) 337.34 涨+2.8%  评分+1.217
2026-08-07 14:40:00,340 [INFO]   TPO3 2. 中钨高新(000657.SZ) 66.66 涨+6.7%  评分+0.818
2026-08-07 14:40:00,340 [INFO]   TPO3 3. 松发股份(603268.SH) 182.40 涨+1.3%  评分+0.584
2026-08-07 14:40:00,687 [INFO] 
--- [14:40:00] ---
2026-08-07 14:40:00,687 [INFO] 
--- [14:40:00] ---
2026-08-07 14:40:00,687 [INFO] 持仓 601126.SH: 45.83 涨+2.6%  浮¥+902
2026-08-07 14:40:00,687 [INFO] 持仓 601126.SH: 45.83 涨+2.6%  浮¥+902
2026-08-07 14:40:00,688 [INFO]   TPO3 1. 长飞光纤(601869.SH) 337.34 涨+2.8%  评分+1.217
2026-08-07 14:40:00,688 [INFO] 
--- [14:40:00] ---
2026-08-07 14:40:00,688 [INFO]   TPO3 2. 中钨高新(000657.SZ) 66.66 涨+6.7%  评分+0.818
2026-08-07 14:40:00,688 [INFO]   TPO3 1. 长飞光纤(601869.SH) 337.34 涨+2.8%  评分+1.217
2026-08-07 14:40:00,688 [INFO]   TPO3 3. 松发股份(603268.SH) 182.40 涨+1.3%  评分+0.584
2026-08-07 14:40:00,688 [INFO]   TPO3 2. 中钨高新(000657.SZ) 66.66 涨+6.7%  评分+0.818
2026-08-07 14:40:00,688 [INFO]   TPO3 3. 松发股份(603268.SH) 182.40 涨+1.3%  评分+0.584
2026-08-07 14:40:00,688 [INFO]   TPO3 1. 长飞光纤(601869.SH) 337.34 涨+2.8%  评分+1.217
2026-08-07 14:40:00,688 [INFO]   TPO3 2. 中钨高新(000657.SZ) 66.66 涨+6.7%  评分+0.818
2026-08-07 14:40:00,689 [INFO]   TPO3 3. 松发股份(603268.SH) 182.40 涨+1.3%  评分+0.584
2026-08-07 14:41:00,499 [INFO] 
--- [14:41:00] ---
2026-08-07 14:41:00,500 [INFO] 持仓 601126.SH: 45.85 涨+2.6%  浮¥+918
2026-08-07 14:41:00,500 [INFO]   TPO3 1. 长飞光纤(601869.SH) 338.30 涨+3.1%  评分+1.155
2026-08-07 14:41:00,501 [INFO]   TPO3 2. 中钨高新(000657.SZ) 66.72 涨+6.8%  评分+0.798
2026-08-07 14:41:00,501 [INFO]   TPO3 3. 松发股份(603268.SH) 182.41 涨+1.3%  评分+0.583
2026-08-07 14:41:00,894 [INFO] 
--- [14:41:00] ---
2026-08-07 14:41:00,894 [INFO] 
--- [14:41:00] ---
2026-08-07 14:41:00,894 [INFO] 持仓 601126.SH: 45.86 涨+2.7%  浮¥+926
2026-08-07 14:41:00,895 [INFO] 持仓 601126.SH: 45.86 涨+2.7%  浮¥+926
2026-08-07 14:41:00,895 [INFO]   TPO3 1. 长飞光纤(601869.SH) 338.30 涨+3.1%  评分+1.155
2026-08-07 14:41:00,895 [INFO]   TPO3 1. 长飞光纤(601869.SH) 338.30 涨+3.1%  评分+1.155
2026-08-07 14:41:00,896 [INFO]   TPO3 2. 中钨高新(000657.SZ) 66.72 涨+6.8%  评分+0.798
2026-08-07 14:41:00,896 [INFO]   TPO3 3. 松发股份(603268.SH) 182.41 涨+1.3%  评分+0.583
2026-08-07 14:41:00,896 [INFO]   TPO3 2. 中钨高新(000657.SZ) 66.72 涨+6.8%  评分+0.798
2026-08-07 14:41:00,896 [INFO] 持仓 601126.SH: 45.86 涨+2.7%  浮¥+926
2026-08-07 14:41:00,897 [INFO]   TPO3 3. 松发股份(603268.SH) 182.41 涨+1.3%  评分+0.583
2026-08-07 14:41:00,897 [INFO]   TPO3 1. 长飞光纤(601869.SH) 338.30 涨+3.1%  评分+1.155
2026-08-07 14:41:00,898 [INFO]   TPO3 2. 中钨高新(000657.SZ) 66.72 涨+6.8%  评分+0.798
2026-08-07 14:41:00,899 [INFO]   TPO3 3. 松发股份(603268.SH) 182.41 涨+1.3%  评分+0.583
2026-08-07 14:42:00,664 [INFO] 
--- [14:42:00] ---
2026-08-07 14:42:00,664 [INFO] 持仓 601126.SH: 45.87 涨+2.7%  浮¥+934
2026-08-07 14:42:00,665 [INFO]   TPO3 1. 长飞光纤(601869.SH) 338.50 涨+3.1%  评分+1.142
2026-08-07 14:42:00,665 [INFO]   TPO3 2. 中钨高新(000657.SZ) 66.90 涨+7.0%  评分+0.737
2026-08-07 14:42:00,665 [INFO]   TPO3 3. 松发股份(603268.SH) 182.50 涨+1.4%  评分+0.572
2026-08-07 14:42:01,090 [INFO] 
--- [14:42:01] ---
2026-08-07 14:42:01,092 [INFO] 持仓 601126.SH: 45.87 涨+2.7%  浮¥+934
2026-08-07 14:42:01,092 [INFO] 持仓 601126.SH: 45.87 涨+2.7%  浮¥+934
2026-08-07 14:42:01,093 [INFO]   TPO3 1. 长飞光纤(601869.SH) 338.50 涨+3.1%  评分+1.142
2026-08-07 14:42:01,093 [INFO] 
--- [14:42:01] ---
2026-08-07 14:42:01,093 [INFO]   TPO3 1. 长飞光纤(601869.SH) 338.50 涨+3.1%  评分+1.142
2026-08-07 14:42:01,093 [INFO]   TPO3 2. 中钨高新(000657.SZ) 66.90 涨+7.0%  评分+0.737
2026-08-07 14:42:01,093 [INFO]   TPO3 3. 松发股份(603268.SH) 182.50 涨+1.4%  评分+0.572
2026-08-07 14:42:01,093 [INFO]   TPO3 2. 中钨高新(000657.SZ) 66.90 涨+7.0%  评分+0.737
2026-08-07 14:42:01,093 [INFO] 持仓 601126.SH: 45.87 涨+2.7%  浮¥+934
2026-08-07 14:42:01,093 [INFO]   TPO3 3. 松发股份(603268.SH) 182.50 涨+1.4%  评分+0.572
2026-08-07 14:42:01,094 [INFO]   TPO3 1. 长飞光纤(601869.SH) 338.50 涨+3.1%  评分+1.142
2026-08-07 14:42:01,094 [INFO]   TPO3 2. 中钨高新(000657.SZ) 66.90 涨+7.0%  评分+0.737
2026-08-07 14:42:01,095 [INFO]   TPO3 3. 松发股份(603268.SH) 182.50 涨+1.4%  评分+0.572
2026-08-07 14:43:00,821 [INFO] 
--- [14:43:00] ---
2026-08-07 14:43:00,821 [INFO] 持仓 601126.SH: 45.91 涨+2.8%  浮¥+966
2026-08-07 14:43:00,822 [INFO]   TPO3 1. 长飞光纤(601869.SH) 338.50 涨+3.1%  评分+1.142
2026-08-07 14:43:00,822 [INFO]   TPO3 2. 中钨高新(000657.SZ) 66.93 涨+7.1%  评分+0.726
2026-08-07 14:43:00,823 [INFO]   TPO3 3. 松发股份(603268.SH) 182.54 涨+1.4%  评分+0.567
2026-08-07 14:43:01,287 [INFO] 
--- [14:43:01] ---
2026-08-07 14:43:01,287 [INFO] 
--- [14:43:01] ---
2026-08-07 14:43:01,287 [INFO] 持仓 601126.SH: 45.91 涨+2.8%  浮¥+966
2026-08-07 14:43:01,287 [INFO] 持仓 601126.SH: 45.91 涨+2.8%  浮¥+966
2026-08-07 14:43:01,287 [INFO]   TPO3 1. 长飞光纤(601869.SH) 338.50 涨+3.1%  评分+1.142
2026-08-07 14:43:01,287 [INFO] 
--- [14:43:01] ---
2026-08-07 14:43:01,287 [INFO]   TPO3 2. 中钨高新(000657.SZ) 66.93 涨+7.1%  评分+0.726
2026-08-07 14:43:01,287 [INFO] 持仓 601126.SH: 45.91 涨+2.8%  浮¥+966
2026-08-07 14:43:01,287 [INFO]   TPO3 3. 松发股份(603268.SH) 182.54 涨+1.4%  评分+0.567
2026-08-07 14:43:01,287 [INFO]   TPO3 2. 中钨高新(000657.SZ) 66.93 涨+7.1%  评分+0.726
2026-08-07 14:43:01,287 [INFO]   TPO3 3. 松发股份(603268.SH) 182.54 涨+1.4%  评分+0.567
2026-08-07 14:43:01,287 [INFO]   TPO3 1. 长飞光纤(601869.SH) 338.50 涨+3.1%  评分+1.142
2026-08-07 14:43:01,289 [INFO]   TPO3 2. 中钨高新(000657.SZ) 66.93 涨+7.1%  评分+0.726
2026-08-07 14:43:01,289 [INFO]   TPO3 3. 松发股份(603268.SH) 182.54 涨+1.4%  评分+0.567
2026-08-07 14:44:00,979 [INFO] 
--- [14:44:00] ---
2026-08-07 14:44:00,980 [INFO] 持仓 601126.SH: 45.88 涨+2.7%  浮¥+942
2026-08-07 14:44:00,980 [INFO]   TPO3 1. 长飞光纤(601869.SH) 338.35 涨+3.1%  评分+1.152
2026-08-07 14:44:00,980 [INFO]   TPO3 2. 中钨高新(000657.SZ) 66.97 涨+7.2%  评分+0.713
2026-08-07 14:44:00,980 [INFO]   TPO3 3. 松发股份(603268.SH) 182.52 涨+1.4%  评分+0.570
2026-08-07 14:44:01,487 [INFO] 
--- [14:44:01] ---
2026-08-07 14:44:01,487 [INFO] 
--- [14:44:01] ---
2026-08-07 14:44:01,487 [INFO] 持仓 601126.SH: 45.88 涨+2.7%  浮¥+942
2026-08-07 14:44:01,487 [INFO] 
--- [14:44:01] ---
2026-08-07 14:44:01,487 [INFO] 持仓 601126.SH: 45.88 涨+2.7%  浮¥+942
2026-08-07 14:44:01,487 [INFO] 持仓 601126.SH: 45.88 涨+2.7%  浮¥+942
2026-08-07 14:44:01,487 [INFO]   TPO3 1. 长飞光纤(601869.SH) 338.35 涨+3.1%  评分+1.152
2026-08-07 14:44:01,487 [INFO]   TPO3 1. 长飞光纤(601869.SH) 338.35 涨+3.1%  评分+1.152
2026-08-07 14:44:01,487 [INFO]   TPO3 2. 中钨高新(000657.SZ) 66.97 涨+7.2%  评分+0.713
2026-08-07 14:44:01,487 [INFO]   TPO3 2. 中钨高新(000657.SZ) 66.97 涨+7.2%  评分+0.713
2026-08-07 14:44:01,487 [INFO]   TPO3 1. 长飞光纤(601869.SH) 338.35 涨+3.1%  评分+1.152
2026-08-07 14:44:01,487 [INFO]   TPO3 3. 松发股份(603268.SH) 182.52 涨+1.4%  评分+0.570
2026-08-07 14:44:01,487 [INFO]   TPO3 3. 松发股份(603268.SH) 182.52 涨+1.4%  评分+0.570
2026-08-07 14:44:01,487 [INFO]   TPO3 2. 中钨高新(000657.SZ) 66.97 涨+7.2%  评分+0.713
2026-08-07 14:44:01,488 [INFO]   TPO3 3. 松发股份(603268.SH) 182.52 涨+1.4%  评分+0.570
2026-08-07 14:45:01,132 [INFO] 
--- [14:45:01] ---
2026-08-07 14:45:01,132 [INFO] 持仓 601126.SH: 45.88 涨+2.7%  浮¥+942
2026-08-07 14:45:01,133 [INFO]   TPO3 1. 长飞光纤(601869.SH) 338.38 涨+3.1%  评分+1.150
2026-08-07 14:45:01,133 [INFO]   TPO3 2. 中钨高新(000657.SZ) 66.98 涨+7.2%  评分+0.709
2026-08-07 14:45:01,133 [INFO]   TPO3 3. 松发股份(603268.SH) 182.59 涨+1.4%  评分+0.561
2026-08-07 14:45:01,671 [INFO] 
--- [14:45:01] ---
2026-08-07 14:45:01,671 [INFO] 持仓 601126.SH: 45.88 涨+2.7%  浮¥+942
2026-08-07 14:45:01,671 [INFO] 
--- [14:45:01] ---
2026-08-07 14:45:01,671 [INFO] 
--- [14:45:01] ---
2026-08-07 14:45:01,671 [INFO] 持仓 601126.SH: 45.88 涨+2.7%  浮¥+942
3.1%  评分+1.150
2026-08-07 14:45:01,671 [INFO] 持仓 601126.SH: 45.88 涨+2.7%  浮¥+942
2026-08-07 14:45:01,672 [INFO]   TPO3 2. 中钨高新(000657.SZ) 66.98 涨+7.2%  评分+0.709
2026-08-07 14:45:01,672 [INFO]   TPO3 1. 长飞光纤(601869.SH) 338.38 涨+3.1%  评分+1.150
2026-08-07 14:45:01,672 [INFO]   TPO3 2. 中钨高新(000657.SZ) 66.98 涨+7.2%  评分+0.709
2026-08-07 14:45:01,672 [INFO]   TPO3 3. 松发股份(603268.SH) 182.59 涨+1.4%  评分+0.561
2026-08-07 14:45:01,672 [INFO]   TPO3 2. 中钨高新(000657.SZ) 66.98 涨+7.2%  评分+0.709
2026-08-07 14:45:01,672 [INFO]   TPO3 3. 松发股份(603268.SH) 182.59 涨+1.4%  评分+0.561
2026-08-07 14:45:01,672 [INFO]   TPO3 3. 松发股份(603268.SH) 182.59 涨+1.4%  评分+0.561
2026-08-07 14:46:01,294 [INFO] 
--- [14:46:01] ---
2026-08-07 14:46:01,294 [INFO] 持仓 601126.SH: 45.91 涨+2.8%  浮¥+966
2026-08-07 14:46:01,296 [INFO]   TPO3 1. 中钨高新(000657.SZ) 66.76 涨+6.8%  评分+0.784
2026-08-07 14:46:01,296 [INFO]   TPO3 2. 长飞光纤(601869.SH) 338.46 涨+3.1%  评分+0.641
2026-08-07 14:46:01,296 [INFO]   TPO3 3. 松发股份(603268.SH) 182.63 涨+1.5%  评分+0.557
2026-08-07 14:46:01,862 [INFO] 
--- [14:46:01] ---
2026-08-07 14:46:01,862 [INFO] 
--- [14:46:01] ---
2026-08-07 14:46:01,862 [INFO] 持仓 601126.SH: 45.91 涨+2.8%  浮¥+966
2026-08-07 14:46:01,863 [INFO] 持仓 601126.SH: 45.91 涨+2.8%  浮¥+966
2026-08-07 14:46:01,863 [INFO]   TPO3 1. 中钨高新(000657.SZ) 66.76 涨+6.8%  评分+0.784
2026-08-07 14:46:01,864 [INFO]   TPO3 2. 长飞光纤(601869.SH) 338.46 涨+3.1%  评分+0.641
2026-08-07 14:46:01,864 [INFO]   TPO3 1. 中钨高新(000657.SZ) 66.76 涨+6.8%  评分+0.784
2026-08-07 14:46:01,864 [INFO]   TPO3 3. 松发股份(603268.SH) 182.63 涨+1.5%  评分+0.557
2026-08-07 14:46:01,864 [INFO]   TPO3 2. 长飞光纤(601869.SH) 338.46 涨+3.1%  评分+0.641
2026-08-07 14:46:01,864 [INFO]   TPO3 3. 松发股份(603268.SH) 182.63 涨+1.5%  评分+0.557
2026-08-07 14:46:01,865 [INFO]   TPO3 1. 中钨高新(000657.SZ) 66.76 涨+6.8%  评分+0.784
2026-08-07 14:46:01,866 [INFO]   TPO3 2. 长飞光纤(601869.SH) 338.46 涨+3.1%  评分+0.641
2026-08-07 14:46:01,866 [INFO]   TPO3 3. 松发股份(603268.SH) 182.63 涨+1.5%  评分+0.557
2026-08-07 14:47:00,031 [INFO] 
--- [14:47:00] ---
2026-08-07 14:47:00,032 [INFO] 持仓 601126.SH: 45.86 涨+2.7%  浮¥+926
2026-08-07 14:47:00,032 [INFO] 
--- [14:47:00] ---
2026-08-07 14:47:00,032 [INFO] 
--- [14:47:00] ---
2026-08-07 14:47:00,033 [INFO] 持仓 601126.SH: 45.86 涨+2.7%  浮¥+926
2026-08-07 14:47:00,033 [INFO] 持仓 601126.SH: 45.86 涨+2.7%  浮¥+926
2026-08-07 14:47:00,033 [INFO]   TPO3 1. 中钨高新(000657.SZ) 66.82 涨+6.9%  评分+0.764
2026-08-07 14:47:00,034 [INFO]   TPO3 1. 中钨高新(000657.SZ) 66.82 涨+6.9%  评分+0.764

2026-08-07 14:47:00,034 [INFO]   TPO3 1. 中钨高新(000657.SZ) 66.82 涨+6.9%  评分+0.764
2026-08-07 14:47:00,034 [INFO]   TPO3 3. 松发股份(603268.SH) 182.77 涨+1.5%  评分+0.540
2026-08-07 14:47:00,034 [INFO]   TPO3 2. 长飞光纤(601869.SH) 338.63 涨+3.2%  评分+0.630
2026-08-07 14:47:00,034 [INFO]   TPO3 2. 长飞光纤(601869.SH) 338.63 涨+3.2%  评分+0.630
2026-08-07 14:47:00,035 [INFO]   TPO3 3. 松发股份(603268.SH) 182.77 涨+1.5%  评分+0.540
2026-08-07 14:47:00,035 [INFO]   TPO3 3. 松发股份(603268.SH) 182.77 涨+1.5%  评分+0.540
2026-08-07 14:47:01,462 [INFO] 
--- [14:47:01] ---
2026-08-07 14:47:01,463 [INFO] 持仓 601126.SH: 45.82 涨+2.6%  浮¥+894
2026-08-07 14:47:01,463 [INFO]   TPO3 1. 中钨高新(000657.SZ) 66.81 涨+6.9%  评分+0.767
2026-08-07 14:47:01,463 [INFO]   TPO3 2. 长飞光纤(601869.SH) 338.63 涨+3.2%  评分+0.630
2026-08-07 14:47:01,463 [INFO]   TPO3 3. 松发股份(603268.SH) 182.78 涨+1.5%  评分+0.539
2026-08-07 14:48:00,225 [INFO] 
--- [14:48:00] ---
2026-08-07 14:48:00,226 [INFO] 持仓 601126.SH: 45.86 涨+2.7%  浮¥+926
2026-08-07 14:48:00,226 [INFO] 
--- [14:48:00] ---
2026-08-07 14:48:00,226 [INFO] 
--- [14:48:00] ---
2026-08-07 14:48:00,226 [INFO]   TPO3 1. 中钨高新(000657.SZ) 66.83 涨+6.9%  评分+0.760
2026-08-07 14:48:00,226 [INFO] 持仓 601126.SH: 45.86 涨+2.7%  浮¥+926
2026-08-07 14:48:00,226 [INFO] 持仓 601126.SH: 45.86 涨+2.7%  浮¥+926
2026-08-07 14:48:00,226 [INFO]   TPO3 2. 长飞光纤(601869.SH) 338.27 涨+3.1%  评分+0.654
2026-08-07 14:48:00,226 [INFO]   TPO3 1. 中钨高新(000657.SZ) 66.83 涨+6.9%  评分+0.760
2026-08-07 14:48:00,226 [INFO]   TPO3 3. 松发股份(603268.SH) 182.92 涨+1.6%  评分+0.523
2026-08-07 14:48:00,226 [INFO]   TPO3 2. 长飞光纤(601869.SH) 338.27 涨+3.1%  评分+0.654
2026-08-07 14:48:00,226 [INFO]   TPO3 2. 长飞光纤(601869.SH) 338.27 涨+3.1%  评分+0.654
2026-08-07 14:48:00,227 [INFO]   TPO3 3. 松发股份(603268.SH) 182.92 涨+1.6%  评分+0.523
2026-08-07 14:48:00,227 [INFO]   TPO3 3. 松发股份(603268.SH) 182.92 涨+1.6%  评分+0.523
2026-08-07 14:48:01,628 [INFO] 
--- [14:48:01] ---
2026-08-07 14:48:01,628 [INFO] 持仓 601126.SH: 45.87 涨+2.7%  浮¥+934
2026-08-07 14:48:01,629 [INFO]   TPO3 1. 中钨高新(000657.SZ) 66.82 涨+6.9%  评分+0.764
2026-08-07 14:48:01,629 [INFO]   TPO3 2. 长飞光纤(601869.SH) 338.30 涨+3.1%  评分+0.652
2026-08-07 14:48:01,630 [INFO]   TPO3 3. 松发股份(603268.SH) 182.92 涨+1.6%  评分+0.523
2026-08-07 14:49:00,419 [INFO] 
--- [14:49:00] ---
2026-08-07 14:49:00,419 [INFO] 
--- [14:49:00] ---
2026-08-07 14:49:00,419 [INFO] 持仓 601126.SH: 45.84 涨+2.6%  浮¥+910
2026-08-07 14:49:00,419 [INFO] 持仓 601126.SH: 45.84 涨+2.6%  浮¥+910
2026-08-07 14:49:00,420 [INFO]   TPO3 1. 中钨高新(000657.SZ) 66.79 涨+6.9%  评分+0.774
2026-08-07 14:49:00,420 [INFO]   TPO3 1. 中钨高新(000657.SZ) 66.79 涨+6.9%  评分+0.774
2026-08-07 14:49:00,420 [INFO]   TPO3 2. 长飞光纤(601869.SH) 337.02 涨+2.7%  评分+0.734
2026-08-07 14:49:00,419 [INFO] 
--- [14:49:00] ---
2026-08-07 14:49:00,421 [INFO]   TPO3 3. 松发股份(603268.SH) 182.73 涨+1.5%  评分+0.545
2026-08-07 14:49:00,421 [INFO]   TPO3 2. 长飞光纤(601869.SH) 337.02 涨+2.7%  评分+0.734
2026-08-07 14:49:00,421 [INFO] 持仓 601126.SH: 45.84 涨+2.6%  浮¥+910
2026-08-07 14:49:00,421 [INFO]   TPO3 3. 松发股份(603268.SH) 182.73 涨+1.5%  评分+0.545
2026-08-07 14:49:00,422 [INFO]   TPO3 1. 中钨高新(000657.SZ) 66.79 涨+6.9%  评分+0.774
2026-08-07 14:49:00,423 [INFO]   TPO3 2. 长飞光纤(601869.SH) 337.02 涨+2.7%  评分+0.734
2026-08-07 14:49:00,423 [INFO]   TPO3 3. 松发股份(603268.SH) 182.73 涨+1.5%  评分+0.545
2026-08-07 14:49:01,786 [INFO] 
--- [14:49:01] ---
2026-08-07 14:49:01,786 [INFO] 持仓 601126.SH: 45.86 涨+2.7%  浮¥+926
2026-08-07 14:49:01,787 [INFO]   TPO3 1. 中钨高新(000657.SZ) 66.79 涨+6.9%  评分+0.774
2026-08-07 14:49:01,787 [INFO]   TPO3 2. 长飞光纤(601869.SH) 337.02 涨+2.7%  评分+0.734
2026-08-07 14:49:01,788 [INFO]   TPO3 3. 松发股份(603268.SH) 182.73 涨+1.5%  评分+0.545
2026-08-07 14:50:00,616 [INFO] 
--- [14:50:00] ---
2026-08-07 14:50:00,616 [INFO] 
--- [14:50:00] ---
2026-08-07 14:50:00,616 [INFO] 
--- [14:50:00] ---
2026-08-07 14:50:00,617 [INFO] 持仓 601126.SH: 45.85 涨+2.6%  浮¥+918
2026-08-07 14:50:00,617 [INFO] 持仓 601126.SH: 45.85 涨+2.6%  浮¥+918
2026-08-07 14:50:00,618 [INFO]   TPO3 1. 中钨高新(000657.SZ) 66.74 涨+6.8%  评分+0.791
2026-08-07 14:50:00,618 [INFO]   TPO3 1. 中钨高新(000657.SZ) 66.74 涨+6.8%  评分+0.791
2026-08-07 14:50:00,618 [INFO]   TPO3 1. 中钨高新(000657.SZ) 66.74 涨+6.8%  评分+0.791

2026-08-07 14:50:00,618 [INFO]   TPO3 2. 长飞光纤(601869.SH) 337.00 涨+2.7%  评分+0.735
2026-08-07 14:50:00,618 [INFO]   TPO3 3. 松发股份(603268.SH) 182.58 涨+1.4%  评分+0.563
2026-08-07 14:50:00,618 [INFO]   TPO3 2. 长飞光纤(601869.SH) 337.00 涨+2.7%  评分+0.735
2026-08-07 14:50:00,619 [INFO]   TPO3 3. 松发股份(603268.SH) 182.58 涨+1.4%  评分+0.563
2026-08-07 14:50:00,619 [INFO]   TPO3 3. 松发股份(603268.SH) 182.58 涨+1.4%  评分+0.563
2026-08-07 14:50:01,938 [INFO] 
--- [14:50:01] ---
2026-08-07 14:50:01,938 [INFO] 持仓 601126.SH: 45.85 涨+2.6%  浮¥+918
2026-08-07 14:50:01,939 [INFO]   TPO3 1. 中钨高新(000657.SZ) 66.74 涨+6.8%  评分+0.791
2026-08-07 14:50:01,939 [INFO]   TPO3 2. 长飞光纤(601869.SH) 337.00 涨+2.7%  评分+0.735
2026-08-07 14:50:01,939 [INFO]   TPO3 3. 松发股份(603268.SH) 182.58 涨+1.4%  评分+0.563
2026-08-07 14:51:00,084 [INFO] 
--- [14:51:00] ---
2026-08-07 14:51:00,084 [INFO] 持仓 601126.SH: 45.84 涨+2.6%  浮¥+910
2026-08-07 14:51:00,085 [INFO]   TPO3 1. 中钨高新(000657.SZ) 66.77 涨+6.8%  评分+0.781
2026-08-07 14:51:00,085 [INFO]   TPO3 2. 长飞光纤(601869.SH) 336.78 涨+2.6%  评分+0.750
2026-08-07 14:51:00,085 [INFO]   TPO3 3. 松发股份(603268.SH) 182.22 涨+1.2%  评分+0.605
2026-08-07 14:51:00,814 [INFO] 
--- [14:51:00] ---
2026-08-07 14:51:00,814 [INFO] 
--- [14:51:00] ---
2026-08-07 14:51:00,814 [INFO] 
--- [14:51:00] ---
2026-08-07 14:51:00,814 [INFO] 持仓 601126.SH: 45.83 涨+2.6%  浮¥+902
2026-08-07 14:51:00,814 [INFO] 持仓 601126.SH: 45.83 涨+2.6%  浮¥+902
2026-08-07 14:51:00,815 [INFO]   TPO3 1. 中钨高新(000657.SZ) 66.77 涨+6.8%  评分+0.781
2026-08-07 14:51:00,815 [INFO]   TPO3 2. 长飞光纤(601869.SH) 336.77 涨+2.6%  评分+0.750
2026-08-07 14:51:00,815 [INFO]   TPO3 2. 长飞光纤(601869.SH) 336.77 涨+2.6%  评分+0.750
2026-08-07 14:51:00,815 [INFO]   TPO3 3. 松发股份(603268.SH) 182.22 涨+1.2%  评分+0.605
2026-08-07 14:51:00,815 [INFO]   TPO3 3. 松发股份(603268.SH) 182.22 涨+1.2%  评分+0.605
2026-08-07 14:51:00,815 [INFO]   TPO3 1. 中钨高新(000657.SZ) 66.77 涨+6.8%  评分+0.781
2026-08-07 14:51:00,815 [INFO]   TPO3 2. 长飞光纤(601869.SH) 336.77 涨+2.6%  评分+0.750
2026-08-07 14:51:00,816 [INFO]   TPO3 3. 松发股份(603268.SH) 182.22 涨+1.2%  评分+0.605
2026-08-07 14:51:24,143 [INFO] 
🔔 [14:51:24] 检测到 score_now=true, 执行按需评分...
2026-08-07 14:51:24,898 [INFO] 
🔔 [14:51:24] 检测到 score_now=true, 执行按需评分...
2026-08-07 14:51:24,898 [INFO] 
🔔 [14:51:24] 检测到 score_now=true, 执行按需评分...
2026-08-07 14:51:24,898 [INFO] 
🔔 [14:51:24] 检测到 score_now=true, 执行按需评分...
2026-08-07 14:51:26,481 [INFO] Walk-Forward 训练完成: 670个样本, W=[ 0.972  0.209  0.467 -0.434  0.372  0.217]
2026-08-07 14:51:26,486 [INFO]   ✅ 按需评分已输出 → C:\Lazy\MarcoAI\AICode\AITrading\tpo3_scores.txt
2026-08-07 14:51:26,498 [INFO]   score_now 已自动重置为 false
2026-08-07 14:51:27,521 [INFO] Walk-Forward 训练完成: 670个样本, W=[ 0.972  0.209  0.467 -0.434  0.372  0.217]
2026-08-07 14:51:27,522 [INFO]   ✅ 按需评分已输出 → C:\Lazy\MarcoAI\AICode\AITrading\tpo3_scores.txt
2026-08-07 14:51:27,525 [INFO] Walk-Forward 训练完成: 670个样本, W=[ 0.972  0.209  0.467 -0.434  0.372  0.217]
2026-08-07 14:51:27,527 [INFO]   ✅ 按需评分已输出 → C:\Lazy\MarcoAI\AICode\AITrading\tpo3_scores.txt
2026-08-07 14:51:27,529 [INFO] Walk-Forward 训练完成: 670个样本, W=[ 0.972  0.209  0.467 -0.434  0.372  0.217]
2026-08-07 14:51:27,531 [INFO]   ✅ 按需评分已输出 → C:\Lazy\MarcoAI\AICode\AITrading\tpo3_scores.txt
2026-08-07 14:51:27,536 [INFO]   score_now 已自动重置为 false
2026-08-07 14:51:27,536 [INFO]   score_now 已自动重置为 false
2026-08-07 14:51:27,536 [INFO]   score_now 已自动重置为 false
2026-08-07 14:52:00,592 [INFO] 
--- [14:52:00] ---
2026-08-07 14:52:00,593 [INFO] 持仓 601126.SH: 45.84 涨+2.6%  浮¥+910
2026-08-07 14:52:00,594 [INFO]   TPO3 1. 中钨高新(000657.SZ) 66.79 涨+6.9%  评分+0.774
2026-08-07 14:52:00,594 [INFO]   TPO3 2. 长飞光纤(601869.SH) 337.98 涨+3.0%  评分+0.672
2026-08-07 14:52:00,594 [INFO]   TPO3 3. 松发股份(603268.SH) 182.49 涨+1.4%  评分+0.573
2026-08-07 14:52:01,640 [INFO] 
--- [14:52:01] ---
2026-08-07 14:52:01,640 [INFO] 
--- [14:52:01] ---
2026-08-07 14:52:01,640 [INFO] 持仓 601126.SH: 45.85 涨+2.6%  浮¥+918
2026-08-07 14:52:01,640 [INFO] 持仓 601126.SH: 45.85 涨+2.6%  浮¥+918
2026-08-07 14:52:01,641 [INFO]   TPO3 1. 中钨高新(000657.SZ) 66.79 涨+6.9%  评分+0.774
2026-08-07 14:52:01,641 [INFO] 持仓 601126.SH: 45.85 涨+2.6%  浮¥+918
2.9%  评分+0.683
2026-08-07 14:52:01,642 [INFO]   TPO3 2. 长飞光纤(601869.SH) 337.81 涨+2.9%  评分+0.683
2026-08-07 14:52:01,642 [INFO]   TPO3 1. 中钨高新(000657.SZ) 66.79 涨+6.9%  评分+0.774
2026-08-07 14:52:01,643 [INFO]   TPO3 3. 松发股份(603268.SH) 182.49 涨+1.4%  评分+0.573
2026-08-07 14:52:01,643 [INFO]   TPO3 3. 松发股份(603268.SH) 182.49 涨+1.4%  评分+0.573
2026-08-07 14:53:00,749 [INFO] 
--- [14:53:00] ---
2026-08-07 14:53:00,749 [INFO] 持仓 601126.SH: 45.88 涨+2.7%  浮¥+942
2026-08-07 14:53:00,751 [INFO]   TPO3 1. 中钨高新(000657.SZ) 66.80 涨+6.9%  评分+0.771
2026-08-07 14:53:00,751 [INFO]   TPO3 2. 长飞光纤(601869.SH) 338.88 涨+3.2%  评分+0.614
2026-08-07 14:53:00,752 [INFO]   TPO3 3. 松发股份(603268.SH) 182.31 涨+1.3%  评分+0.594
2026-08-07 14:53:01,824 [INFO] 
--- [14:53:01] ---
2026-08-07 14:53:01,824 [INFO] 
--- [14:53:01] ---
2026-08-07 14:53:01,824 [INFO] 持仓 601126.SH: 45.89 涨+2.7%  浮¥+950
2026-08-07 14:53:01,825 [INFO] 持仓 601126.SH: 45.89 涨+2.7%  浮¥+950
2026-08-07 14:53:01,825 [INFO]   TPO3 1. 中钨高新(000657.SZ) 66.80 涨+6.9%  评分+0.771
2026-08-07 14:53:01,825 [INFO]   TPO3 1. 中钨高新(000657.SZ) 66.80 涨+6.9%  评分+0.771
2026-08-07 14:53:01,825 [INFO]   TPO3 2. 长飞光纤(601869.SH) 338.90 涨+3.2%  评分+0.613
2026-08-07 14:53:01,825 [INFO]   TPO3 2. 长飞光纤(601869.SH) 338.90 涨+3.2%  评分+0.613
2026-08-07 14:53:01,825 [INFO]   TPO3 3. 松发股份(603268.SH) 182.31 涨+1.3%  评分+0.594
2026-08-07 14:53:01,824 [INFO] 
--- [14:53:01] ---
2026-08-07 14:53:01,825 [INFO]   TPO3 3. 松发股份(603268.SH) 182.31 涨+1.3%  评分+0.594
2026-08-07 14:53:01,825 [INFO] 持仓 601126.SH: 45.89 涨+2.7%  浮¥+950
2026-08-07 14:53:01,826 [INFO]   TPO3 1. 中钨高新(000657.SZ) 66.80 涨+6.9%  评分+0.771
2026-08-07 14:53:01,826 [INFO]   TPO3 2. 长飞光纤(601869.SH) 338.90 涨+3.2%  评分+0.613
2026-08-07 14:53:01,826 [INFO]   TPO3 3. 松发股份(603268.SH) 182.31 涨+1.3%  评分+0.594
2026-08-07 14:54:00,905 [INFO] 
--- [14:54:00] ---
2026-08-07 14:54:00,905 [INFO] 持仓 601126.SH: 45.90 涨+2.8%  浮¥+958
2026-08-07 14:54:00,906 [INFO]   TPO3 1. 中钨高新(000657.SZ) 66.83 涨+6.9%  评分+0.760
2026-08-07 14:54:00,907 [INFO]   TPO3 2. 松发股份(603268.SH) 182.29 涨+1.3%  评分+0.597
2026-08-07 14:54:00,907 [INFO]   TPO3 3. 长飞光纤(601869.SH) 339.48 涨+3.4%  评分+0.575
2026-08-07 14:54:02,009 [INFO] 
--- [14:54:02] ---
2026-08-07 14:54:02,009 [INFO] 持仓 601126.SH: 45.90 涨+2.8%  浮¥+958
2026-08-07 14:54:02,009 [INFO] 持仓 601126.SH: 45.90 涨+2.8%  浮¥+958
2026-08-07 14:54:02,010 [INFO] 持仓 601126.SH: 45.90 涨+2.8%  浮¥+958
.9%  评分+0.760
2026-08-07 14:54:02,010 [INFO]   TPO3 2. 松发股份(603268.SH) 182.29 涨+1.3%  评分+0.597
2026-08-07 14:54:02,010 [INFO]   TPO3 1. 中钨高新(000657.SZ) 66.83 涨+6.9%  评分+0.760

2026-08-07 14:54:02,011 [INFO]   TPO3 1. 中钨高新(000657.SZ) 66.83 涨+6.9%  评分+0.760
2026-08-07 14:54:02,012 [INFO]   TPO3 2. 松发股份(603268.SH) 182.29 涨+1.3%  评分+0.597
2026-08-07 14:54:02,012 [INFO]   TPO3 3. 长飞光纤(601869.SH) 339.48 涨+3.4%  评分+0.575
2026-08-07 14:54:02,013 [INFO]   TPO3 2. 松发股份(603268.SH) 182.29 涨+1.3%  评分+0.597
2026-08-07 14:54:02,014 [INFO]   TPO3 3. 长飞光纤(601869.SH) 339.48 涨+3.4%  评分+0.575
2026-08-07 14:55:00,142 [INFO] 
⏰ 14:55 强制收盘卖出 @45.89
2026-08-07 14:55:00,143 [INFO]   卖出前撤旧委托: 601126.SH 800股
2026-08-07 14:55:00,144 [INFO] 
⏰ 14:55 强制收盘卖出 @45.89
2026-08-07 14:55:00,146 [INFO] 
⏰ 14:55 强制收盘卖出 @45.89
2026-08-07 14:55:00,147 [INFO]   卖出前撤旧委托: 601126.SH 800股
2026-08-07 14:55:00,147 [INFO]   卖出前撤旧委托: 601126.SH 800股
2026-08-07 14:55:00,697 [INFO]   卖出尝试 1/5: 601126.SH 800股 @45.89 [close]
2026-08-07 14:55:00,698 [INFO]   卖出尝试 1/5: 601126.SH 800股 @45.89 [close]
2026-08-07 14:55:00,698 [INFO]   卖出尝试 1/5: 601126.SH 800股 @45.89 [close]
2026-08-07 14:55:00,747 [INFO]   下单ID: 2014314501
2026-08-07 14:55:00,747 [INFO]   等 6s (2 tick)...
2026-08-07 14:55:00,749 [INFO]   下单ID: 2014314502
2026-08-07 14:55:00,749 [INFO]   等 6s (2 tick)...

2026-08-07 14:55:00,750 [INFO]   等 6s (2 tick)...
2026-08-07 14:55:01,040 [INFO] 
⏰ 14:55 强制收盘卖出 @45.90
2026-08-07 14:55:01,541 [INFO]   卖出尝试 1/5: 601126.SH 800股 @45.90 [close]
2026-08-07 14:55:01,591 [INFO]   下单ID: 2014314504
2026-08-07 14:55:01,591 [INFO]   等 6s (2 tick)...
2026-08-07 14:55:06,754 [INFO]   ✅ 订单状态已成!

2026-08-07 14:55:06,754 [INFO]   未成交, 撤单 #2014314501...
2026-08-07 14:55:06,754 [WARNING]   订单 废单, 重试
2026-08-07 14:55:06,755 [INFO]   未成交, 撤单 #2014314503...
2026-08-07 14:55:06,809 [INFO]   已撤单
2026-08-07 14:55:07,593 [WARNING]   订单 废单, 重试
2026-08-07 14:55:07,594 [INFO]   未成交, 撤单 #2014314504...
2026-08-07 14:55:07,643 [INFO]   已撤单
2026-08-07 14:55:07,811 [INFO]   卖出尝试 2/5: 601126.SH 800股 @45.90 [close]
2026-08-07 14:55:07,811 [INFO]   卖出尝试 2/5: 601126.SH 800股 @45.90 [close]
2026-08-07 14:55:07,860 [INFO]   下单ID: 2014314505
2026-08-07 14:55:07,861 [INFO]   等 6s (2 tick)...
2026-08-07 14:55:07,861 [INFO]   下单ID: 2014314506
2026-08-07 14:55:07,862 [INFO]   等 6s (2 tick)...
2026-08-07 14:55:08,645 [INFO]   卖出尝试 2/5: 601126.SH 800股 @45.90 [close]
2026-08-07 14:55:08,697 [INFO]   下单ID: 2014314507
2026-08-07 14:55:08,699 [INFO]   等 6s (2 tick)...
2026-08-07 14:55:13,865 [WARNING]   订单 废单, 重试
2026-08-07 14:55:13,865 [WARNING]   订单 废单, 重试
2026-08-07 14:55:13,865 [INFO]   未成交, 撤单 #2014314505...
2026-08-07 14:55:13,865 [INFO]   未成交, 撤单 #2014314506...
2026-08-07 14:55:13,915 [INFO]   已撤单
2026-08-07 14:55:13,915 [INFO]   已撤单
2026-08-07 14:55:14,701 [WARNING]   订单 废单, 重试
2026-08-07 14:55:14,703 [INFO]   未成交, 撤单 #2014314507...
2026-08-07 14:55:14,755 [INFO]   已撤单
2026-08-07 14:55:14,918 [INFO]   卖出尝试 3/5: 601126.SH 800股 @45.90 [close]
2026-08-07 14:55:14,918 [INFO]   卖出尝试 3/5: 601126.SH 800股 @45.90 [close]
2026-08-07 14:55:14,970 [INFO]   下单ID: 2014314508
2026-08-07 14:55:14,970 [INFO]   下单ID: 2014314509
2026-08-07 14:55:14,970 [INFO]   等 6s (2 tick)...
2026-08-07 14:55:15,758 [INFO]   卖出尝试 3/5: 601126.SH 800股 @45.90 [close]
2026-08-07 14:55:15,810 [INFO]   下单ID: 2014314510
2026-08-07 14:55:15,811 [INFO]   等 6s (2 tick)...
2026-08-07 14:55:20,972 [WARNING]   订单 废单, 重试
2026-08-07 14:55:20,972 [WARNING]   订单 废单, 重试
2026-08-07 14:55:20,972 [INFO]   未成交, 撤单 #2014314509...
2026-08-07 14:55:20,972 [INFO]   未成交, 撤单 #2014314508...
2026-08-07 14:55:21,021 [INFO]   已撤单
2026-08-07 14:55:21,021 [INFO]   已撤单
2026-08-07 14:55:21,816 [WARNING]   订单 废单, 重试
2026-08-07 14:55:21,816 [INFO]   未成交, 撤单 #2014314510...
2026-08-07 14:55:21,865 [INFO]   已撤单
2026-08-07 14:55:22,022 [INFO]   卖出尝试 4/5: 601126.SH 800股 @45.90 [close]
2026-08-07 14:55:22,071 [INFO]   下单ID: 2014314511
2026-08-07 14:55:22,071 [INFO]   等 6s (2 tick)...
2026-08-07 14:55:22,072 [INFO]   下单ID: 2014314512
2026-08-07 14:55:22,073 [INFO]   等 6s (2 tick)...
2026-08-07 14:55:22,868 [INFO]   卖出尝试 4/5: 601126.SH 800股 @45.90 [close]
2026-08-07 14:55:22,919 [INFO]   下单ID: 2014314513
2026-08-07 14:55:22,919 [INFO]   等 6s (2 tick)...
2026-08-07 14:55:28,074 [WARNING]   订单 废单, 重试
2026-08-07 14:55:28,074 [INFO]   未成交, 撤单 #2014314511...
2026-08-07 14:55:28,076 [WARNING]   订单 废单, 重试
2026-08-07 14:55:28,077 [INFO]   未成交, 撤单 #2014314512...
2026-08-07 14:55:28,126 [INFO]   已撤单
2026-08-07 14:55:28,924 [WARNING]   订单 废单, 重试
2026-08-07 14:55:28,925 [INFO]   未成交, 撤单 #2014314513...
2026-08-07 14:55:28,975 [INFO]   已撤单
2026-08-07 14:55:29,128 [INFO]   卖出尝试 5/5: 601126.SH 800股 @45.90 [close]
2026-08-07 14:55:29,177 [INFO]   下单ID: 2014314514
2026-08-07 14:55:29,177 [INFO]   等 6s (2 tick)...
2026-08-07 14:55:29,177 [INFO]   下单ID: 2014314515
2026-08-07 14:55:29,178 [INFO]   等 6s (2 tick)...
2026-08-07 14:55:29,976 [INFO]   卖出尝试 5/5: 601126.SH 800股 @45.90 [close]
2026-08-07 14:55:30,025 [INFO]   下单ID: 2014314516
2026-08-07 14:55:30,025 [INFO]   等 6s (2 tick)...
2026-08-07 14:55:35,181 [WARNING]   订单 废单, 重试
2026-08-07 14:55:35,181 [WARNING]   订单 废单, 重试
2026-08-07 14:55:35,181 [INFO]   未成交, 撤单 #2014314514...
2026-08-07 14:55:35,181 [INFO]   未成交, 撤单 #2014314515...
2026-08-07 14:55:35,233 [INFO]   已撤单
2026-08-07 14:55:36,026 [WARNING]   订单 废单, 重试
2026-08-07 14:55:36,026 [INFO]   未成交, 撤单 #2014314516...
2026-08-07 14:55:36,075 [INFO]   已撤单
2026-08-07 14:55:36,234 [WARNING]   ❌ 5次尝试后仍未成交
2026-08-07 14:55:36,234 [ERROR] ❌ 收盘卖出失败! 紧急重试 lastPrice-0.02...
2026-08-07 14:55:36,234 [ERROR] ❌ 收盘卖出失败! 紧急重试 lastPrice-0.02...
2026-08-07 14:55:36,739 [INFO]   卖出尝试 1/8: 601126.SH 800股 @45.89 [close]
2026-08-07 14:55:36,796 [INFO]   下单ID: 2014314517
2026-08-07 14:55:36,796 [INFO]   等 6s (2 tick)...
2026-08-07 14:55:36,796 [INFO]   下单ID: 2014314518
2026-08-07 14:55:36,797 [INFO]   等 6s (2 tick)...
2026-08-07 14:55:37,076 [WARNING]   ❌ 5次尝试后仍未成交
2026-08-07 14:55:37,077 [ERROR] ❌ 收盘卖出失败! 紧急重试 lastPrice-0.02...
2026-08-07 14:55:37,582 [INFO]   卖出尝试 1/8: 601126.SH 800股 @45.90 [close]
2026-08-07 14:55:37,635 [INFO]   下单ID: 2014314519
2026-08-07 14:55:37,635 [INFO]   等 6s (2 tick)...
2026-08-07 14:55:42,800 [WARNING]   订单 废单, 重试
2026-08-07 14:55:42,800 [INFO]   未成交, 撤单 #2014314517...
2026-08-07 14:55:42,800 [WARNING]   订单 废单, 重试
2026-08-07 14:55:42,800 [INFO]   未成交, 撤单 #2014314518...
2026-08-07 14:55:42,852 [INFO]   已撤单
2026-08-07 14:55:43,639 [WARNING]   订单 废单, 重试
2026-08-07 14:55:43,640 [INFO]   未成交, 撤单 #2014314519...
2026-08-07 14:55:43,689 [INFO]   已撤单
2026-08-07 14:55:43,854 [INFO]   卖出尝试 2/8: 601126.SH 800股 @45.91 [close]
2026-08-07 14:55:43,905 [INFO]   下单ID: 2014314520
2026-08-07 14:55:43,905 [INFO]   等 6s (2 tick)...
2026-08-07 14:55:43,905 [INFO]   下单ID: 2014314521
2026-08-07 14:55:43,906 [INFO]   等 6s (2 tick)...
2026-08-07 14:55:44,691 [INFO]   卖出尝试 2/8: 601126.SH 800股 @45.91 [close]
2026-08-07 14:55:44,741 [INFO]   下单ID: 2014314522
2026-08-07 14:55:44,742 [INFO]   等 6s (2 tick)...
2026-08-07 14:55:49,909 [WARNING]   订单 废单, 重试
2026-08-07 14:55:49,910 [WARNING]   订单 废单, 重试
2026-08-07 14:55:49,910 [INFO]   未成交, 撤单 #2014314520...
2026-08-07 14:55:49,911 [INFO]   未成交, 撤单 #2014314521...
2026-08-07 14:55:49,963 [INFO]   已撤单
2026-08-07 14:55:50,745 [WARNING]   订单 废单, 重试
2026-08-07 14:55:50,745 [INFO]   未成交, 撤单 #2014314522...
2026-08-07 14:55:50,798 [INFO]   已撤单
2026-08-07 14:55:50,965 [INFO]   卖出尝试 3/8: 601126.SH 800股 @45.92 [close]
2026-08-07 14:55:51,015 [INFO]   下单ID: 2014314523
2026-08-07 14:55:51,015 [INFO]   等 6s (2 tick)...

2026-08-07 14:55:51,015 [INFO]   等 6s (2 tick)...
2026-08-07 14:55:51,801 [INFO]   卖出尝试 3/8: 601126.SH 800股 @45.92 [close]
2026-08-07 14:55:51,851 [INFO]   下单ID: 2014314525
2026-08-07 14:55:51,852 [INFO]   等 6s (2 tick)...
2026-08-07 14:55:57,017 [WARNING]   订单 废单, 重试
2026-08-07 14:55:57,017 [INFO]   未成交, 撤单 #2014314523...
2026-08-07 14:55:57,018 [WARNING]   订单 废单, 重试
2026-08-07 14:55:57,018 [INFO]   未成交, 撤单 #2014314524...
2026-08-07 14:55:57,067 [INFO]   已撤单
2026-08-07 14:55:57,855 [WARNING]   订单 废单, 重试
2026-08-07 14:55:57,856 [INFO]   未成交, 撤单 #2014314525...
2026-08-07 14:55:57,908 [INFO]   已撤单
2026-08-07 14:55:58,069 [INFO]   卖出尝试 4/8: 601126.SH 800股 @45.92 [close]
2026-08-07 14:55:58,119 [INFO]   下单ID: 2014314526
2026-08-07 14:55:58,119 [INFO]   下单ID: 2014314527
2026-08-07 14:55:58,120 [INFO]   等 6s (2 tick)...
2026-08-07 14:55:58,120 [INFO]   等 6s (2 tick)...
2026-08-07 14:55:58,910 [INFO]   卖出尝试 4/8: 601126.SH 800股 @45.92 [close]
2026-08-07 14:55:58,961 [INFO]   下单ID: 2014314528
2026-08-07 14:55:58,961 [INFO]   等 6s (2 tick)...
2026-08-07 14:56:04,123 [WARNING]   订单 废单, 重试
2026-08-07 14:56:04,123 [INFO]   未成交, 撤单 #2014314526...
2026-08-07 14:56:04,123 [WARNING]   订单 废单, 重试
2026-08-07 14:56:04,124 [INFO]   未成交, 撤单 #2014314527...
2026-08-07 14:56:04,174 [INFO]   已撤单
2026-08-07 14:56:04,174 [INFO]   已撤单
2026-08-07 14:56:04,966 [WARNING]   订单 废单, 重试
2026-08-07 14:56:04,966 [INFO]   未成交, 撤单 #2014314528...
2026-08-07 14:56:05,019 [INFO]   已撤单
2026-08-07 14:56:05,177 [INFO]   卖出尝试 5/8: 601126.SH 800股 @45.91 [close]
2026-08-07 14:56:05,230 [INFO]   下单ID: 2014314529
2026-08-07 14:56:05,230 [INFO]   等 6s (2 tick)...
2026-08-07 14:56:05,230 [INFO]   下单ID: 2014314530
2026-08-07 14:56:05,232 [INFO]   等 6s (2 tick)...
2026-08-07 14:56:06,022 [INFO]   卖出尝试 5/8: 601126.SH 800股 @45.91 [close]
2026-08-07 14:56:06,074 [INFO]   下单ID: 2014314531
2026-08-07 14:56:06,075 [INFO]   等 6s (2 tick)...
2026-08-07 14:56:11,234 [WARNING]   订单 废单, 重试
2026-08-07 14:56:11,235 [INFO]   未成交, 撤单 #2014314529...
2026-08-07 14:56:11,235 [WARNING]   订单 废单, 重试
2026-08-07 14:56:11,235 [INFO]   未成交, 撤单 #2014314530...
2026-08-07 14:56:11,286 [INFO]   已撤单
2026-08-07 14:56:12,080 [WARNING]   订单 废单, 重试
2026-08-07 14:56:12,080 [INFO]   未成交, 撤单 #2014314531...
2026-08-07 14:56:12,133 [INFO]   已撤单
2026-08-07 14:56:12,289 [INFO]   卖出尝试 6/8: 601126.SH 800股 @45.92 [close]
2026-08-07 14:56:12,340 [INFO]   下单ID: 2014314532
2026-08-07 14:56:12,340 [INFO]   等 6s (2 tick)...

2026-08-07 14:56:12,342 [INFO]   等 6s (2 tick)...
2026-08-07 14:56:13,135 [INFO]   卖出尝试 6/8: 601126.SH 800股 @45.92 [close]
2026-08-07 14:56:13,190 [INFO]   下单ID: 2014314534
2026-08-07 14:56:13,190 [INFO]   等 6s (2 tick)...
2026-08-07 14:56:18,347 [WARNING]   订单 废单, 重试
2026-08-07 14:56:18,347 [INFO]   未成交, 撤单 #2014314532...
2026-08-07 14:56:18,347 [WARNING]   订单 废单, 重试
2026-08-07 14:56:18,347 [INFO]   未成交, 撤单 #2014314533...
2026-08-07 14:56:18,396 [INFO]   已撤单
2026-08-07 14:56:18,396 [INFO]   已撤单
2026-08-07 14:56:19,194 [WARNING]   订单 废单, 重试
2026-08-07 14:56:19,195 [INFO]   未成交, 撤单 #2014314534...
2026-08-07 14:56:19,250 [INFO]   已撤单
2026-08-07 14:56:19,399 [INFO]   卖出尝试 7/8: 601126.SH 800股 @45.92 [close]
2026-08-07 14:56:19,451 [INFO]   下单ID: 2014314535
2026-08-07 14:56:19,452 [INFO]   下单ID: 2014314536
2026-08-07 14:56:19,452 [INFO]   等 6s (2 tick)...
2026-08-07 14:56:19,452 [INFO]   等 6s (2 tick)...
2026-08-07 14:56:20,252 [INFO]   卖出尝试 7/8: 601126.SH 800股 @45.92 [close]
2026-08-07 14:56:20,303 [INFO]   下单ID: 2014314537
2026-08-07 14:56:20,303 [INFO]   等 6s (2 tick)...
2026-08-07 14:56:25,457 [WARNING]   订单 废单, 重试
2026-08-07 14:56:25,457 [INFO]   未成交, 撤单 #2014314535...
2026-08-07 14:56:25,457 [WARNING]   订单 废单, 重试
2026-08-07 14:56:25,458 [INFO]   未成交, 撤单 #2014314536...
2026-08-07 14:56:25,508 [INFO]   已撤单
2026-08-07 14:56:25,511 [INFO]   已撤单
2026-08-07 14:56:26,305 [WARNING]   订单 废单, 重试
2026-08-07 14:56:26,305 [INFO]   未成交, 撤单 #2014314537...
2026-08-07 14:56:26,355 [INFO]   已撤单
2026-08-07 14:56:26,511 [INFO]   卖出尝试 8/8: 601126.SH 800股 @45.92 [close]
2026-08-07 14:56:26,514 [INFO]   卖出尝试 8/8: 601126.SH 800股 @45.92 [close]
2026-08-07 14:56:26,564 [INFO]   下单ID: 2014314538
2026-08-07 14:56:26,564 [INFO]   等 6s (2 tick)...
2026-08-07 14:56:26,564 [INFO]   下单ID: 2014314539
2026-08-07 14:56:26,565 [INFO]   等 6s (2 tick)...
2026-08-07 14:56:27,358 [INFO]   卖出尝试 8/8: 601126.SH 800股 @45.92 [close]
2026-08-07 14:56:27,412 [INFO]   下单ID: 2014314540
2026-08-07 14:56:27,413 [INFO]   等 6s (2 tick)...
2026-08-07 14:56:32,566 [WARNING]   订单 废单, 重试
2026-08-07 14:56:32,566 [INFO]   未成交, 撤单 #2014314538...
2026-08-07 14:56:32,568 [WARNING]   订单 废单, 重试
2026-08-07 14:56:32,568 [INFO]   未成交, 撤单 #2014314539...
2026-08-07 14:56:32,616 [INFO]   已撤单
2026-08-07 14:56:32,616 [INFO]   已撤单
2026-08-07 14:56:32,793 [INFO] Walk-Forward 训练完成: 670个样本, W=[ 0.972  0.209  0.467 -0.434  0.372  0.217]
2026-08-07 14:56:32,794 [INFO]   [14:56:30] Walk-Forward 重训完成
2026-08-07 14:56:32,794 [INFO]   [14:56:30] 中钨高新 第1 +0.706  (4只)
2026-08-07 14:56:33,417 [WARNING]   订单 废单, 重试
2026-08-07 14:56:33,417 [INFO]   未成交, 撤单 #2014314540...
2026-08-07 14:56:33,468 [INFO]   已撤单
2026-08-07 14:56:33,617 [WARNING]   ❌ 8次尝试后仍未成交
2026-08-07 14:56:33,618 [ERROR] ❌ 紧急重试也失败! 持仓将过夜
2026-08-07 14:56:33,618 [ERROR] ❌ 紧急重试也失败! 持仓将过夜
2026-08-07 14:56:34,469 [WARNING]   ❌ 8次尝试后仍未成交
2026-08-07 14:56:34,469 [ERROR] ❌ 紧急重试也失败! 持仓将过夜
2026-08-07 14:56:34,800 [INFO]   [14:56:34] 中钨高新 第1 +0.706  (4只)
2026-08-07 14:56:35,628 [INFO] 
✅ 涨停预挂单已成交 (持仓已清零)
2026-08-07 14:56:35,628 [INFO] 
✅ 涨停预挂单已成交 (持仓已清零)
2026-08-07 14:56:36,474 [INFO] 
✅ 涨停预挂单已成交 (持仓已清零)
2026-08-07 14:56:36,803 [INFO]   [14:56:36] 中钨高新 第1 +0.706  (4只)
2026-08-07 14:56:37,869 [INFO] Walk-Forward 训练完成: 670个样本, W=[ 0.972  0.209  0.467 -0.434  0.372  0.217]
2026-08-07 14:56:37,869 [INFO] Walk-Forward 训练完成: 670个样本, W=[ 0.972  0.209  0.467 -0.434  0.372  0.217]
2026-08-07 14:56:37,870 [INFO]   [14:56:35] Walk-Forward 重训完成
2026-08-07 14:56:37,870 [INFO]   [14:56:35] Walk-Forward 重训完成
2026-08-07 14:56:37,871 [INFO]   [14:56:35] 中钨高新 第1 +0.706  (4只)
2026-08-07 14:56:37,871 [INFO]   [14:56:35] 中钨高新 第1 +0.706  (4只)
2026-08-07 14:56:38,603 [INFO] Walk-Forward 训练完成: 670个样本, W=[ 0.972  0.209  0.467 -0.434  0.372  0.217]
2026-08-07 14:56:38,603 [INFO]   [14:56:36] Walk-Forward 重训完成
2026-08-07 14:56:38,604 [INFO]   [14:56:36] 中钨高新 第1 +0.706  (4只)
2026-08-07 14:56:38,809 [INFO]   [14:56:38] 中钨高新 第1 +0.706  (4只)
2026-08-07 14:56:39,878 [INFO]   [14:56:39] 中钨高新 第1 +0.706  (4只)
2026-08-07 14:56:40,610 [INFO]   [14:56:40] 中钨高新 第1 +0.706  (4只)
2026-08-07 14:56:40,815 [INFO]   [14:56:40] 中钨高新 第1 +0.706  (4只)
2026-08-07 14:56:41,887 [INFO]   [14:56:41] 中钨高新 第1 +0.706  (4只)
2026-08-07 14:56:41,887 [INFO]   [14:56:41] 中钨高新 第1 +0.706  (4只)
2026-08-07 14:56:42,618 [INFO]   [14:56:42] 中钨高新 第1 +0.706  (4只)
2026-08-07 14:56:42,820 [INFO]   [14:56:42] 中钨高新 第1 +0.706  (4只)
2026-08-07 14:56:43,894 [INFO]   [14:56:43] 中钨高新 第1 +0.706  (4只)
2026-08-07 14:56:43,894 [INFO]   [14:56:43] 中钨高新 第1 +0.706  (4只)
2026-08-07 14:56:44,624 [INFO]   [14:56:44] 中钨高新 第1 +0.706  (4只)
2026-08-07 14:56:44,826 [INFO]   [14:56:44] 中钨高新 第1 +0.706  (4只)
2026-08-07 14:56:45,900 [INFO]   [14:56:45] 中钨高新 第1 +0.706  (4只)
2026-08-07 14:56:45,900 [INFO]   [14:56:45] 中钨高新 第1 +0.706  (4只)
2026-08-07 14:56:46,632 [INFO]   [14:56:46] 中钨高新 第1 +0.706  (4只)
2026-08-07 14:56:46,832 [INFO]   [14:56:46] 中钨高新 第1 +0.706  (4只)
2026-08-07 14:56:47,907 [INFO]   [14:56:47] 中钨高新 第1 +0.706  (4只)
2026-08-07 14:56:47,907 [INFO]   [14:56:47] 中钨高新 第1 +0.706  (4只)
2026-08-07 14:56:48,638 [INFO]   [14:56:48] 中钨高新 第1 +0.703  (4只)
2026-08-07 14:56:48,839 [INFO]   [14:56:48] 中钨高新 第1 +0.703  (4只)
2026-08-07 14:56:49,914 [INFO]   [14:56:49] 中钨高新 第1 +0.703  (4只)
2026-08-07 14:56:50,643 [INFO]   [14:56:50] 中钨高新 第1 +0.703  (4只)
2026-08-07 14:56:50,846 [INFO]   [14:56:50] 中钨高新 第1 +0.703  (4只)
2026-08-07 14:56:51,921 [INFO]   [14:56:51] 中钨高新 第1 +0.703  (4只)
2026-08-07 14:56:52,650 [INFO]   [14:56:52] 中钨高新 第1 +0.703  (4只)
2026-08-07 14:56:52,853 [INFO]   [14:56:52] 中钨高新 第1 +0.703  (4只)
2026-08-07 14:56:53,925 [INFO]   [14:56:53] 中钨高新 第1 +0.703  (4只)
2026-08-07 14:56:53,925 [INFO]   [14:56:53] 中钨高新 第1 +0.703  (4只)
2026-08-07 14:56:54,655 [INFO]   [14:56:54] 中钨高新 第1 +0.699  (4只)
2026-08-07 14:56:54,855 [INFO]   [14:56:54] 中钨高新 第1 +0.699  (4只)
2026-08-07 14:56:55,933 [INFO]   [14:56:55] 中钨高新 第1 +0.699  (4只)
2026-08-07 14:56:56,661 [INFO]   [14:56:56] 中钨高新 第1 +0.699  (4只)
2026-08-07 14:56:56,863 [INFO]   [14:56:56] 中钨高新 第1 +0.699  (4只)
2026-08-07 14:56:57,939 [INFO]   [14:56:57] 中钨高新 第1 +0.703  (4只)
2026-08-07 14:56:58,666 [INFO]   [14:56:58] 中钨高新 第1 +0.703  (4只)
2026-08-07 14:56:58,871 [INFO]   [14:56:58] 中钨高新 第1 +0.703  (4只)
2026-08-07 14:56:59,946 [INFO]   [14:56:59] 中钨高新 第1 +0.703  (4只)
2026-08-07 14:57:03,957 [INFO] 
2026-08-07 14:57:03,957 [INFO] 
2026-08-07 14:57:03,957 [INFO] 🔍 买入前检查未成交委托...
2026-08-07 14:57:03,957 [INFO] 🔍 买入前检查未成交委托...
2026-08-07 14:57:03,958 [INFO]   无未成交委托
2026-08-07 14:57:03,959 [INFO]   无未成交委托
2026-08-07 14:57:03,959 [INFO]   实际可用资金: ¥37,510
2026-08-07 14:57:03,959 [INFO] 
2026-08-07 14:57:03,959 [INFO] 
2026-08-07 14:57:03,959 [INFO] 🏆 买入: 中钨高新(000657.SZ)
2026-08-07 14:57:03,959 [INFO] 🏆 买入: 中钨高新(000657.SZ)
2026-08-07 14:57:03,960 [INFO]    收盘价: 67.01  涨停价: 73.71
2026-08-07 14:57:03,960 [INFO]    收盘价: 67.01  涨停价: 73.71
2026-08-07 14:57:03,960 [INFO]    挂单价: ¥67.01  数量: 500股
2026-08-07 14:57:03,960 [INFO]    挂单价: ¥67.01  数量: 500股
2026-08-07 14:57:04,012 [INFO]    下单ID: 2014314541
2026-08-07 14:57:04,068 [INFO]    下单ID: 2014314542
2026-08-07 14:57:04,680 [INFO] 
2026-08-07 14:57:04,680 [INFO] 🔍 买入前检查未成交委托...
2026-08-07 14:57:04,682 [INFO]   撤单: 000657.SZ 23 500股 @67.01
2026-08-07 14:57:04,733 [INFO]   已撤 1 笔, 等待1秒释放资金...
2026-08-07 14:57:04,891 [INFO] 
2026-08-07 14:57:04,891 [INFO] 🔍 买入前检查未成交委托...
2026-08-07 14:57:04,893 [INFO]   撤单: 000657.SZ 23 500股 @67.01
2026-08-07 14:57:04,944 [INFO]   已撤 1 笔, 等待1秒释放资金...
2026-08-07 14:57:05,737 [INFO]   实际可用资金: ¥4,001
2026-08-07 14:57:05,737 [ERROR]   实际资金不足: ¥4,001 < 100股 @67.68
2026-08-07 14:57:05,737 [INFO] 
✅ 交易完成
2026-08-07 14:57:05,738 [INFO]    日志: C:\Lazy\MarcoAI\AICode\AITrading\auto_trade_20260807.log
2026-08-07 14:57:05,946 [INFO]   实际可用资金: ¥4,001
2026-08-07 14:57:05,946 [ERROR]   实际资金不足: ¥4,001 < 100股 @67.01
2026-08-07 14:57:05,946 [INFO] 
✅ 交易完成
2026-08-07 14:57:05,946 [INFO]    日志: C:\Lazy\MarcoAI\AICode\AITrading\auto_trade_20260807.log
2026-08-07 14:57:10,014 [WARNING]    订单状态: 已报(50)
2026-08-07 14:57:10,014 [INFO] 
✅ 交易完成
2026-08-07 14:57:10,014 [INFO]    日志: C:\Lazy\MarcoAI\AICode\AITrading\auto_trade_20260807.log
2026-08-07 14:57:10,071 [WARNING]    订单状态: 废单(57)
2026-08-07 14:57:10,071 [ERROR]    ❌ 废单! 检查价格/数量
2026-08-07 14:57:10,071 [INFO] 
✅ 交易完成
2026-08-07 14:57:10,071 [INFO]    日志: C:\Lazy\MarcoAI\AICode\AITrading\auto_trade_20260807.log
