2026-08-05 09:24:41,116 [INFO] ============================================================
2026-08-05 09:24:41,116 [INFO]   311策略 自动交易 2026-08-05
2026-08-05 09:24:41,117 [INFO] ============================================================
2026-08-05 09:24:41,117 [INFO] 连接MiniQMT...
2026-08-05 09:24:41,242 [INFO] 账户: 总资产 ¥36,348  可用 ¥4,211
2026-08-05 09:24:41,242 [INFO] 持仓: 603337.SH 700股 @45.94
2026-08-05 09:24:41,242 [INFO] 预计算ATR/MA5...
2026-08-05 09:24:41,270 [INFO]   中国核建: ATR10=0.625 MA5=10.72
2026-08-05 09:24:41,297 [INFO]   福莱特: ATR10=0.582 MA5=10.08
2026-08-05 09:24:41,320 [INFO]   养元饮品: ATR10=3.511 MA5=38.07
2026-08-05 09:24:43,327 [INFO] 
2026-08-05 09:24:43,327 [INFO] 开始盘中监控...
2026-08-05 09:24:43,327 [INFO]   卖出: 涨停>'止损-6%'>收盘
2026-08-05 09:24:43,327 [INFO]   买入: 14:56:30最终评分 → 14:57:01挂单
2026-08-05 09:24:43,327 [INFO] 
2026-08-05 09:24:43,328 [INFO] 
2026-08-05 09:24:43,328 [INFO] ⚠️ 触发卖出: low_stop → 初始价 ¥43.18
2026-08-05 09:24:43,328 [INFO]   卖出尝试 1/5: 603337.SH 700股 @43.18
2026-08-05 09:24:43,389 [INFO]   下单ID: 1477443585
2026-08-05 09:24:46,392 [INFO]   未成交, 撤单...
2026-08-05 09:24:46,460 [INFO]   已撤单 #1477443585
2026-08-05 09:24:48,462 [INFO]   卖出尝试 2/5: 603337.SH 700股 @43.16
2026-08-05 09:24:48,516 [INFO]   下单ID: 1477443586
2026-08-05 09:24:51,518 [INFO]   未成交, 撤单...
2026-08-05 09:24:51,588 [INFO]   已撤单 #1477443586
2026-08-05 09:24:53,589 [INFO]   卖出尝试 3/5: 603337.SH 700股 @43.14
2026-08-05 09:24:53,649 [INFO]   下单ID: 1477443587
2026-08-05 09:24:56,654 [INFO]   未成交, 撤单...
2026-08-05 09:24:56,725 [INFO]   已撤单 #1477443587
2026-08-05 09:24:58,727 [INFO]   卖出尝试 4/5: 603337.SH 700股 @43.12
2026-08-05 09:24:58,787 [INFO]   下单ID: 1477443588
2026-08-05 09:25:01,791 [INFO]   未成交, 撤单...
2026-08-05 09:25:01,870 [INFO]   已撤单 #1477443588
2026-08-05 09:25:03,872 [INFO]   卖出尝试 5/5: 603337.SH 700股 @43.10
2026-08-05 09:25:03,932 [INFO]   下单ID: 1477443589
2026-08-05 09:25:06,937 [INFO]   未成交, 撤单...
2026-08-05 09:25:07,022 [INFO]   已撤单 #1477443589
2026-08-05 09:25:09,024 [WARNING]   ❌ 5次尝试后仍未成交, 最后挂单价 ¥43.08
2026-08-05 09:25:09,024 [ERROR]   ❌ 卖出失败! 继续尝试...
2026-08-05 09:25:09,025 [INFO] 
--- [09:24:43] ---
2026-08-05 09:25:09,025 [INFO] 持仓 603337.SH: 46.00 涨+0.2%  浮¥+42
2026-08-05 09:25:09,039 [INFO]   TPO3 1. 养元饮品(603156.SH)  44.50 涨-0.7%  pb=+0.7%  评分+0.612
2026-08-05 09:25:09,039 [INFO]   TPO3 2. 中国核建(601611.SH)  11.76 涨-3.0%  pb=+3.0%  评分+0.051
2026-08-05 09:25:09,039 [INFO]   TPO3 3. 福莱特(601865.SH)  11.11 涨+0.0%  pb=+0.0%  评分-0.087
2026-08-05 09:30:04,227 [INFO] 
--- [09:30:04] ---
2026-08-05 09:30:04,227 [INFO] 持仓 603337.SH: 45.65 涨-0.6%  浮¥-203
2026-08-05 09:30:04,240 [INFO]   TPO3 1. 养元饮品(603156.SH)  44.50 涨-0.7%  pb=+0.7%  评分+0.612
2026-08-05 09:30:04,240 [INFO]   TPO3 2. 中国核建(601611.SH)  11.88 涨-2.0%  pb=+2.0%  评分+0.035
2026-08-05 09:30:04,240 [INFO]   TPO3 3. 福莱特(601865.SH)  11.14 涨+0.3%  pb=-0.3%  评分-0.092
2026-08-05 09:40:04,671 [INFO] 
--- [09:40:04] ---
2026-08-05 09:40:04,672 [INFO] 持仓 603337.SH: 44.99 涨-2.0%  浮¥-665
2026-08-05 09:40:04,739 [INFO]   TPO3 1. 养元饮品(603156.SH)  45.81 涨+2.3%  pb=-2.3%  评分+0.515
2026-08-05 09:40:04,739 [INFO]   TPO3 2. 中国核建(601611.SH)  11.82 涨-2.5%  pb=+2.5%  评分+0.130
2026-08-05 09:40:04,739 [INFO]   TPO3 3. 福莱特(601865.SH)  10.91 涨-1.8%  pb=+1.8%  评分-0.037
2026-08-05 09:50:00,158 [INFO] 
--- [09:50:00] ---
2026-08-05 09:50:00,158 [INFO] 持仓 603337.SH: 45.13 涨-1.7%  浮¥-567
2026-08-05 09:50:00,171 [INFO]   TPO3 1. 养元饮品(603156.SH)  45.65 涨+1.9%  pb=-1.9%  评分+0.544
2026-08-05 09:50:00,171 [INFO]   TPO3 2. 中国核建(601611.SH)  11.93 涨-1.6%  pb=+1.6%  评分+0.052
2026-08-05 09:50:00,171 [INFO]   TPO3 3. 福莱特(601865.SH)  10.94 涨-1.5%  pb=+1.5%  评分-0.061
2026-08-05 10:00:00,591 [INFO] 
--- [10:00:00] ---
2026-08-05 10:00:00,591 [INFO] 持仓 603337.SH: 45.88 涨-0.1%  浮¥-42
2026-08-05 10:00:00,602 [INFO]   TPO3 1. 养元饮品(603156.SH)  46.04 涨+2.8%  pb=-2.8%  评分+0.473
2026-08-05 10:00:00,602 [INFO]   TPO3 2. 中国核建(601611.SH)  11.87 涨-2.1%  pb=+2.1%  评分+0.094
2026-08-05 10:00:00,602 [INFO]   TPO3 3. 福莱特(601865.SH)  10.92 涨-1.7%  pb=+1.7%  评分-0.045
2026-08-05 10:10:00,990 [INFO] 
--- [10:10:00] ---
2026-08-05 10:10:00,990 [INFO] 持仓 603337.SH: 45.93 涨+0.0%  浮¥-7
2026-08-05 10:10:01,003 [INFO]   TPO3 1. 养元饮品(603156.SH)  45.90 涨+2.5%  pb=-2.5%  评分+0.498
2026-08-05 10:10:01,003 [INFO]   TPO3 2. 中国核建(601611.SH)  11.89 涨-1.9%  pb=+1.9%  评分+0.080
2026-08-05 10:10:01,003 [INFO]   TPO3 3. 福莱特(601865.SH)  10.92 涨-1.7%  pb=+1.7%  评分-0.045
2026-08-05 10:20:01,396 [INFO] 
--- [10:20:01] ---
2026-08-05 10:20:01,396 [INFO] 持仓 603337.SH: 46.32 涨+0.9%  浮¥+266
2026-08-05 10:20:01,408 [INFO]   TPO3 1. 养元饮品(603156.SH)  46.10 涨+2.9%  pb=-2.9%  评分+0.462
2026-08-05 10:20:01,408 [INFO]   TPO3 2. 中国核建(601611.SH)  11.91 涨-1.7%  pb=+1.7%  评分+0.066
2026-08-05 10:20:01,408 [INFO]   TPO3 3. 福莱特(601865.SH)  11.01 涨-0.9%  pb=+0.9%  评分-0.116
2026-08-05 10:30:01,789 [INFO] 
--- [10:30:01] ---
2026-08-05 10:30:01,789 [INFO] 持仓 603337.SH: 45.90 涨-0.0%  浮¥-28
2026-08-05 10:30:01,801 [INFO]   TPO3 1. 养元饮品(603156.SH)  45.92 涨+2.5%  pb=-2.5%  评分+0.495
2026-08-05 10:30:01,801 [INFO]   TPO3 2. 中国核建(601611.SH)  11.93 涨-1.6%  pb=+1.6%  评分+0.052
2026-08-05 10:30:01,801 [INFO]   TPO3 3. 福莱特(601865.SH)  11.00 涨-1.0%  pb=+1.0%  评分-0.108
2026-08-05 10:40:02,177 [INFO] 
--- [10:40:02] ---
2026-08-05 10:40:02,178 [INFO] 持仓 603337.SH: 46.40 涨+1.1%  浮¥+322
2026-08-05 10:40:02,187 [INFO]   TPO3 1. 养元饮品(603156.SH)  45.78 涨+2.2%  pb=-2.2%  评分+0.520
2026-08-05 10:40:02,187 [INFO]   TPO3 2. 中国核建(601611.SH)  11.87 涨-2.1%  pb=+2.1%  评分+0.094
2026-08-05 10:40:02,187 [INFO]   TPO3 3. 福莱特(601865.SH)  11.01 涨-0.9%  pb=+0.9%  评分-0.116
2026-08-05 10:50:02,588 [INFO] 
--- [10:50:02] ---
2026-08-05 10:50:02,588 [INFO] 持仓 603337.SH: 46.00 涨+0.2%  浮¥+42
2026-08-05 10:50:02,601 [INFO]   TPO3 1. 养元饮品(603156.SH)  45.90 涨+2.5%  pb=-2.5%  评分+0.498
2026-08-05 10:50:02,601 [INFO]   TPO3 2. 中国核建(601611.SH)  11.87 涨-2.1%  pb=+2.1%  评分+0.094
2026-08-05 10:50:02,601 [INFO]   TPO3 3. 福莱特(601865.SH)  10.96 涨-1.4%  pb=+1.4%  评分-0.077
2026-08-05 11:00:03,009 [INFO] 
--- [11:00:03] ---
2026-08-05 11:00:03,010 [INFO] 持仓 603337.SH: 45.93 涨+0.0%  浮¥-7
2026-08-05 11:00:03,024 [INFO]   TPO3 1. 养元饮品(603156.SH)  45.80 涨+2.2%  pb=-2.2%  评分+0.517
2026-08-05 11:00:03,024 [INFO]   TPO3 2. 中国核建(601611.SH)  11.85 涨-2.2%  pb=+2.2%  评分+0.108
2026-08-05 11:00:03,024 [INFO]   TPO3 3. 福莱特(601865.SH)  10.93 涨-1.6%  pb=+1.6%  评分-0.053
2026-08-05 11:10:03,397 [INFO] 
--- [11:10:03] ---
2026-08-05 11:10:03,398 [INFO] 持仓 603337.SH: 45.92 涨+0.0%  浮¥-14
2026-08-05 11:10:03,411 [INFO]   TPO3 1. 养元饮品(603156.SH)  46.06 涨+2.8%  pb=-2.8%  评分+0.469
2026-08-05 11:10:03,411 [INFO]   TPO3 2. 中国核建(601611.SH)  11.87 涨-2.1%  pb=+2.1%  评分+0.094
2026-08-05 11:10:03,411 [INFO]   TPO3 3. 福莱特(601865.SH)  10.97 涨-1.3%  pb=+1.3%  评分-0.085
2026-08-05 11:20:03,787 [INFO] 
--- [11:20:03] ---
2026-08-05 11:20:03,787 [INFO] 持仓 603337.SH: 46.03 涨+0.3%  浮¥+63
2026-08-05 11:20:03,799 [INFO]   TPO3 1. 养元饮品(603156.SH)  46.00 涨+2.7%  pb=-2.7%  评分+0.480
2026-08-05 11:20:03,799 [INFO]   TPO3 2. 中国核建(601611.SH)  11.87 涨-2.1%  pb=+2.1%  评分+0.094
2026-08-05 11:20:03,799 [INFO]   TPO3 3. 福莱特(601865.SH)  10.93 涨-1.6%  pb=+1.6%  评分-0.053
2026-08-05 11:30:04,165 [INFO] 
--- [11:30:04] ---
2026-08-05 11:30:04,165 [INFO] 持仓 603337.SH: 45.97 涨+0.1%  浮¥+21
2026-08-05 11:30:04,178 [INFO]   TPO3 1. 养元饮品(603156.SH)  45.87 涨+2.4%  pb=-2.4%  评分+0.504
2026-08-05 11:30:04,178 [INFO]   TPO3 2. 中国核建(601611.SH)  11.92 涨-1.7%  pb=+1.7%  评分+0.059
2026-08-05 11:30:04,178 [INFO]   TPO3 3. 福莱特(601865.SH)  10.93 涨-1.6%  pb=+1.6%  评分-0.053
2026-08-05 11:40:04,551 [INFO] 
--- [11:40:04] ---
2026-08-05 11:40:04,553 [INFO] 持仓 603337.SH: 45.97 涨+0.1%  浮¥+21
2026-08-05 11:40:04,565 [INFO]   TPO3 1. 养元饮品(603156.SH)  45.87 涨+2.4%  pb=-2.4%  评分+0.504
2026-08-05 11:40:04,565 [INFO]   TPO3 2. 中国核建(601611.SH)  11.92 涨-1.7%  pb=+1.7%  评分+0.059
2026-08-05 11:40:04,565 [INFO]   TPO3 3. 福莱特(601865.SH)  10.93 涨-1.6%  pb=+1.6%  评分-0.053
2026-08-05 11:50:04,955 [INFO] 
--- [11:50:04] ---
2026-08-05 11:50:04,957 [INFO] 持仓 603337.SH: 45.97 涨+0.1%  浮¥+21
2026-08-05 11:50:04,969 [INFO]   TPO3 1. 养元饮品(603156.SH)  45.87 涨+2.4%  pb=-2.4%  评分+0.504
2026-08-05 11:50:04,969 [INFO]   TPO3 2. 中国核建(601611.SH)  11.92 涨-1.7%  pb=+1.7%  评分+0.059
2026-08-05 11:50:04,969 [INFO]   TPO3 3. 福莱特(601865.SH)  10.93 涨-1.6%  pb=+1.6%  评分-0.053
2026-08-05 12:00:00,343 [INFO] 
--- [12:00:00] ---
2026-08-05 12:00:00,343 [INFO] 持仓 603337.SH: 45.97 涨+0.1%  浮¥+21
2026-08-05 12:00:00,357 [INFO]   TPO3 1. 养元饮品(603156.SH)  45.87 涨+2.4%  pb=-2.4%  评分+0.504
2026-08-05 12:00:00,357 [INFO]   TPO3 2. 中国核建(601611.SH)  11.92 涨-1.7%  pb=+1.7%  评分+0.059
2026-08-05 12:00:00,357 [INFO]   TPO3 3. 福莱特(601865.SH)  10.93 涨-1.6%  pb=+1.6%  评分-0.053
2026-08-05 12:10:00,801 [INFO] 
--- [12:10:00] ---
2026-08-05 12:10:00,802 [INFO] 持仓 603337.SH: 45.97 涨+0.1%  浮¥+21
2026-08-05 12:10:00,811 [INFO]   TPO3 1. 养元饮品(603156.SH)  45.87 涨+2.4%  pb=-2.4%  评分+0.504
2026-08-05 12:10:00,811 [INFO]   TPO3 2. 中国核建(601611.SH)  11.92 涨-1.7%  pb=+1.7%  评分+0.059
2026-08-05 12:10:00,811 [INFO]   TPO3 3. 福莱特(601865.SH)  10.93 涨-1.6%  pb=+1.6%  评分-0.053
2026-08-05 12:20:01,192 [INFO] 
--- [12:20:01] ---
2026-08-05 12:20:01,193 [INFO] 持仓 603337.SH: 45.97 涨+0.1%  浮¥+21
2026-08-05 12:20:01,206 [INFO]   TPO3 1. 养元饮品(603156.SH)  45.87 涨+2.4%  pb=-2.4%  评分+0.504
2026-08-05 12:20:01,207 [INFO]   TPO3 2. 中国核建(601611.SH)  11.92 涨-1.7%  pb=+1.7%  评分+0.059
2026-08-05 12:20:01,207 [INFO]   TPO3 3. 福莱特(601865.SH)  10.93 涨-1.6%  pb=+1.6%  评分-0.053
2026-08-05 12:30:01,605 [INFO] 
--- [12:30:01] ---
2026-08-05 12:30:01,605 [INFO] 持仓 603337.SH: 45.97 涨+0.1%  浮¥+21
2026-08-05 12:30:01,619 [INFO]   TPO3 1. 养元饮品(603156.SH)  45.87 涨+2.4%  pb=-2.4%  评分+0.504
2026-08-05 12:30:01,619 [INFO]   TPO3 2. 中国核建(601611.SH)  11.92 涨-1.7%  pb=+1.7%  评分+0.059
2026-08-05 12:30:01,619 [INFO]   TPO3 3. 福莱特(601865.SH)  10.93 涨-1.6%  pb=+1.6%  评分-0.053
2026-08-05 12:40:01,989 [INFO] 
--- [12:40:01] ---
2026-08-05 12:40:01,989 [INFO] 持仓 603337.SH: 45.97 涨+0.1%  浮¥+21
2026-08-05 12:40:01,999 [INFO]   TPO3 1. 养元饮品(603156.SH)  45.87 涨+2.4%  pb=-2.4%  评分+0.504
2026-08-05 12:40:01,999 [INFO]   TPO3 2. 中国核建(601611.SH)  11.92 涨-1.7%  pb=+1.7%  评分+0.059
2026-08-05 12:40:01,999 [INFO]   TPO3 3. 福莱特(601865.SH)  10.93 涨-1.6%  pb=+1.6%  评分-0.053
2026-08-05 12:50:02,328 [INFO] 
--- [12:50:02] ---
2026-08-05 12:50:02,328 [INFO] 持仓 603337.SH: 45.97 涨+0.1%  浮¥+21
2026-08-05 12:50:02,341 [INFO]   TPO3 1. 养元饮品(603156.SH)  45.87 涨+2.4%  pb=-2.4%  评分+0.504
2026-08-05 12:50:02,341 [INFO]   TPO3 2. 中国核建(601611.SH)  11.92 涨-1.7%  pb=+1.7%  评分+0.059
2026-08-05 12:50:02,341 [INFO]   TPO3 3. 福莱特(601865.SH)  10.93 涨-1.6%  pb=+1.6%  评分-0.053
2026-08-05 13:00:02,685 [INFO] 
--- [13:00:02] ---
2026-08-05 13:00:02,685 [INFO] 持仓 603337.SH: 45.97 涨+0.1%  浮¥+21
2026-08-05 13:00:02,697 [INFO]   TPO3 1. 养元饮品(603156.SH)  45.87 涨+2.4%  pb=-2.4%  评分+0.504
2026-08-05 13:00:02,697 [INFO]   TPO3 2. 中国核建(601611.SH)  11.92 涨-1.7%  pb=+1.7%  评分+0.059
2026-08-05 13:00:02,697 [INFO]   TPO3 3. 福莱特(601865.SH)  10.93 涨-1.6%  pb=+1.6%  评分-0.053
2026-08-05 13:10:02,963 [INFO] 
--- [13:10:02] ---
2026-08-05 13:10:02,965 [INFO] 持仓 603337.SH: 45.91 涨+0.0%  浮¥-21
2026-08-05 13:10:02,974 [INFO]   TPO3 1. 养元饮品(603156.SH)  45.67 涨+1.9%  pb=-1.9%  评分+0.540
2026-08-05 13:10:02,974 [INFO]   TPO3 2. 中国核建(601611.SH)  11.95 涨-1.4%  pb=+1.4%  评分+0.055
2026-08-05 13:10:02,974 [INFO]   TPO3 3. 福莱特(601865.SH)  10.92 涨-1.7%  pb=+1.7%  评分-0.045
2026-08-05 13:20:03,342 [INFO] 
--- [13:20:03] ---
2026-08-05 13:20:03,342 [INFO] 持仓 603337.SH: 46.01 涨+0.2%  浮¥+49
2026-08-05 13:20:03,353 [INFO]   TPO3 1. 养元饮品(603156.SH)  45.75 涨+2.1%  pb=-2.1%  评分+0.526
2026-08-05 13:20:03,353 [INFO]   TPO3 2. 中国核建(601611.SH)  11.93 涨-1.6%  pb=+1.6%  评分+0.069
2026-08-05 13:20:03,353 [INFO]   TPO3 3. 福莱特(601865.SH)  10.92 涨-1.7%  pb=+1.7%  评分-0.045
2026-08-05 13:30:03,640 [INFO] 
--- [13:30:03] ---
2026-08-05 13:30:03,640 [INFO] 持仓 603337.SH: 45.93 涨+0.0%  浮¥-7
2026-08-05 13:30:03,650 [INFO]   TPO3 1. 养元饮品(603156.SH)  45.60 涨+1.8%  pb=-1.8%  评分+0.553
2026-08-05 13:30:03,650 [INFO]   TPO3 2. 中国核建(601611.SH)  11.92 涨-1.7%  pb=+1.7%  评分+0.076
2026-08-05 13:30:03,650 [INFO]   TPO3 3. 福莱特(601865.SH)  10.93 涨-1.6%  pb=+1.6%  评分-0.053
2026-08-05 13:40:03,955 [INFO] 
--- [13:40:03] ---
2026-08-05 13:40:03,956 [INFO] 持仓 603337.SH: 45.90 涨-0.0%  浮¥-28
2026-08-05 13:40:03,967 [INFO]   TPO3 1. 养元饮品(603156.SH)  45.55 涨+1.7%  pb=-1.7%  评分+0.562
2026-08-05 13:40:03,968 [INFO]   TPO3 2. 中国核建(601611.SH)  12.00 涨-1.0%  pb=+1.0%  评分+0.019
2026-08-05 13:40:03,968 [INFO]   TPO3 3. 福莱特(601865.SH)  10.93 涨-1.6%  pb=+1.6%  评分-0.053
2026-08-05 13:50:04,216 [INFO] 
--- [13:50:04] ---
2026-08-05 13:50:04,217 [INFO] 持仓 603337.SH: 45.96 涨+0.1%  浮¥+14
2026-08-05 13:50:04,233 [INFO]   TPO3 1. 养元饮品(603156.SH)  45.43 涨+1.4%  pb=-1.4%  评分+0.584
2026-08-05 13:50:04,234 [INFO]   TPO3 2. 中国核建(601611.SH)  11.99 涨-1.1%  pb=+1.1%  评分+0.027
2026-08-05 13:50:04,234 [INFO]   TPO3 3. 福莱特(601865.SH)  10.90 涨-1.9%  pb=+1.9%  评分-0.029
2026-08-05 14:00:04,588 [INFO] 
--- [14:00:04] ---
2026-08-05 14:00:04,589 [INFO] 持仓 603337.SH: 46.03 涨+0.3%  浮¥+63
2026-08-05 14:00:04,601 [INFO]   TPO3 1. 养元饮品(603156.SH)  45.40 涨+1.3%  pb=-1.3%  评分+0.589
2026-08-05 14:00:04,601 [INFO]   TPO3 2. 中国核建(601611.SH)  11.98 涨-1.2%  pb=+1.2%  评分+0.034
2026-08-05 14:00:04,602 [INFO]   TPO3 3. 福莱特(601865.SH)  10.89 涨-2.0%  pb=+2.0%  评分-0.021
2026-08-05 14:10:04,995 [INFO] 
--- [14:10:04] ---
2026-08-05 14:10:04,996 [INFO] 持仓 603337.SH: 45.85 涨-0.1%  浮¥-63
2026-08-05 14:10:05,008 [INFO]   TPO3 1. 养元饮品(603156.SH)  45.32 涨+1.2%  pb=-1.2%  评分+0.604
2026-08-05 14:10:05,008 [INFO]   TPO3 2. 福莱特(601865.SH)  10.87 涨-2.2%  pb=+2.2%  评分-0.015
2026-08-05 14:10:05,008 [INFO]   TPO3 3. 中国核建(601611.SH)  12.52 涨+3.3%  pb=-3.3%  评分-0.037
2026-08-05 14:20:00,426 [INFO] 
--- [14:20:00] ---
2026-08-05 14:20:00,426 [INFO] 持仓 603337.SH: 45.67 涨-0.5%  浮¥-189
2026-08-05 14:20:00,438 [INFO]   TPO3 1. 养元饮品(603156.SH)  45.01 涨+0.5%  pb=-0.5%  评分+0.660
2026-08-05 14:20:00,438 [INFO]   TPO3 2. 福莱特(601865.SH)  10.86 涨-2.3%  pb=+2.3%  评分-0.007
2026-08-05 14:20:00,438 [INFO]   TPO3 3. 中国核建(601611.SH)  12.82 涨+5.8%  pb=-5.8%  评分-0.031
2026-08-05 14:30:00,842 [INFO] 
--- [14:30:00] ---
2026-08-05 14:30:00,842 [INFO] 持仓 603337.SH: 46.01 涨+0.2%  浮¥+49
2026-08-05 14:30:00,851 [INFO]   TPO3 1. 养元饮品(603156.SH)  44.88 涨+0.2%  pb=-0.2%  评分+0.684
2026-08-05 14:30:00,851 [INFO]   TPO3 2. 中国核建(601611.SH)  12.76 涨+5.3%  pb=-5.3%  评分+0.012
2026-08-05 14:30:00,852 [INFO]   TPO3 3. 福莱特(601865.SH)  10.89 涨-2.0%  pb=+2.0%  评分-0.031
2026-08-05 14:40:01,240 [INFO] 
--- [14:40:01] ---
2026-08-05 14:40:01,241 [INFO] 持仓 603337.SH: 46.10 涨+0.4%  浮¥+112
2026-08-05 14:40:01,255 [INFO]   TPO3 1. 养元饮品(603156.SH)  44.85 涨+0.1%  pb=-0.1%  评分+0.689
2026-08-05 14:40:01,255 [INFO]   TPO3 2. 中国核建(601611.SH)  12.73 涨+5.0%  pb=-5.0%  评分+0.033
2026-08-05 14:40:01,255 [INFO]   TPO3 3. 福莱特(601865.SH)  10.87 涨-2.2%  pb=+2.2%  评分-0.015
2026-08-05 14:50:01,658 [INFO] 
--- [14:50:01] ---
2026-08-05 14:50:01,659 [INFO] 持仓 603337.SH: 46.18 涨+0.6%  浮¥+168
2026-08-05 14:50:01,672 [INFO]   TPO3 1. 养元饮品(603156.SH)  45.01 涨+0.5%  pb=-0.5%  评分+0.660
2026-08-05 14:50:01,672 [INFO]   TPO3 2. 中国核建(601611.SH)  12.71 涨+4.9%  pb=-4.9%  评分+0.047
2026-08-05 14:50:01,672 [INFO]   TPO3 3. 福莱特(601865.SH)  10.88 涨-2.1%  pb=+2.1%  评分-0.023
2026-08-05 14:55:01,867 [INFO] 
⏰ 14:55 未触发信号, 主动收盘卖出 @46.17
2026-08-05 14:55:01,868 [INFO]   卖出尝试 1/5: 603337.SH 700股 @46.17
2026-08-05 14:55:01,930 [INFO]   下单ID: 1477443590
2026-08-05 14:55:06,935 [INFO]   未成交, 撤单...
2026-08-05 14:55:06,994 [INFO]   已撤单 #1477443590
2026-08-05 14:55:07,997 [ERROR] 异常: float() argument must be a string or a real number, not 'list'
Traceback (most recent call last):
  File "C:\Lazy\MarcoAI\AICode\AITrading\auto_trade_0805.py", line 384, in main
    sold = True
                
  File "C:\Lazy\MarcoAI\AICode\AITrading\auto_trade_0805.py", line 300, in smart_sell
TypeError: float() argument must be a string or a real number, not 'list'
