2026-08-04 14:00:45,197 | ============================================================
2026-08-04 14:00:45,197 | 311策略 尾盘集合竞价自动买入
2026-08-04 14:00:45,197 | 日期: 2026-08-04
2026-08-04 14:00:45,197 | 候选: 协鑫能科(002015.SZ), 卧龙电驱(600580.SH), 用友网络(600588.SH), 东阳光(600673.SH), 杰克科技(603337.SH)
2026-08-04 14:00:45,197 | ============================================================
2026-08-04 14:00:45,199 | 正在预计算ATR/MA5...
2026-08-04 14:00:45,202 |   协鑫能科: ATR10=1.166 MA5=14.54
2026-08-04 14:00:45,204 |   卧龙电驱: ATR10=1.454 MA5=30.74
2026-08-04 14:00:45,209 |   用友网络: ATR10=0.597 MA5=10.32
2026-08-04 14:00:45,211 |   东阳光: ATR10=2.485 MA5=27.92
2026-08-04 14:00:45,214 |   杰克科技: ATR10=2.132 MA5=41.28
2026-08-04 14:00:45,214 | 正在连接MiniQMT交易...
2026-08-04 14:00:45,313 | ✅ 交易连接OK | 可用资金: ¥36,351 | 总资产: ¥36,351
2026-08-04 14:00:45,313 | 开始监控，每10分钟反馈 | 目标: 14:56:30最终决策 → 14:57:01集合竞价买入
2026-08-04 14:00:45,314 | 
2026-08-04 14:00:45,320 | 
2026-08-04 14:00:45,320 | ======================================================================
2026-08-04 14:00:45,320 |   [14:00:45] 定期报告
2026-08-04 14:00:45,321 | ======================================================================
2026-08-04 14:00:45,321 |   💰 账户: 可用¥36,351 | 总资产¥36,351 | 市值¥0
2026-08-04 14:00:45,322 |   📦 当前持仓: 1只
2026-08-04 14:00:45,322 |      159915.SZ: 0股 成本¥0.00 现价¥3.52 盈+0.0%
2026-08-04 14:00:45,322 | 
2026-08-04 14:00:45,322 |   --- 候选股评分 ---
2026-08-04 14:00:45,323 | 代码             名称            现价      涨幅     回踩%   bear   bull       评分
2026-08-04 14:00:45,323 | ---------------------------------------------------------------------------
2026-08-04 14:00:45,323 | 603337.SH      杰克科技       46.10  -0.45%  +0.45%  0.61  0.36  +5.530
2026-08-04 14:00:45,323 | 600580.SH      卧龙电驱       34.87  +1.04%  -1.04%  1.31  0.32  +4.605
2026-08-04 14:00:45,323 | 600588.SH      用友网络       11.36  +1.43%  -1.43%  0.00  0.87  +3.484
2026-08-04 14:00:45,323 | 002015.SZ      协鑫能科       16.15  +3.13%  -3.13%  0.03  0.48  +2.216
2026-08-04 14:00:45,323 | 600673.SH      东阳光        32.15  +9.99%  -9.99% -0.26  1.18  -1.964
2026-08-04 14:00:45,323 |   → 当前TOP: 杰克科技(603337.SH) 评分+5.530 现价46.10 pb=+0.5% bear=0.6 bull=0.4
2026-08-04 14:00:45,323 | ======================================================================
2026-08-04 14:10:00,684 | 
2026-08-04 14:10:00,684 | ======================================================================
2026-08-04 14:10:00,685 |   [14:10:00] 定期报告
2026-08-04 14:10:00,685 | ======================================================================
2026-08-04 14:10:00,685 |   💰 账户: 可用¥36,351 | 总资产¥36,351 | 市值¥0
2026-08-04 14:10:00,686 |   📦 当前持仓: 1只
2026-08-04 14:10:00,686 |      159915.SZ: 0股 成本¥0.00 现价¥3.53 盈+0.0%
2026-08-04 14:10:00,687 | 
2026-08-04 14:10:00,687 |   --- 候选股评分 ---
2026-08-04 14:10:00,687 | 代码             名称            现价      涨幅     回踩%   bear   bull       评分
2026-08-04 14:10:00,687 | ---------------------------------------------------------------------------
2026-08-04 14:10:00,687 | 603337.SH      杰克科技       46.10  -0.45%  +0.45%  0.61  0.36  +5.530
2026-08-04 14:10:00,687 | 600580.SH      卧龙电驱       34.87  +1.04%  -1.04%  1.31  0.32  +4.605
2026-08-04 14:10:00,687 | 600588.SH      用友网络       11.39  +1.70%  -1.70%  0.00  0.87  +3.366
2026-08-04 14:10:00,687 | 002015.SZ      协鑫能科       16.15  +3.13%  -3.13%  0.03  0.48  +2.216
2026-08-04 14:10:00,687 | 600673.SH      东阳光        32.15  +9.99%  -9.99% -0.26  1.18  -1.964
2026-08-04 14:10:00,688 |   → 当前TOP: 杰克科技(603337.SH) 评分+5.530 现价46.10 pb=+0.5% bear=0.6 bull=0.4
2026-08-04 14:10:00,688 | ======================================================================
2026-08-04 14:20:01,102 | 
2026-08-04 14:20:01,102 | ======================================================================
2026-08-04 14:20:01,102 |   [14:20:01] 定期报告
2026-08-04 14:20:01,103 | ======================================================================
2026-08-04 14:20:01,104 |   💰 账户: 可用¥36,351 | 总资产¥36,351 | 市值¥0
2026-08-04 14:20:01,106 |   📦 当前持仓: 1只
2026-08-04 14:20:01,106 |      159915.SZ: 0股 成本¥0.00 现价¥3.51 盈+0.0%
2026-08-04 14:20:01,107 | 
2026-08-04 14:20:01,108 |   --- 候选股评分 ---
2026-08-04 14:20:01,108 | 代码             名称            现价      涨幅     回踩%   bear   bull       评分
2026-08-04 14:20:01,108 | ---------------------------------------------------------------------------
2026-08-04 14:20:01,108 | 603337.SH      杰克科技       46.05  -0.56%  +0.56%  0.61  0.36  +5.576
2026-08-04 14:20:01,108 | 600580.SH      卧龙电驱       34.76  +0.72%  -0.72%  1.31  0.32  +4.741
2026-08-04 14:20:01,108 | 600588.SH      用友网络       11.34  +1.25%  -1.25%  0.00  0.87  +3.563
2026-08-04 14:20:01,109 | 002015.SZ      协鑫能科       16.06  +2.55%  -2.55%  0.03  0.48  +2.472
2026-08-04 14:20:01,109 | 600673.SH      东阳光        32.13  +9.92%  -9.92% -0.26  1.18  -1.933
2026-08-04 14:20:01,109 |   → 当前TOP: 杰克科技(603337.SH) 评分+5.576 现价46.05 pb=+0.6% bear=0.6 bull=0.4
2026-08-04 14:20:01,110 | ======================================================================
2026-08-04 14:30:01,635 | 
2026-08-04 14:30:01,635 | ======================================================================
2026-08-04 14:30:01,635 |   [14:30:01] 定期报告
2026-08-04 14:30:01,636 | ======================================================================
2026-08-04 14:30:01,637 |   💰 账户: 可用¥36,351 | 总资产¥36,351 | 市值¥0
2026-08-04 14:30:01,639 |   📦 当前持仓: 1只
2026-08-04 14:30:01,639 |      159915.SZ: 0股 成本¥0.00 现价¥3.52 盈+0.0%
2026-08-04 14:30:01,640 | 
2026-08-04 14:30:01,640 |   --- 候选股评分 ---
2026-08-04 14:30:01,640 | 代码             名称            现价      涨幅     回踩%   bear   bull       评分
2026-08-04 14:30:01,640 | ---------------------------------------------------------------------------
2026-08-04 14:30:01,641 | 603337.SH      杰克科技       46.03  -0.60%  +0.60%  0.61  0.36  +5.594
2026-08-04 14:30:01,641 | 600580.SH      卧龙电驱       35.51  +2.90%  -2.90%  1.31  1.02  +4.049
2026-08-04 14:30:01,641 | 600588.SH      用友网络       11.34  +1.25%  -1.25%  0.00  0.87  +3.563
2026-08-04 14:30:01,641 | 002015.SZ      协鑫能科       16.12  +2.94%  -2.94%  0.03  0.48  +2.302
2026-08-04 14:30:01,641 | 600673.SH      东阳光        32.15  +9.99%  -9.99% -0.26  1.18  -1.964
2026-08-04 14:30:01,641 |   → 当前TOP: 杰克科技(603337.SH) 评分+5.594 现价46.03 pb=+0.6% bear=0.6 bull=0.4
2026-08-04 14:30:01,642 | ======================================================================
2026-08-04 14:40:02,076 | 
2026-08-04 14:40:02,076 | ======================================================================
2026-08-04 14:40:02,077 |   [14:40:02] 定期报告
2026-08-04 14:40:02,077 | ======================================================================
2026-08-04 14:40:02,078 |   💰 账户: 可用¥36,351 | 总资产¥36,351 | 市值¥0
2026-08-04 14:40:02,080 |   📦 当前持仓: 1只
2026-08-04 14:40:02,080 |      159915.SZ: 0股 成本¥0.00 现价¥3.50 盈+0.0%
2026-08-04 14:40:02,081 | 
2026-08-04 14:40:02,081 |   --- 候选股评分 ---
2026-08-04 14:40:02,081 | 代码             名称            现价      涨幅     回踩%   bear   bull       评分
2026-08-04 14:40:02,082 | ---------------------------------------------------------------------------
2026-08-04 14:40:02,082 | 603337.SH      杰克科技       45.97  -0.73%  +0.73%  0.61  0.36  +5.649
2026-08-04 14:40:02,082 | 600580.SH      卧龙电驱       35.36  +2.46%  -2.46%  1.31  1.02  +4.234
2026-08-04 14:40:02,082 | 600588.SH      用友网络       11.33  +1.16%  -1.16%  0.00  0.87  +3.602
2026-08-04 14:40:02,083 | 002015.SZ      协鑫能科       16.06  +2.55%  -2.55%  0.03  0.48  +2.472
2026-08-04 14:40:02,083 | 600673.SH      东阳光        32.14  +9.96%  -9.96% -0.26  1.18  -1.949
2026-08-04 14:40:02,083 |   → 当前TOP: 杰克科技(603337.SH) 评分+5.649 现价45.97 pb=+0.7% bear=0.6 bull=0.4
2026-08-04 14:40:02,083 | ======================================================================
2026-08-04 14:50:02,501 | 
2026-08-04 14:50:02,501 | ======================================================================
2026-08-04 14:50:02,502 |   [14:50:02] 定期报告
2026-08-04 14:50:02,502 | ======================================================================
2026-08-04 14:50:02,503 |   💰 账户: 可用¥36,351 | 总资产¥36,351 | 市值¥0
2026-08-04 14:50:02,504 |   📦 当前持仓: 1只
2026-08-04 14:50:02,505 |      159915.SZ: 0股 成本¥0.00 现价¥3.50 盈+0.0%
2026-08-04 14:50:02,506 | 
2026-08-04 14:50:02,506 |   --- 候选股评分 ---
2026-08-04 14:50:02,506 | 代码             名称            现价      涨幅     回踩%   bear   bull       评分
2026-08-04 14:50:02,506 | ---------------------------------------------------------------------------
2026-08-04 14:50:02,506 | 603337.SH      杰克科技       45.99  -0.69%  +0.69%  0.61  0.36  +5.631
2026-08-04 14:50:02,506 | 600580.SH      卧龙电驱       35.52  +2.93%  -2.93%  1.31  1.02  +4.037
2026-08-04 14:50:02,507 | 600588.SH      用友网络       11.35  +1.34%  -1.34%  0.00  0.87  +3.524
2026-08-04 14:50:02,507 | 002015.SZ      协鑫能科       16.08  +2.68%  -2.68%  0.03  0.48  +2.415
2026-08-04 14:50:02,507 | 600673.SH      东阳光        32.15  +9.99%  -9.99% -0.26  1.18  -1.964
2026-08-04 14:50:02,507 |   → 当前TOP: 杰克科技(603337.SH) 评分+5.631 现价45.99 pb=+0.7% bear=0.6 bull=0.4
2026-08-04 14:50:02,507 | ======================================================================
2026-08-04 14:56:32,806 | 
2026-08-04 14:56:32,806 | ============================================================
2026-08-04 14:56:32,807 | ⏰ 14:56:30 最终决策
2026-08-04 14:56:32,807 | ============================================================
2026-08-04 14:56:33,810 | 代码             名称            现价      涨幅     回踩%   bear   bull       评分
2026-08-04 14:56:33,811 | ---------------------------------------------------------------------------
2026-08-04 14:56:33,811 | 603337.SH      杰克科技       45.97  -0.73%  +0.73%  0.61  0.36  +5.649
2026-08-04 14:56:33,811 | 600580.SH      卧龙电驱       35.68  +3.39%  -3.39%  1.31  1.02  +3.840
2026-08-04 14:56:33,811 | 600588.SH      用友网络       11.37  +1.52%  -1.52%  0.00  0.87  +3.445
2026-08-04 14:56:33,811 | 002015.SZ      协鑫能科       16.11  +2.87%  -2.87%  0.03  0.48  +2.330
2026-08-04 14:56:33,811 | 600673.SH      东阳光        32.15  +9.99%  -9.99% -0.26  1.18  -1.964
2026-08-04 14:56:33,812 | 
2026-08-04 14:56:33,812 | 🏆 最终选择: 杰克科技(603337.SH)
2026-08-04 14:56:33,812 |    评分: +5.649
2026-08-04 14:56:33,812 |    现价: 45.97
2026-08-04 14:56:33,812 |    昨收: 46.31
2026-08-04 14:56:33,812 |    最高: 47.08  最低: 45.00
2026-08-04 14:56:33,813 |    pb=+0.7% bear=0.6 bull=0.4
2026-08-04 14:56:33,813 | 
2026-08-04 14:56:33,813 | 📊 下单参数:
2026-08-04 14:56:33,813 |    挂单价: ¥46.43 (现价46.43 vs 涨停50.94)
2026-08-04 14:56:33,813 |    股数:   700股
2026-08-04 14:56:33,813 |    预估金额: ¥32,501
2026-08-04 14:56:33,813 |    PREMIUM:  +1.0%
2026-08-04 14:56:33,813 | 
2026-08-04 14:56:33,813 | ⏳ 等待 14:57:01 集合竞价开始...
2026-08-04 14:57:01,082 | 🚀 正在提交买入: 603337.SH 700股 @ 46.43
2026-08-04 14:57:01,150 | ✅ 订单已提交! ID=1209008129
2026-08-04 14:57:01,150 |    代码: 603337.SH 杰克科技
2026-08-04 14:57:01,152 |    价格: ¥46.43
2026-08-04 14:57:01,152 |    数量: 700股
2026-08-04 14:57:01,152 |    金额: ≈¥32,501
2026-08-04 14:57:04,154 |    ⏳ 待成交(集合竞价15:00统一撮合)
2026-08-04 14:57:09,157 |    委托状态: 已报 (700股 @ ¥46.43)
2026-08-04 14:57:09,158 | 日志已保存: C:\Lazy\MarcoAI\AICode\AITrading\auto_buy_20260804_140045.log
